[0.006s] Invoking command in '/home/mia/data/Project_Backup/cylinder_project/build/orbbec_camera': AMENT_PREFIX_PATH=/home/mia/data/Project_Backup/cylinder_project/install/orbbec_camera_msgs:${AMENT_PREFIX_PATH} CMAKE_PREFIX_PATH=/home/mia/data/Project_Backup/cylinder_project/install/orbbec_camera_msgs:/opt/ros/humble LD_LIBRARY_PATH=/home/mia/data/Project_Backup/cylinder_project/install/orbbec_camera_msgs/lib:${LD_LIBRARY_PATH} PYTHONPATH=/home/mia/data/Project_Backup/cylinder_project/install/orbbec_camera_msgs/local/lib/python3.10/dist-packages:${PYTHONPATH} /usr/bin/cmake /home/mia/data/Project_Backup/cylinder_project/src/OrbbecSDK_ROS2-2-main/orbbec_camera -DCMAKE_INSTALL_PREFIX=/home/mia/data/Project_Backup/cylinder_project/install/orbbec_camera
[0.044s] -- The C compiler identification is GNU 11.4.0
[0.085s] -- The CXX compiler identification is GNU 11.4.0
[0.091s] -- Detecting C compiler ABI info
[0.140s] -- Detecting C compiler ABI info - done
[0.147s] -- Check for working C compiler: /usr/bin/cc - skipped
[0.147s] -- Detecting C compile features
[0.147s] -- Detecting C compile features - done
[0.149s] -- Detecting CXX compiler ABI info
[0.208s] -- Detecting CXX compiler ABI info - done
[0.215s] -- Check for working CXX compiler: /usr/bin/c++ - skipped
[0.215s] -- Detecting CXX compile features
[0.215s] -- Detecting CXX compile features - done
[0.217s] -- Found ament_cmake: 1.3.12 (/opt/ros/humble/share/ament_cmake/cmake)
[0.335s] -- Found Python3: /usr/bin/python3 (found version "3.10.12") found components: Interpreter 
[0.405s] -- Found ament_index_cpp: 1.4.0 (/opt/ros/humble/share/ament_index_cpp/cmake)
[0.413s] -- Found builtin_interfaces: 1.2.2 (/opt/ros/humble/share/builtin_interfaces/cmake)
[0.439s] -- Found rosidl_generator_c: 3.1.8 (/opt/ros/humble/share/rosidl_generator_c/cmake)
[0.443s] -- Found rosidl_adapter: 3.1.8 (/opt/ros/humble/share/rosidl_adapter/cmake)
[0.450s] -- Found rosidl_generator_cpp: 3.1.8 (/opt/ros/humble/share/rosidl_generator_cpp/cmake)
[0.459s] -- Using all available rosidl_typesupport_c: rosidl_typesupport_fastrtps_c;rosidl_typesupport_introspection_c
[0.473s] -- Using all available rosidl_typesupport_cpp: rosidl_typesupport_fastrtps_cpp;rosidl_typesupport_introspection_cpp
[0.485s] -- Found cv_bridge: 3.2.1 (/opt/ros/humble/share/cv_bridge/cmake)
[0.536s] -- Found camera_info_manager: 3.1.13 (/opt/ros/humble/share/camera_info_manager/cmake)
[0.571s] -- Found rmw_implementation_cmake: 6.1.2 (/opt/ros/humble/share/rmw_implementation_cmake/cmake)
[0.573s] -- Found rmw_cyclonedds_cpp: 1.3.4 (/opt/ros/humble/share/rmw_cyclonedds_cpp/cmake)
[0.591s] -- Using RMW implementation 'rmw_cyclonedds_cpp' as default
[0.597s] -- Looking for pthread.h
[0.678s] -- Looking for pthread.h - found
[0.678s] -- Performing Test CMAKE_HAVE_LIBC_PTHREAD
[0.767s] -- Performing Test CMAKE_HAVE_LIBC_PTHREAD - Success
[0.768s] -- Found Threads: TRUE  
[0.812s] -- Found image_transport: 3.1.13 (/opt/ros/humble/share/image_transport/cmake)
[0.844s] -- Found image_publisher: 3.0.9 (/opt/ros/humble/share/image_publisher/cmake)
[0.872s] -- Found OpenCV: /usr (found version "4.5.4") 
[0.872s] -- Found orbbec_camera_msgs: 2.9.3 (/home/mia/data/Project_Backup/cylinder_project/install/orbbec_camera_msgs/share/orbbec_camera_msgs/cmake)
[0.888s] -- Found std_srvs: 4.9.0 (/opt/ros/humble/share/std_srvs/cmake)
[0.902s] -- Found tf2: 0.25.18 (/opt/ros/humble/share/tf2/cmake)
[0.907s] -- Found tf2_msgs: 0.25.18 (/opt/ros/humble/share/tf2_msgs/cmake)
[0.954s] -- Found tf2_ros: 0.25.18 (/opt/ros/humble/share/tf2_ros/cmake)
[0.974s] -- Found tf2_sensor_msgs: 0.25.18 (/opt/ros/humble/share/tf2_sensor_msgs/cmake)
[0.982s] -- Found diagnostic_updater: 4.0.7 (/opt/ros/humble/share/diagnostic_updater/cmake)
[1.009s] -- Found PkgConfig: /usr/bin/pkg-config (found version "0.29.2") 
[1.045s] -- Found OpenSSL: /usr/lib/x86_64-linux-gnu/libcrypto.so (found version "3.0.2")  
[1.048s] -- ORRBEC Machine : x86_64
[1.048s] 
[1.048s] -- ORRBEC Machine Bits : 64
[1.048s] 
[1.217s] -- Found ament_lint_auto: 0.12.14 (/opt/ros/humble/share/ament_lint_auto/cmake)
[1.274s] -- Configuring done
[1.492s] -- Generating done
[1.543s] -- Build files have been written to: /home/mia/data/Project_Backup/cylinder_project/build/orbbec_camera
[1.553s] Invoked command in '/home/mia/data/Project_Backup/cylinder_project/build/orbbec_camera' returned '0': AMENT_PREFIX_PATH=/home/mia/data/Project_Backup/cylinder_project/install/orbbec_camera_msgs:${AMENT_PREFIX_PATH} CMAKE_PREFIX_PATH=/home/mia/data/Project_Backup/cylinder_project/install/orbbec_camera_msgs:/opt/ros/humble LD_LIBRARY_PATH=/home/mia/data/Project_Backup/cylinder_project/install/orbbec_camera_msgs/lib:${LD_LIBRARY_PATH} PYTHONPATH=/home/mia/data/Project_Backup/cylinder_project/install/orbbec_camera_msgs/local/lib/python3.10/dist-packages:${PYTHONPATH} /usr/bin/cmake /home/mia/data/Project_Backup/cylinder_project/src/OrbbecSDK_ROS2-2-main/orbbec_camera -DCMAKE_INSTALL_PREFIX=/home/mia/data/Project_Backup/cylinder_project/install/orbbec_camera
[1.555s] Invoking command in '/home/mia/data/Project_Backup/cylinder_project/build/orbbec_camera': AMENT_PREFIX_PATH=/home/mia/data/Project_Backup/cylinder_project/install/orbbec_camera_msgs:${AMENT_PREFIX_PATH} CMAKE_PREFIX_PATH=/home/mia/data/Project_Backup/cylinder_project/install/orbbec_camera_msgs:/opt/ros/humble LD_LIBRARY_PATH=/home/mia/data/Project_Backup/cylinder_project/install/orbbec_camera_msgs/lib:${LD_LIBRARY_PATH} PYTHONPATH=/home/mia/data/Project_Backup/cylinder_project/install/orbbec_camera_msgs/local/lib/python3.10/dist-packages:${PYTHONPATH} /usr/bin/cmake --build /home/mia/data/Project_Backup/cylinder_project/build/orbbec_camera -- -j16 -l16
[1.598s] [  2%] [32mBuilding CXX object CMakeFiles/frame_latency_node.dir/rclcpp_components/node_main_frame_latency_node.cpp.o[0m
[1.598s] [  4%] [32mBuilding CXX object CMakeFiles/orbbec_camera_node.dir/rclcpp_components/node_main_orbbec_camera_node.cpp.o[0m
[1.598s] [ 10%] [32mBuilding CXX object CMakeFiles/frame_latency.dir/tools/frame_latency.cpp.o[0m
[1.598s] [ 10%] [32mBuilding CXX object CMakeFiles/start_benchmark_node.dir/rclcpp_components/node_main_start_benchmark_node.cpp.o[0m
[1.598s] [ 10%] [32mBuilding CXX object CMakeFiles/multi_save_rgbir_node.dir/rclcpp_components/node_main_multi_save_rgbir_node.cpp.o[0m
[1.598s] [ 12%] [32mBuilding CXX object CMakeFiles/start_benchmark.dir/tools/start_benchmark.cpp.o[0m
[1.598s] [ 16%] [32mBuilding CXX object CMakeFiles/orbbec_camera.dir/src/d2c_viewer.cpp.o[0m
[1.598s] [ 16%] [32mBuilding CXX object CMakeFiles/multi_save_rgbir.dir/tools/multi_save_rgbir.cpp.o[0m
[1.598s] [ 22%] [32mBuilding CXX object CMakeFiles/multi_save_rgbir.dir/src/utils.cpp.o[0m
[1.599s] [ 22%] [32mBuilding CXX object CMakeFiles/orbbec_camera.dir/src/image_publisher.cpp.o[0m
[1.599s] [ 22%] [32mBuilding CXX object CMakeFiles/orbbec_camera.dir/src/dynamic_params.cpp.o[0m
[1.599s] [ 24%] [32mBuilding CXX object CMakeFiles/orbbec_camera.dir/src/ob_camera_node_driver.cpp.o[0m
[1.599s] [ 26%] [32mBuilding CXX object CMakeFiles/orbbec_camera.dir/src/frame_timestamp_csv_logger.cpp.o[0m
[1.599s] [ 28%] [32mBuilding CXX object CMakeFiles/orbbec_camera.dir/src/ob_camera_node.cpp.o[0m
[1.599s] [ 30%] [32mBuilding CXX object CMakeFiles/orbbec_camera.dir/src/ob_lidar_node.cpp.o[0m
[1.607s] [ 32%] [32mBuilding CXX object CMakeFiles/orbbec_camera.dir/src/ros_param_backend.cpp.o[0m
[8.007s] [ 34%] [32mBuilding CXX object CMakeFiles/orbbec_camera.dir/src/ros_service.cpp.o[0m
[8.621s] [ 36%] [32m[1mLinking CXX executable frame_latency_node[0m
[8.955s] [ 36%] Built target frame_latency_node
[8.969s] [ 38%] [32mBuilding CXX object CMakeFiles/orbbec_camera.dir/src/synced_imu_publisher.cpp.o[0m
[9.055s] [ 40%] [32m[1mLinking CXX executable start_benchmark_node[0m
[9.191s] [ 42%] [32m[1mLinking CXX executable orbbec_camera_node[0m
[9.363s] [ 42%] Built target start_benchmark_node
[9.393s] [ 44%] [32mBuilding CXX object CMakeFiles/orbbec_camera.dir/src/utils.cpp.o[0m
[9.555s] [ 46%] [32m[1mLinking CXX executable multi_save_rgbir_node[0m
[9.597s] [ 46%] Built target orbbec_camera_node
[9.632s] [ 48%] [32mBuilding CXX object CMakeFiles/orbbec_camera.dir/src/jpeg_decoder.cpp.o[0m
[9.824s] [ 48%] Built target multi_save_rgbir_node
[34.580s] [ 50%] [32m[1mLinking CXX shared library libstart_benchmark.so[0m
[34.814s] [ 50%] Built target start_benchmark
[36.563s] [ 52%] [32m[1mLinking CXX shared library libmulti_save_rgbir.so[0m
[37.174s] [ 52%] Built target multi_save_rgbir
[43.549s] [ 54%] [32m[1mLinking CXX shared library libframe_latency.so[0m
[43.908s] [ 54%] Built target frame_latency
[60.767s] [ 56%] [32m[1mLinking CXX shared library liborbbec_camera.so[0m
[61.312s] [ 56%] Built target orbbec_camera
[61.330s] [ 60%] [32mBuilding CXX object CMakeFiles/firmware_update_tool.dir/tools/firmware_update_tool.cpp.o[0m
[61.330s] [ 60%] [32mBuilding CXX object CMakeFiles/ip_config_tool.dir/tools/ip_config_tool.cpp.o[0m
[61.330s] [ 62%] [32mBuilding CXX object CMakeFiles/435le_example_node.dir/examples/Gemini_435Le_example_node/camera_example_node.cpp.o[0m
[61.330s] [ 64%] [32mBuilding CXX object CMakeFiles/image_sync_example_node.dir/examples/multi_camera_time_sync/image_sync_example_node.cpp.o[0m
[61.330s] [ 66%] [32mBuilding CXX object CMakeFiles/service_benchmark_node.dir/scripts/service_benchmark_node.cpp.o[0m
[61.331s] [ 68%] [32mBuilding CXX object CMakeFiles/list_depth_work_mode_node.dir/tools/list_depth_work_mode.cpp.o[0m
[61.333s] [ 70%] [32mBuilding CXX object CMakeFiles/list_devices_node.dir/tools/list_devices_node.cpp.o[0m
[61.333s] [ 72%] [32mBuilding CXX object CMakeFiles/list_camera_profile_mode_node.dir/tools/list_camera_profile.cpp.o[0m
[61.334s] [ 74%] [32mBuilding CXX object CMakeFiles/topic_statistics_node.dir/tools/topic_statistics.cpp.o[0m
[61.334s] [ 76%] [32mBuilding CXX object CMakeFiles/set_device_ip.dir/tools/ip_config_tool.cpp.o[0m
[61.335s] [ 78%] [32mBuilding CXX object CMakeFiles/ob_benchmark_node.dir/tools/ob_benchmark.cpp.o[0m
[69.668s] [ 80%] [32m[1mLinking CXX executable firmware_update_tool[0m
[70.720s] [ 80%] Built target firmware_update_tool
[73.189s] [ 82%] [32m[1mLinking CXX executable set_device_ip[0m
[73.413s] [ 84%] [32m[1mLinking CXX executable ip_config_tool[0m
[73.663s] [ 86%] [32m[1mLinking CXX executable list_camera_profile_mode_node[0m
[74.110s] [ 86%] Built target set_device_ip
[74.324s] [ 86%] Built target ip_config_tool
[74.515s] [ 86%] Built target list_camera_profile_mode_node
[76.406s] [ 88%] [32m[1mLinking CXX executable list_depth_work_mode_node[0m
[76.600s] [ 88%] Built target list_depth_work_mode_node
[78.430s] [ 90%] [32m[1mLinking CXX executable list_devices_node[0m
[78.901s] [ 92%] [32m[1mLinking CXX executable ob_benchmark_node[0m
[79.027s] [ 92%] Built target list_devices_node
[79.108s] [ 92%] Built target ob_benchmark_node
[80.065s] [ 94%] [32m[1mLinking CXX executable topic_statistics_node[0m
[80.298s] [ 94%] Built target topic_statistics_node
[81.046s] [ 96%] [32m[1mLinking CXX executable 435le_example_node[0m
[81.255s] [ 96%] Built target 435le_example_node
[86.743s] [ 98%] [32m[1mLinking CXX executable service_benchmark_node[0m
[86.935s] [ 98%] Built target service_benchmark_node
[89.530s] [100%] [32m[1mLinking CXX executable image_sync_example_node[0m
[90.015s] [100%] Built target image_sync_example_node
[90.026s] Invoked command in '/home/mia/data/Project_Backup/cylinder_project/build/orbbec_camera' returned '0': AMENT_PREFIX_PATH=/home/mia/data/Project_Backup/cylinder_project/install/orbbec_camera_msgs:${AMENT_PREFIX_PATH} CMAKE_PREFIX_PATH=/home/mia/data/Project_Backup/cylinder_project/install/orbbec_camera_msgs:/opt/ros/humble LD_LIBRARY_PATH=/home/mia/data/Project_Backup/cylinder_project/install/orbbec_camera_msgs/lib:${LD_LIBRARY_PATH} PYTHONPATH=/home/mia/data/Project_Backup/cylinder_project/install/orbbec_camera_msgs/local/lib/python3.10/dist-packages:${PYTHONPATH} /usr/bin/cmake --build /home/mia/data/Project_Backup/cylinder_project/build/orbbec_camera -- -j16 -l16
[90.027s] Invoking command in '/home/mia/data/Project_Backup/cylinder_project/build/orbbec_camera': AMENT_PREFIX_PATH=/home/mia/data/Project_Backup/cylinder_project/install/orbbec_camera_msgs:${AMENT_PREFIX_PATH} CMAKE_PREFIX_PATH=/home/mia/data/Project_Backup/cylinder_project/install/orbbec_camera_msgs:/opt/ros/humble LD_LIBRARY_PATH=/home/mia/data/Project_Backup/cylinder_project/install/orbbec_camera_msgs/lib:${LD_LIBRARY_PATH} PYTHONPATH=/home/mia/data/Project_Backup/cylinder_project/install/orbbec_camera_msgs/local/lib/python3.10/dist-packages:${PYTHONPATH} /usr/bin/cmake --install /home/mia/data/Project_Backup/cylinder_project/build/orbbec_camera
[90.033s] -- Install configuration: ""
[90.033s] -- Installing: /home/mia/data/Project_Backup/cylinder_project/install/orbbec_camera/lib/orbbec_camera/orbbec_camera_node
[90.033s] -- Set runtime path of "/home/mia/data/Project_Backup/cylinder_project/install/orbbec_camera/lib/orbbec_camera/orbbec_camera_node" to ":/home/mia/data/Project_Backup/cylinder_project/src/OrbbecSDK_ROS2-2-main/orbbec_camera/SDK/lib/x64"
[90.033s] -- Installing: /home/mia/data/Project_Backup/cylinder_project/install/orbbec_camera/lib/orbbec_camera/common_benchmark_node.py
[90.034s] -- Installing: /home/mia/data/Project_Backup/cylinder_project/install/orbbec_camera/lib/orbbec_camera/service_benchmark_node.py
[90.034s] -- Installing: /home/mia/data/Project_Backup/cylinder_project/install/orbbec_camera/lib/orbbec_camera/frame_latency_node
[90.034s] -- Set runtime path of "/home/mia/data/Project_Backup/cylinder_project/install/orbbec_camera/lib/orbbec_camera/frame_latency_node" to ":/home/mia/data/Project_Backup/cylinder_project/src/OrbbecSDK_ROS2-2-main/orbbec_camera/SDK/lib/x64"
[90.034s] -- Installing: /home/mia/data/Project_Backup/cylinder_project/install/orbbec_camera/lib/orbbec_camera/start_benchmark_node
[90.035s] -- Set runtime path of "/home/mia/data/Project_Backup/cylinder_project/install/orbbec_camera/lib/orbbec_camera/start_benchmark_node" to ":/home/mia/data/Project_Backup/cylinder_project/src/OrbbecSDK_ROS2-2-main/orbbec_camera/SDK/lib/x64"
[90.035s] -- Installing: /home/mia/data/Project_Backup/cylinder_project/install/orbbec_camera/lib/orbbec_camera/multi_save_rgbir_node
[90.035s] -- Set runtime path of "/home/mia/data/Project_Backup/cylinder_project/install/orbbec_camera/lib/orbbec_camera/multi_save_rgbir_node" to ":/home/mia/data/Project_Backup/cylinder_project/src/OrbbecSDK_ROS2-2-main/orbbec_camera/SDK/lib/x64"
[90.035s] -- Installing: /home/mia/data/Project_Backup/cylinder_project/install/orbbec_camera/lib/liborbbec_camera.so
[90.039s] -- Set runtime path of "/home/mia/data/Project_Backup/cylinder_project/install/orbbec_camera/lib/liborbbec_camera.so" to ":/home/mia/data/Project_Backup/cylinder_project/src/OrbbecSDK_ROS2-2-main/orbbec_camera/SDK/lib/x64"
[90.039s] -- Installing: /home/mia/data/Project_Backup/cylinder_project/install/orbbec_camera/lib/libframe_latency.so
[90.042s] -- Set runtime path of "/home/mia/data/Project_Backup/cylinder_project/install/orbbec_camera/lib/libframe_latency.so" to ":/home/mia/data/Project_Backup/cylinder_project/src/OrbbecSDK_ROS2-2-main/orbbec_camera/SDK/lib/x64"
[90.042s] -- Installing: /home/mia/data/Project_Backup/cylinder_project/install/orbbec_camera/lib/libstart_benchmark.so
[90.043s] -- Set runtime path of "/home/mia/data/Project_Backup/cylinder_project/install/orbbec_camera/lib/libstart_benchmark.so" to ":/home/mia/data/Project_Backup/cylinder_project/src/OrbbecSDK_ROS2-2-main/orbbec_camera/SDK/lib/x64"
[90.044s] -- Installing: /home/mia/data/Project_Backup/cylinder_project/install/orbbec_camera/lib/libmulti_save_rgbir.so
[90.045s] -- Set runtime path of "/home/mia/data/Project_Backup/cylinder_project/install/orbbec_camera/lib/libmulti_save_rgbir.so" to ":/home/mia/data/Project_Backup/cylinder_project/src/OrbbecSDK_ROS2-2-main/orbbec_camera/SDK/lib/x64"
[90.045s] -- Installing: /home/mia/data/Project_Backup/cylinder_project/install/orbbec_camera/include
[90.045s] -- Installing: /home/mia/data/Project_Backup/cylinder_project/install/orbbec_camera/include/orbbec_camera
[90.045s] -- Installing: /home/mia/data/Project_Backup/cylinder_project/install/orbbec_camera/include/orbbec_camera/image_publisher.h
[90.045s] -- Installing: /home/mia/data/Project_Backup/cylinder_project/install/orbbec_camera/include/orbbec_camera/constants.h
[90.045s] -- Installing: /home/mia/data/Project_Backup/cylinder_project/install/orbbec_camera/include/orbbec_camera/dynamic_params.h
[90.045s] -- Installing: /home/mia/data/Project_Backup/cylinder_project/install/orbbec_camera/include/orbbec_camera/utils.h
[90.045s] -- Installing: /home/mia/data/Project_Backup/cylinder_project/install/orbbec_camera/include/orbbec_camera/ob_camera_node_driver.h
[90.046s] -- Installing: /home/mia/data/Project_Backup/cylinder_project/install/orbbec_camera/include/orbbec_camera/ros_param_backend.h
[90.046s] -- Installing: /home/mia/data/Project_Backup/cylinder_project/install/orbbec_camera/include/orbbec_camera/frame_timestamp_csv_logger.h
[90.046s] -- Installing: /home/mia/data/Project_Backup/cylinder_project/install/orbbec_camera/include/orbbec_camera/rk_mpp_decoder.h
[90.046s] -- Installing: /home/mia/data/Project_Backup/cylinder_project/install/orbbec_camera/include/orbbec_camera/jpeg_decoder.h
[90.046s] -- Installing: /home/mia/data/Project_Backup/cylinder_project/install/orbbec_camera/include/orbbec_camera/jetson_nv_decoder.h
[90.046s] -- Installing: /home/mia/data/Project_Backup/cylinder_project/install/orbbec_camera/include/orbbec_camera/ob_camera_node.h
[90.046s] -- Installing: /home/mia/data/Project_Backup/cylinder_project/install/orbbec_camera/include/orbbec_camera/ob_lidar_node.h
[90.046s] -- Installing: /home/mia/data/Project_Backup/cylinder_project/install/orbbec_camera/include/orbbec_camera/synced_imu_publisher.h
[90.047s] -- Installing: /home/mia/data/Project_Backup/cylinder_project/install/orbbec_camera/include/orbbec_camera/fps_counter.hpp
[90.047s] -- Installing: /home/mia/data/Project_Backup/cylinder_project/install/orbbec_camera/include/orbbec_camera/d2c_viewer.h
[90.047s] -- Installing: /home/mia/data/Project_Backup/cylinder_project/install/orbbec_camera/include/orbbec_camera/fps_delay_status.hpp
[90.047s] -- Installing: /home/mia/data/Project_Backup/cylinder_project/install/orbbec_camera/include/magic_enum
[90.047s] -- Installing: /home/mia/data/Project_Backup/cylinder_project/install/orbbec_camera/include/magic_enum/magic_enum.hpp
[90.047s] -- Installing: /home/mia/data/Project_Backup/cylinder_project/install/orbbec_camera/share/orbbec_camera//launch
[90.047s] -- Installing: /home/mia/data/Project_Backup/cylinder_project/install/orbbec_camera/share/orbbec_camera//launch/gemini210.launch.py
[90.048s] -- Installing: /home/mia/data/Project_Backup/cylinder_project/install/orbbec_camera/share/orbbec_camera//launch/astra.launch.py
[90.048s] -- Installing: /home/mia/data/Project_Backup/cylinder_project/install/orbbec_camera/share/orbbec_camera//launch/multi_camera_synced.launch.py
[90.048s] -- Installing: /home/mia/data/Project_Backup/cylinder_project/install/orbbec_camera/share/orbbec_camera//launch/gemini2.launch.py
[90.048s] -- Installing: /home/mia/data/Project_Backup/cylinder_project/install/orbbec_camera/share/orbbec_camera//launch/gemini_301_series.launch.py
[90.049s] -- Installing: /home/mia/data/Project_Backup/cylinder_project/install/orbbec_camera/share/orbbec_camera//launch/multi_lidar.launch.py
[90.049s] -- Installing: /home/mia/data/Project_Backup/cylinder_project/install/orbbec_camera/share/orbbec_camera//launch/dabai_al.launch.py
[90.049s] -- Installing: /home/mia/data/Project_Backup/cylinder_project/install/orbbec_camera/share/orbbec_camera//launch/femto_mega.launch.py
[90.049s] -- Installing: /home/mia/data/Project_Backup/cylinder_project/install/orbbec_camera/share/orbbec_camera//launch/femto_bolt.launch.py
[90.049s] -- Installing: /home/mia/data/Project_Backup/cylinder_project/install/orbbec_camera/share/orbbec_camera//launch/dabai_max_pro.launch.py
[90.050s] -- Installing: /home/mia/data/Project_Backup/cylinder_project/install/orbbec_camera/share/orbbec_camera//launch/gemini_intra_process_demo_launch.py
[90.050s] -- Installing: /home/mia/data/Project_Backup/cylinder_project/install/orbbec_camera/share/orbbec_camera//launch/dabai_a.launch.py
[90.050s] -- Installing: /home/mia/data/Project_Backup/cylinder_project/install/orbbec_camera/share/orbbec_camera//launch/lidar.launch.py
[90.050s] -- Installing: /home/mia/data/Project_Backup/cylinder_project/install/orbbec_camera/share/orbbec_camera//launch/gemini435_le.launch.py
[90.051s] -- Installing: /home/mia/data/Project_Backup/cylinder_project/install/orbbec_camera/share/orbbec_camera//launch/gemini_330_series_low_cpu.launch.py
[90.051s] -- Installing: /home/mia/data/Project_Backup/cylinder_project/install/orbbec_camera/share/orbbec_camera//launch/astra2.launch.py
[90.051s] -- Installing: /home/mia/data/Project_Backup/cylinder_project/install/orbbec_camera/share/orbbec_camera//launch/utils_yaml.py
[90.051s] -- Installing: /home/mia/data/Project_Backup/cylinder_project/install/orbbec_camera/share/orbbec_camera//launch/multi_camera.launch.py
[90.052s] -- Installing: /home/mia/data/Project_Backup/cylinder_project/install/orbbec_camera/share/orbbec_camera//launch/gemini345_lg.launch.py
[90.052s] -- Installing: /home/mia/data/Project_Backup/cylinder_project/install/orbbec_camera/share/orbbec_camera//launch/dabai_dcw2.launch.py
[90.052s] -- Installing: /home/mia/data/Project_Backup/cylinder_project/install/orbbec_camera/share/orbbec_camera//launch/gemini2L.launch.py
[90.052s] -- Installing: /home/mia/data/Project_Backup/cylinder_project/install/orbbec_camera/share/orbbec_camera//launch/femto.launch.py
[90.052s] -- Installing: /home/mia/data/Project_Backup/cylinder_project/install/orbbec_camera/share/orbbec_camera//launch/gemini345.launch.py
[90.053s] -- Installing: /home/mia/data/Project_Backup/cylinder_project/install/orbbec_camera/share/orbbec_camera//launch/gemini_330_series.launch.py
[90.053s] -- Installing: /home/mia/data/Project_Backup/cylinder_project/install/orbbec_camera/share/orbbec_camera//launch/gemini_330_series_sdk_json.launch.py
[90.053s] -- Installing: /home/mia/data/Project_Backup/cylinder_project/install/orbbec_camera/share/orbbec_camera//config
[90.053s] -- Installing: /home/mia/data/Project_Backup/cylinder_project/install/orbbec_camera/share/orbbec_camera//config/gemini2L_dual_ir.yaml
[90.054s] -- Installing: /home/mia/data/Project_Backup/cylinder_project/install/orbbec_camera/share/orbbec_camera//config/OrbbecSDKConfig_v2.0.xml
[90.055s] -- Installing: /home/mia/data/Project_Backup/cylinder_project/install/orbbec_camera/share/orbbec_camera//config/camera_secondary_params.yaml
[90.055s] -- Installing: /home/mia/data/Project_Backup/cylinder_project/install/orbbec_camera/share/orbbec_camera//config/tools
[90.055s] -- Installing: /home/mia/data/Project_Backup/cylinder_project/install/orbbec_camera/share/orbbec_camera//config/tools/startbenchmark
[90.055s] -- Installing: /home/mia/data/Project_Backup/cylinder_project/install/orbbec_camera/share/orbbec_camera//config/tools/startbenchmark/start_benchmark_params.json
[90.055s] -- Installing: /home/mia/data/Project_Backup/cylinder_project/install/orbbec_camera/share/orbbec_camera//config/tools/multisavergbir
[90.055s] -- Installing: /home/mia/data/Project_Backup/cylinder_project/install/orbbec_camera/share/orbbec_camera//config/tools/multisavergbir/multi_save_rgbir_params.json
[90.056s] -- Installing: /home/mia/data/Project_Backup/cylinder_project/install/orbbec_camera/share/orbbec_camera//config/camera_params.yaml
[90.056s] -- Installing: /home/mia/data/Project_Backup/cylinder_project/install/orbbec_camera/share/orbbec_camera//config/.gitkeep
[90.056s] -- Installing: /home/mia/data/Project_Backup/cylinder_project/install/orbbec_camera/share/orbbec_camera//config/depthfilter
[90.056s] -- Installing: /home/mia/data/Project_Backup/cylinder_project/install/orbbec_camera/share/orbbec_camera//config/depthfilter/Gemini2_v1.7.json
[90.056s] -- Installing: /home/mia/data/Project_Backup/cylinder_project/install/orbbec_camera/share/orbbec_camera//config/depthfilter/Openni_device.json
[90.057s] -- Installing: /home/mia/data/Project_Backup/cylinder_project/install/orbbec_camera/share/orbbec_camera//config/gemini305_dual_color.yaml
[90.057s] -- Installing: /home/mia/data/Project_Backup/cylinder_project/install/orbbec_camera/share/orbbec_camera//examples
[90.057s] -- Installing: /home/mia/data/Project_Backup/cylinder_project/install/orbbec_camera/share/orbbec_camera//examples/README.MD
[90.057s] -- Installing: /home/mia/data/Project_Backup/cylinder_project/install/orbbec_camera/share/orbbec_camera//examples/net_camera
[90.057s] -- Installing: /home/mia/data/Project_Backup/cylinder_project/install/orbbec_camera/share/orbbec_camera//examples/net_camera/multi_net_camera.launch.py
[90.058s] -- Installing: /home/mia/data/Project_Backup/cylinder_project/install/orbbec_camera/share/orbbec_camera//examples/gmsl_camera
[90.058s] -- Installing: /home/mia/data/Project_Backup/cylinder_project/install/orbbec_camera/share/orbbec_camera//examples/gmsl_camera/multi_gmsl_camera.launch.py
[90.058s] -- Installing: /home/mia/data/Project_Backup/cylinder_project/install/orbbec_camera/share/orbbec_camera//examples/gmsl_camera/gemini_330_gmsl.launch.py
[90.058s] -- Installing: /home/mia/data/Project_Backup/cylinder_project/install/orbbec_camera/share/orbbec_camera//examples/gmsl_camera/multi_gmsl_camera_synced.launch.py
[90.058s] -- Installing: /home/mia/data/Project_Backup/cylinder_project/install/orbbec_camera/share/orbbec_camera//examples/multi_camera_synced_verification_tool
[90.059s] -- Installing: /home/mia/data/Project_Backup/cylinder_project/install/orbbec_camera/share/orbbec_camera//examples/multi_camera_synced_verification_tool/gemini_330_series_synced_verify.launch.py
[90.059s] -- Installing: /home/mia/data/Project_Backup/cylinder_project/install/orbbec_camera/share/orbbec_camera//examples/multi_camera_synced_verification_tool/gemini_synced_verify.launch.py
[90.059s] -- Installing: /home/mia/data/Project_Backup/cylinder_project/install/orbbec_camera/share/orbbec_camera//examples/multi_camera_synced_verification_tool/multi_camera_synced_verify.launch.py
[90.059s] -- Installing: /home/mia/data/Project_Backup/cylinder_project/install/orbbec_camera/share/orbbec_camera//examples/multi_camera_synced_verification_tool/multicamera_sync
[90.060s] -- Installing: /home/mia/data/Project_Backup/cylinder_project/install/orbbec_camera/share/orbbec_camera//examples/multi_camera_synced_verification_tool/multicamera_sync/output
[90.060s] -- Installing: /home/mia/data/Project_Backup/cylinder_project/install/orbbec_camera/share/orbbec_camera//examples/multi_camera_synced_verification_tool/multicamera_sync/output/20250218102900
[90.060s] -- Installing: /home/mia/data/Project_Backup/cylinder_project/install/orbbec_camera/share/orbbec_camera//examples/multi_camera_synced_verification_tool/multicamera_sync/output/20250218102900/TotalModeFrames
[90.060s] -- Installing: /home/mia/data/Project_Backup/cylinder_project/install/orbbec_camera/share/orbbec_camera//examples/multi_camera_synced_verification_tool/multicamera_sync/output/20250218102900/TotalModeFrames/SNCP1L44P00051_Index1
[90.060s] -- Installing: /home/mia/data/Project_Backup/cylinder_project/install/orbbec_camera/share/orbbec_camera//examples/multi_camera_synced_verification_tool/multicamera_sync/output/20250218102900/TotalModeFrames/SNCP1L44P00051_Index1/color_SNCP1L44P00051_Index1_g1739874543260_f1_s1739874543345_e50_d16_.jpg
[90.061s] -- Installing: /home/mia/data/Project_Backup/cylinder_project/install/orbbec_camera/share/orbbec_camera//examples/multi_camera_synced_verification_tool/multicamera_sync/output/20250218102900/TotalModeFrames/SNCP1L44P00051_Index1/color_SNCP1L44P00051_Index1_g1739874543393_f5_s1739874543470_e50_d16_.jpg
[90.062s] -- Installing: /home/mia/data/Project_Backup/cylinder_project/install/orbbec_camera/share/orbbec_camera//examples/multi_camera_synced_verification_tool/multicamera_sync/output/20250218102900/TotalModeFrames/SNCP1L44P00051_Index1/ir#left_SNCP1L44P00051_Index1_g1739874543294_f2_s1739874543319_e5000_d16_.jpg
[90.062s] -- Installing: /home/mia/data/Project_Backup/cylinder_project/install/orbbec_camera/share/orbbec_camera//examples/multi_camera_synced_verification_tool/multicamera_sync/output/20250218102900/TotalModeFrames/SNCP1L44P00051_Index1/color_SNCP1L44P00051_Index1_g1739874543227_f0_s1739874543304_e50_d16_.jpg
[90.063s] -- Installing: /home/mia/data/Project_Backup/cylinder_project/install/orbbec_camera/share/orbbec_camera//examples/multi_camera_synced_verification_tool/multicamera_sync/output/20250218102900/TotalModeFrames/SNCP1L44P00051_Index1/color_SNCP1L44P00051_Index1_g1739874543560_f10_s1739874543618_e50_d16_.jpg
[90.064s] -- Installing: /home/mia/data/Project_Backup/cylinder_project/install/orbbec_camera/share/orbbec_camera//examples/multi_camera_synced_verification_tool/multicamera_sync/output/20250218102900/TotalModeFrames/SNCP1L44P00051_Index1/ir#left_SNCP1L44P00051_Index1_g1739874543394_f5_s1739874543661_e5000_d16_.jpg
[90.064s] -- Installing: /home/mia/data/Project_Backup/cylinder_project/install/orbbec_camera/share/orbbec_camera//examples/multi_camera_synced_verification_tool/multicamera_sync/output/20250218102900/TotalModeFrames/SNCP1L44P00051_Index1/color_SNCP1L44P00051_Index1_g1739874543293_f2_s1739874543446_e50_d16_.jpg
[90.065s] -- Installing: /home/mia/data/Project_Backup/cylinder_project/install/orbbec_camera/share/orbbec_camera//examples/multi_camera_synced_verification_tool/multicamera_sync/output/20250218102900/TotalModeFrames/SNCP1L44P00051_Index1/color_SNCP1L44P00051_Index1_g1739874543494_f8_s1739874543540_e50_d16_.jpg
[90.065s] -- Installing: /home/mia/data/Project_Backup/cylinder_project/install/orbbec_camera/share/orbbec_camera//examples/multi_camera_synced_verification_tool/multicamera_sync/output/20250218102900/TotalModeFrames/SNCP1L44P00051_Index1/ir#left_SNCP1L44P00051_Index1_g1739874543227_f0_s1739874543250_e5000_d16_.jpg
[90.066s] -- Installing: /home/mia/data/Project_Backup/cylinder_project/install/orbbec_camera/share/orbbec_camera//examples/multi_camera_synced_verification_tool/multicamera_sync/output/20250218102900/TotalModeFrames/SNCP1L44P00051_Index1/ir#left_SNCP1L44P00051_Index1_g1739874543494_f8_s1739874543687_e5000_d16_.jpg
[90.066s] -- Installing: /home/mia/data/Project_Backup/cylinder_project/install/orbbec_camera/share/orbbec_camera//examples/multi_camera_synced_verification_tool/multicamera_sync/output/20250218102900/TotalModeFrames/SNCP1L44P00051_Index1/color_SNCP1L44P00051_Index1_g1739874543327_f3_s1739874543458_e50_d16_.jpg
[90.067s] -- Installing: /home/mia/data/Project_Backup/cylinder_project/install/orbbec_camera/share/orbbec_camera//examples/multi_camera_synced_verification_tool/multicamera_sync/output/20250218102900/TotalModeFrames/SNCP1L44P00051_Index1/ir#left_SNCP1L44P00051_Index1_g1739874543427_f6_s1739874543684_e5000_d16_.jpg
[90.067s] -- Installing: /home/mia/data/Project_Backup/cylinder_project/install/orbbec_camera/share/orbbec_camera//examples/multi_camera_synced_verification_tool/multicamera_sync/output/20250218102900/TotalModeFrames/SNCP1L44P00051_Index1/color_SNCP1L44P00051_Index1_g1739874543360_f4_s1739874543468_e50_d16_.jpg
[90.068s] -- Installing: /home/mia/data/Project_Backup/cylinder_project/install/orbbec_camera/share/orbbec_camera//examples/multi_camera_synced_verification_tool/multicamera_sync/output/20250218102900/TotalModeFrames/SNCP1L44P00051_Index1/ir#left_SNCP1L44P00051_Index1_g1739874543360_f4_s1739874543460_e5000_d16_.jpg
[90.068s] -- Installing: /home/mia/data/Project_Backup/cylinder_project/install/orbbec_camera/share/orbbec_camera//examples/multi_camera_synced_verification_tool/multicamera_sync/output/20250218102900/TotalModeFrames/SNCP1L44P00051_Index1/ir#left_SNCP1L44P00051_Index1_g1739874543527_f10_s1739874543687_e5000_d16_.jpg
[90.069s] -- Installing: /home/mia/data/Project_Backup/cylinder_project/install/orbbec_camera/share/orbbec_camera//examples/multi_camera_synced_verification_tool/multicamera_sync/output/20250218102900/TotalModeFrames/SNCP1L44P00051_Index1/color_SNCP1L44P00051_Index1_g1739874543427_f6_s1739874543485_e50_d16_.jpg
[90.070s] -- Installing: /home/mia/data/Project_Backup/cylinder_project/install/orbbec_camera/share/orbbec_camera//examples/multi_camera_synced_verification_tool/multicamera_sync/output/20250218102900/TotalModeFrames/SNCP1L44P00051_Index1/ir#left_SNCP1L44P00051_Index1_g1739874543460_f7_s1739874543685_e5000_d16_.jpg
[90.070s] -- Installing: /home/mia/data/Project_Backup/cylinder_project/install/orbbec_camera/share/orbbec_camera//examples/multi_camera_synced_verification_tool/multicamera_sync/output/20250218102900/TotalModeFrames/SNCP1L44P00051_Index1/ir#left_SNCP1L44P00051_Index1_g1739874543327_f3_s1739874543460_e5000_d16_.jpg
[90.070s] -- Installing: /home/mia/data/Project_Backup/cylinder_project/install/orbbec_camera/share/orbbec_camera//examples/multi_camera_synced_verification_tool/multicamera_sync/output/20250218102900/TotalModeFrames/SNCP1L44P00051_Index1/ir#left_SNCP1L44P00051_Index1_g1739874543260_f1_s1739874543294_e5000_d16_.jpg
[90.071s] -- Installing: /home/mia/data/Project_Backup/cylinder_project/install/orbbec_camera/share/orbbec_camera//examples/multi_camera_synced_verification_tool/multicamera_sync/output/20250218102900/TotalModeFrames/SNCP1L44P00051_Index1/color_SNCP1L44P00051_Index1_g1739874543460_f7_s1739874543505_e50_d16_.jpg
[90.071s] -- Installing: /home/mia/data/Project_Backup/cylinder_project/install/orbbec_camera/share/orbbec_camera//examples/multi_camera_synced_verification_tool/multicamera_sync/output/20250218102900/TotalModeFrames/SNCP1L44P00051_Index1/color_SNCP1L44P00051_Index1_g1739874543527_f9_s1739874543616_e50_d16_.jpg
[90.072s] -- Installing: /home/mia/data/Project_Backup/cylinder_project/install/orbbec_camera/share/orbbec_camera//examples/multi_camera_synced_verification_tool/multicamera_sync/output/20250218102900/TotalModeFrames/SNCP1L44P00051_Index1/ir#left_SNCP1L44P00051_Index1_g1739874543560_f11_s1739874543687_e5000_d16_.jpg
[90.073s] -- Installing: /home/mia/data/Project_Backup/cylinder_project/install/orbbec_camera/share/orbbec_camera//examples/multi_camera_synced_verification_tool/multicamera_sync/output/20250218102900/TotalModeFrames/SNCP1E5420006D_Index0
[90.073s] -- Installing: /home/mia/data/Project_Backup/cylinder_project/install/orbbec_camera/share/orbbec_camera//examples/multi_camera_synced_verification_tool/multicamera_sync/output/20250218102900/TotalModeFrames/SNCP1E5420006D_Index0/ir#left_SNCP1E5420006D_Index0_g1739874543527_f9_s1739874543627_e5000_d16_.jpg
[90.073s] -- Installing: /home/mia/data/Project_Backup/cylinder_project/install/orbbec_camera/share/orbbec_camera//examples/multi_camera_synced_verification_tool/multicamera_sync/output/20250218102900/TotalModeFrames/SNCP1E5420006D_Index0/ir#left_SNCP1E5420006D_Index0_g1739874543227_f0_s1739874543250_e5000_d16_.jpg
[90.073s] -- Installing: /home/mia/data/Project_Backup/cylinder_project/install/orbbec_camera/share/orbbec_camera//examples/multi_camera_synced_verification_tool/multicamera_sync/output/20250218102900/TotalModeFrames/SNCP1E5420006D_Index0/color_SNCP1E5420006D_Index0_g1739874543360_f4_s1739874543442_e50_d16_.jpg
[90.074s] -- Installing: /home/mia/data/Project_Backup/cylinder_project/install/orbbec_camera/share/orbbec_camera//examples/multi_camera_synced_verification_tool/multicamera_sync/output/20250218102900/TotalModeFrames/SNCP1E5420006D_Index0/color_SNCP1E5420006D_Index0_g1739874543394_f5_s1739874543506_e50_d16_.jpg
[90.075s] -- Installing: /home/mia/data/Project_Backup/cylinder_project/install/orbbec_camera/share/orbbec_camera//examples/multi_camera_synced_verification_tool/multicamera_sync/output/20250218102900/TotalModeFrames/SNCP1E5420006D_Index0/ir#left_SNCP1E5420006D_Index0_g1739874543394_f5_s1739874543473_e5000_d16_.jpg
[90.075s] -- Installing: /home/mia/data/Project_Backup/cylinder_project/install/orbbec_camera/share/orbbec_camera//examples/multi_camera_synced_verification_tool/multicamera_sync/output/20250218102900/TotalModeFrames/SNCP1E5420006D_Index0/ir#left_SNCP1E5420006D_Index0_g1739874543427_f6_s1739874543474_e5000_d16_.jpg
[90.076s] -- Installing: /home/mia/data/Project_Backup/cylinder_project/install/orbbec_camera/share/orbbec_camera//examples/multi_camera_synced_verification_tool/multicamera_sync/output/20250218102900/TotalModeFrames/SNCP1E5420006D_Index0/ir#left_SNCP1E5420006D_Index0_g1739874543294_f2_s1739874543329_e5000_d16_.jpg
[90.076s] -- Installing: /home/mia/data/Project_Backup/cylinder_project/install/orbbec_camera/share/orbbec_camera//examples/multi_camera_synced_verification_tool/multicamera_sync/output/20250218102900/TotalModeFrames/SNCP1E5420006D_Index0/color_SNCP1E5420006D_Index0_g1739874543427_f6_s1739874543518_e50_d16_.jpg
[90.077s] -- Installing: /home/mia/data/Project_Backup/cylinder_project/install/orbbec_camera/share/orbbec_camera//examples/multi_camera_synced_verification_tool/multicamera_sync/output/20250218102900/TotalModeFrames/SNCP1E5420006D_Index0/ir#left_SNCP1E5420006D_Index0_g1739874543327_f3_s1739874543393_e5000_d16_.jpg
[90.077s] -- Installing: /home/mia/data/Project_Backup/cylinder_project/install/orbbec_camera/share/orbbec_camera//examples/multi_camera_synced_verification_tool/multicamera_sync/output/20250218102900/TotalModeFrames/SNCP1E5420006D_Index0/color_SNCP1E5420006D_Index0_g1739874543294_f2_s1739874543359_e50_d16_.jpg
[90.078s] -- Installing: /home/mia/data/Project_Backup/cylinder_project/install/orbbec_camera/share/orbbec_camera//examples/multi_camera_synced_verification_tool/multicamera_sync/output/20250218102900/TotalModeFrames/SNCP1E5420006D_Index0/ir#left_SNCP1E5420006D_Index0_g1739874543561_f10_s1739874543628_e5000_d16_.jpg
[90.078s] -- Installing: /home/mia/data/Project_Backup/cylinder_project/install/orbbec_camera/share/orbbec_camera//examples/multi_camera_synced_verification_tool/multicamera_sync/output/20250218102900/TotalModeFrames/SNCP1E5420006D_Index0/color_SNCP1E5420006D_Index0_g1739874543527_f9_s1739874543603_e50_d16_.jpg
[90.079s] -- Installing: /home/mia/data/Project_Backup/cylinder_project/install/orbbec_camera/share/orbbec_camera//examples/multi_camera_synced_verification_tool/multicamera_sync/output/20250218102900/TotalModeFrames/SNCP1E5420006D_Index0/color_SNCP1E5420006D_Index0_g1739874543227_f0_s1739874543327_e50_d16_.jpg
[90.080s] -- Installing: /home/mia/data/Project_Backup/cylinder_project/install/orbbec_camera/share/orbbec_camera//examples/multi_camera_synced_verification_tool/multicamera_sync/output/20250218102900/TotalModeFrames/SNCP1E5420006D_Index0/color_SNCP1E5420006D_Index0_g1739874543461_f7_s1739874543520_e50_d16_.jpg
[90.080s] -- Installing: /home/mia/data/Project_Backup/cylinder_project/install/orbbec_camera/share/orbbec_camera//examples/multi_camera_synced_verification_tool/multicamera_sync/output/20250218102900/TotalModeFrames/SNCP1E5420006D_Index0/ir#left_SNCP1E5420006D_Index0_g1739874543494_f8_s1739874543528_e5000_d16_.jpg
[90.081s] -- Installing: /home/mia/data/Project_Backup/cylinder_project/install/orbbec_camera/share/orbbec_camera//examples/multi_camera_synced_verification_tool/multicamera_sync/output/20250218102900/TotalModeFrames/SNCP1E5420006D_Index0/ir#left_SNCP1E5420006D_Index0_g1739874543461_f7_s1739874543493_e5000_d16_.jpg
[90.081s] -- Installing: /home/mia/data/Project_Backup/cylinder_project/install/orbbec_camera/share/orbbec_camera//examples/multi_camera_synced_verification_tool/multicamera_sync/output/20250218102900/TotalModeFrames/SNCP1E5420006D_Index0/ir#left_SNCP1E5420006D_Index0_g1739874543260_f1_s1739874543310_e5000_d16_.jpg
[90.081s] -- Installing: /home/mia/data/Project_Backup/cylinder_project/install/orbbec_camera/share/orbbec_camera//examples/multi_camera_synced_verification_tool/multicamera_sync/output/20250218102900/TotalModeFrames/SNCP1E5420006D_Index0/ir#left_SNCP1E5420006D_Index0_g1739874543361_f4_s1739874543405_e5000_d16_.jpg
[90.082s] -- Installing: /home/mia/data/Project_Backup/cylinder_project/install/orbbec_camera/share/orbbec_camera//examples/multi_camera_synced_verification_tool/multicamera_sync/output/20250218102900/TotalModeFrames/SNCP1E5420006D_Index0/color_SNCP1E5420006D_Index0_g1739874543260_f1_s1739874543351_e50_d16_.jpg
[90.082s] -- Installing: /home/mia/data/Project_Backup/cylinder_project/install/orbbec_camera/share/orbbec_camera//examples/multi_camera_synced_verification_tool/multicamera_sync/output/20250218102900/TotalModeFrames/SNCP1E5420006D_Index0/color_SNCP1E5420006D_Index0_g1739874543327_f3_s1739874543441_e50_d16_.jpg
[90.083s] -- Installing: /home/mia/data/Project_Backup/cylinder_project/install/orbbec_camera/share/orbbec_camera//examples/multi_camera_synced_verification_tool/multicamera_sync/output/20250218102900/TotalModeFrames/SNCP1E5420006D_Index0/color_SNCP1E5420006D_Index0_g1739874543561_f10_s1739874543648_e50_d16_.jpg
[90.084s] -- Installing: /home/mia/data/Project_Backup/cylinder_project/install/orbbec_camera/share/orbbec_camera//examples/multi_camera_synced_verification_tool/multicamera_sync/output/20250218102900/TotalModeFrames/SNCP1E5420006D_Index0/color_SNCP1E5420006D_Index0_g1739874543494_f8_s1739874543548_e50_d16_.jpg
[90.084s] -- Installing: /home/mia/data/Project_Backup/cylinder_project/install/orbbec_camera/share/orbbec_camera//examples/multi_camera_synced_verification_tool/multicamera_sync/output/20250218102900/StreamProfileInfo.txt
[90.085s] -- Installing: /home/mia/data/Project_Backup/cylinder_project/install/orbbec_camera/share/orbbec_camera//examples/multi_camera_synced_verification_tool/multicamera_sync/output/20250218102900/DevicesInfo.txt
[90.085s] -- Installing: /home/mia/data/Project_Backup/cylinder_project/install/orbbec_camera/share/orbbec_camera//examples/multi_camera_synced_verification_tool/multicamera_sync/output/20250218102900/results-2025-02-25_163648
[90.085s] -- Installing: /home/mia/data/Project_Backup/cylinder_project/install/orbbec_camera/share/orbbec_camera//examples/multi_camera_synced_verification_tool/multicamera_sync/output/20250218102900/results-2025-02-25_163648/matchFrames
[90.085s] -- Installing: /home/mia/data/Project_Backup/cylinder_project/install/orbbec_camera/share/orbbec_camera//examples/multi_camera_synced_verification_tool/multicamera_sync/output/20250218102900/results-2025-02-25_163648/matchFrames/1_color_SNCP1L44P00051_Index1_1739874543494_[0].jpg
[90.086s] -- Installing: /home/mia/data/Project_Backup/cylinder_project/install/orbbec_camera/share/orbbec_camera//examples/multi_camera_synced_verification_tool/multicamera_sync/output/20250218102900/results-2025-02-25_163648/matchFrames/6_ir_left_SNCP1E5420006D_Index0_1739874543561_[1].jpg
[90.086s] -- Installing: /home/mia/data/Project_Backup/cylinder_project/install/orbbec_camera/share/orbbec_camera//examples/multi_camera_synced_verification_tool/multicamera_sync/output/20250218102900/results-2025-02-25_163648/matchFrames/10_ir_left_SNCP1L44P00051_Index1_1739874543227_[0].jpg
[90.087s] -- Installing: /home/mia/data/Project_Backup/cylinder_project/install/orbbec_camera/share/orbbec_camera//examples/multi_camera_synced_verification_tool/multicamera_sync/output/20250218102900/results-2025-02-25_163648/matchFrames/8_color_SNCP1L44P00051_Index1_1739874543293_[0].jpg
[90.088s] -- Installing: /home/mia/data/Project_Backup/cylinder_project/install/orbbec_camera/share/orbbec_camera//examples/multi_camera_synced_verification_tool/multicamera_sync/output/20250218102900/results-2025-02-25_163648/matchFrames/6_color_SNCP1L44P00051_Index1_1739874543560_[0].jpg
[90.088s] -- Installing: /home/mia/data/Project_Backup/cylinder_project/install/orbbec_camera/share/orbbec_camera//examples/multi_camera_synced_verification_tool/multicamera_sync/output/20250218102900/results-2025-02-25_163648/matchFrames/8_color_SNCP1E5420006D_Index0_1739874543294_[1].jpg
[90.089s] -- Installing: /home/mia/data/Project_Backup/cylinder_project/install/orbbec_camera/share/orbbec_camera//examples/multi_camera_synced_verification_tool/multicamera_sync/output/20250218102900/results-2025-02-25_163648/matchFrames/9_ir_left_SNCP1L44P00051_Index1_1739874543394_[1].jpg
[90.090s] -- Installing: /home/mia/data/Project_Backup/cylinder_project/install/orbbec_camera/share/orbbec_camera//examples/multi_camera_synced_verification_tool/multicamera_sync/output/20250218102900/results-2025-02-25_163648/matchFrames/4_ir_left_SNCP1L44P00051_Index1_1739874543360_[0].jpg
[90.090s] -- Installing: /home/mia/data/Project_Backup/cylinder_project/install/orbbec_camera/share/orbbec_camera//examples/multi_camera_synced_verification_tool/multicamera_sync/output/20250218102900/results-2025-02-25_163648/matchFrames/5_ir_left_SNCP1E5420006D_Index0_1739874543327_[0].jpg
[90.090s] -- Installing: /home/mia/data/Project_Backup/cylinder_project/install/orbbec_camera/share/orbbec_camera//examples/multi_camera_synced_verification_tool/multicamera_sync/output/20250218102900/results-2025-02-25_163648/matchFrames/7_color_SNCP1E5420006D_Index0_1739874543427_[0].jpg
[90.091s] -- Installing: /home/mia/data/Project_Backup/cylinder_project/install/orbbec_camera/share/orbbec_camera//examples/multi_camera_synced_verification_tool/multicamera_sync/output/20250218102900/results-2025-02-25_163648/matchFrames/1_ir_left_SNCP1L44P00051_Index1_1739874543494_[0].jpg
[90.091s] -- Installing: /home/mia/data/Project_Backup/cylinder_project/install/orbbec_camera/share/orbbec_camera//examples/multi_camera_synced_verification_tool/multicamera_sync/output/20250218102900/results-2025-02-25_163648/matchFrames/0_ir_left_SNCP1L44P00051_Index1_1739874543527_[0].jpg
[90.092s] -- Installing: /home/mia/data/Project_Backup/cylinder_project/install/orbbec_camera/share/orbbec_camera//examples/multi_camera_synced_verification_tool/multicamera_sync/output/20250218102900/results-2025-02-25_163648/matchFrames/9_color_SNCP1E5420006D_Index0_1739874543394_[1].jpg
[90.093s] -- Installing: /home/mia/data/Project_Backup/cylinder_project/install/orbbec_camera/share/orbbec_camera//examples/multi_camera_synced_verification_tool/multicamera_sync/output/20250218102900/results-2025-02-25_163648/matchFrames/0_ir_left_SNCP1E5420006D_Index0_1739874543527_[0].jpg
[90.093s] -- Installing: /home/mia/data/Project_Backup/cylinder_project/install/orbbec_camera/share/orbbec_camera//examples/multi_camera_synced_verification_tool/multicamera_sync/output/20250218102900/results-2025-02-25_163648/matchFrames/3_ir_left_SNCP1E5420006D_Index0_1739874543260_[0].jpg
[90.093s] -- Installing: /home/mia/data/Project_Backup/cylinder_project/install/orbbec_camera/share/orbbec_camera//examples/multi_camera_synced_verification_tool/multicamera_sync/output/20250218102900/results-2025-02-25_163648/matchFrames/4_color_SNCP1E5420006D_Index0_1739874543360_[0].jpg
[90.094s] -- Installing: /home/mia/data/Project_Backup/cylinder_project/install/orbbec_camera/share/orbbec_camera//examples/multi_camera_synced_verification_tool/multicamera_sync/output/20250218102900/results-2025-02-25_163648/matchFrames/2_color_SNCP1E5420006D_Index0_1739874543461_[1].jpg
[90.095s] -- Installing: /home/mia/data/Project_Backup/cylinder_project/install/orbbec_camera/share/orbbec_camera//examples/multi_camera_synced_verification_tool/multicamera_sync/output/20250218102900/results-2025-02-25_163648/matchFrames/3_ir_left_SNCP1L44P00051_Index1_1739874543260_[0].jpg
[90.095s] -- Installing: /home/mia/data/Project_Backup/cylinder_project/install/orbbec_camera/share/orbbec_camera//examples/multi_camera_synced_verification_tool/multicamera_sync/output/20250218102900/results-2025-02-25_163648/matchFrames/8_ir_left_SNCP1L44P00051_Index1_1739874543294_[1].jpg
[90.096s] -- Installing: /home/mia/data/Project_Backup/cylinder_project/install/orbbec_camera/share/orbbec_camera//examples/multi_camera_synced_verification_tool/multicamera_sync/output/20250218102900/results-2025-02-25_163648/matchFrames/10_color_SNCP1L44P00051_Index1_1739874543227_[0].jpg
[90.096s] -- Installing: /home/mia/data/Project_Backup/cylinder_project/install/orbbec_camera/share/orbbec_camera//examples/multi_camera_synced_verification_tool/multicamera_sync/output/20250218102900/results-2025-02-25_163648/matchFrames/9_ir_left_SNCP1E5420006D_Index0_1739874543394_[1].jpg
[90.097s] -- Installing: /home/mia/data/Project_Backup/cylinder_project/install/orbbec_camera/share/orbbec_camera//examples/multi_camera_synced_verification_tool/multicamera_sync/output/20250218102900/results-2025-02-25_163648/matchFrames/2_color_SNCP1L44P00051_Index1_1739874543460_[0].jpg
[90.097s] -- Installing: /home/mia/data/Project_Backup/cylinder_project/install/orbbec_camera/share/orbbec_camera//examples/multi_camera_synced_verification_tool/multicamera_sync/output/20250218102900/results-2025-02-25_163648/matchFrames/5_ir_left_SNCP1L44P00051_Index1_1739874543327_[0].jpg
[90.098s] -- Installing: /home/mia/data/Project_Backup/cylinder_project/install/orbbec_camera/share/orbbec_camera//examples/multi_camera_synced_verification_tool/multicamera_sync/output/20250218102900/results-2025-02-25_163648/matchFrames/3_color_SNCP1L44P00051_Index1_1739874543260_[0].jpg
[90.098s] -- Installing: /home/mia/data/Project_Backup/cylinder_project/install/orbbec_camera/share/orbbec_camera//examples/multi_camera_synced_verification_tool/multicamera_sync/output/20250218102900/results-2025-02-25_163648/matchFrames/7_ir_left_SNCP1E5420006D_Index0_1739874543427_[0].jpg
[90.099s] -- Installing: /home/mia/data/Project_Backup/cylinder_project/install/orbbec_camera/share/orbbec_camera//examples/multi_camera_synced_verification_tool/multicamera_sync/output/20250218102900/results-2025-02-25_163648/matchFrames/4_ir_left_SNCP1E5420006D_Index0_1739874543361_[1].jpg
[90.099s] -- Installing: /home/mia/data/Project_Backup/cylinder_project/install/orbbec_camera/share/orbbec_camera//examples/multi_camera_synced_verification_tool/multicamera_sync/output/20250218102900/results-2025-02-25_163648/matchFrames/2_ir_left_SNCP1E5420006D_Index0_1739874543461_[1].jpg
[90.099s] -- Installing: /home/mia/data/Project_Backup/cylinder_project/install/orbbec_camera/share/orbbec_camera//examples/multi_camera_synced_verification_tool/multicamera_sync/output/20250218102900/results-2025-02-25_163648/matchFrames/5_color_SNCP1L44P00051_Index1_1739874543327_[0].jpg
[90.100s] -- Installing: /home/mia/data/Project_Backup/cylinder_project/install/orbbec_camera/share/orbbec_camera//examples/multi_camera_synced_verification_tool/multicamera_sync/output/20250218102900/results-2025-02-25_163648/matchFrames/3_color_SNCP1E5420006D_Index0_1739874543260_[0].jpg
[90.101s] -- Installing: /home/mia/data/Project_Backup/cylinder_project/install/orbbec_camera/share/orbbec_camera//examples/multi_camera_synced_verification_tool/multicamera_sync/output/20250218102900/results-2025-02-25_163648/matchFrames/1_ir_left_SNCP1E5420006D_Index0_1739874543494_[0].jpg
[90.101s] -- Installing: /home/mia/data/Project_Backup/cylinder_project/install/orbbec_camera/share/orbbec_camera//examples/multi_camera_synced_verification_tool/multicamera_sync/output/20250218102900/results-2025-02-25_163648/matchFrames/4_color_SNCP1L44P00051_Index1_1739874543360_[0].jpg
[90.102s] -- Installing: /home/mia/data/Project_Backup/cylinder_project/install/orbbec_camera/share/orbbec_camera//examples/multi_camera_synced_verification_tool/multicamera_sync/output/20250218102900/results-2025-02-25_163648/matchFrames/6_ir_left_SNCP1L44P00051_Index1_1739874543560_[0].jpg
[90.102s] -- Installing: /home/mia/data/Project_Backup/cylinder_project/install/orbbec_camera/share/orbbec_camera//examples/multi_camera_synced_verification_tool/multicamera_sync/output/20250218102900/results-2025-02-25_163648/matchFrames/10_ir_left_SNCP1E5420006D_Index0_1739874543227_[0].jpg
[90.103s] -- Installing: /home/mia/data/Project_Backup/cylinder_project/install/orbbec_camera/share/orbbec_camera//examples/multi_camera_synced_verification_tool/multicamera_sync/output/20250218102900/results-2025-02-25_163648/matchFrames/7_ir_left_SNCP1L44P00051_Index1_1739874543427_[0].jpg
[90.103s] -- Installing: /home/mia/data/Project_Backup/cylinder_project/install/orbbec_camera/share/orbbec_camera//examples/multi_camera_synced_verification_tool/multicamera_sync/output/20250218102900/results-2025-02-25_163648/matchFrames/10_color_SNCP1E5420006D_Index0_1739874543227_[0].jpg
[90.104s] -- Installing: /home/mia/data/Project_Backup/cylinder_project/install/orbbec_camera/share/orbbec_camera//examples/multi_camera_synced_verification_tool/multicamera_sync/output/20250218102900/results-2025-02-25_163648/matchFrames/5_color_SNCP1E5420006D_Index0_1739874543327_[0].jpg
[90.104s] -- Installing: /home/mia/data/Project_Backup/cylinder_project/install/orbbec_camera/share/orbbec_camera//examples/multi_camera_synced_verification_tool/multicamera_sync/output/20250218102900/results-2025-02-25_163648/matchFrames/0_color_SNCP1L44P00051_Index1_1739874543527_[0].jpg
[90.105s] -- Installing: /home/mia/data/Project_Backup/cylinder_project/install/orbbec_camera/share/orbbec_camera//examples/multi_camera_synced_verification_tool/multicamera_sync/output/20250218102900/results-2025-02-25_163648/matchFrames/1_color_SNCP1E5420006D_Index0_1739874543494_[0].jpg
[90.106s] -- Installing: /home/mia/data/Project_Backup/cylinder_project/install/orbbec_camera/share/orbbec_camera//examples/multi_camera_synced_verification_tool/multicamera_sync/output/20250218102900/results-2025-02-25_163648/matchFrames/0_color_SNCP1E5420006D_Index0_1739874543527_[0].jpg
[90.106s] -- Installing: /home/mia/data/Project_Backup/cylinder_project/install/orbbec_camera/share/orbbec_camera//examples/multi_camera_synced_verification_tool/multicamera_sync/output/20250218102900/results-2025-02-25_163648/matchFrames/9_color_SNCP1L44P00051_Index1_1739874543393_[0].jpg
[90.107s] -- Installing: /home/mia/data/Project_Backup/cylinder_project/install/orbbec_camera/share/orbbec_camera//examples/multi_camera_synced_verification_tool/multicamera_sync/output/20250218102900/results-2025-02-25_163648/matchFrames/8_ir_left_SNCP1E5420006D_Index0_1739874543294_[1].jpg
[90.107s] -- Installing: /home/mia/data/Project_Backup/cylinder_project/install/orbbec_camera/share/orbbec_camera//examples/multi_camera_synced_verification_tool/multicamera_sync/output/20250218102900/results-2025-02-25_163648/matchFrames/7_color_SNCP1L44P00051_Index1_1739874543427_[0].jpg
[90.108s] -- Installing: /home/mia/data/Project_Backup/cylinder_project/install/orbbec_camera/share/orbbec_camera//examples/multi_camera_synced_verification_tool/multicamera_sync/output/20250218102900/results-2025-02-25_163648/matchFrames/2_ir_left_SNCP1L44P00051_Index1_1739874543460_[0].jpg
[90.108s] -- Installing: /home/mia/data/Project_Backup/cylinder_project/install/orbbec_camera/share/orbbec_camera//examples/multi_camera_synced_verification_tool/multicamera_sync/output/20250218102900/results-2025-02-25_163648/matchFrames/6_color_SNCP1E5420006D_Index0_1739874543561_[1].jpg
[90.109s] -- Installing: /home/mia/data/Project_Backup/cylinder_project/install/orbbec_camera/share/orbbec_camera//examples/multi_camera_synced_verification_tool/multicamera_sync/output/20250218102900/results-2025-02-25_163648/frameMatchLog.txt
[90.110s] -- Installing: /home/mia/data/Project_Backup/cylinder_project/install/orbbec_camera/share/orbbec_camera//examples/multi_camera_synced_verification_tool/multicamera_sync/Python
[90.110s] -- Installing: /home/mia/data/Project_Backup/cylinder_project/install/orbbec_camera/share/orbbec_camera//examples/multi_camera_synced_verification_tool/multicamera_sync/Python/README.md
[90.110s] -- Installing: /home/mia/data/Project_Backup/cylinder_project/install/orbbec_camera/share/orbbec_camera//examples/multi_camera_synced_verification_tool/multicamera_sync/Python/SyncFramesMain.py
[90.110s] -- Installing: /home/mia/data/Project_Backup/cylinder_project/install/orbbec_camera/share/orbbec_camera//examples/multi_camera_synced_verification_tool/multicamera_sync/Python/Config.ini
[90.110s] -- Installing: /home/mia/data/Project_Backup/cylinder_project/install/orbbec_camera/share/orbbec_camera//examples/multi_camera_synced_verification_tool/multicamera_sync/Python/script
[90.111s] -- Installing: /home/mia/data/Project_Backup/cylinder_project/install/orbbec_camera/share/orbbec_camera//examples/multi_camera_synced_verification_tool/multicamera_sync/Python/script/config_frameMatch-Astra2_new.py
[90.111s] -- Installing: /home/mia/data/Project_Backup/cylinder_project/install/orbbec_camera/share/orbbec_camera//examples/multi_camera_synced_verification_tool/multicamera_sync/Python/script/config_frameMatch.py
[90.111s] -- Installing: /home/mia/data/Project_Backup/cylinder_project/install/orbbec_camera/share/orbbec_camera//examples/multi_camera_synced_verification_tool/multicamera_sync/Python/script/config_frameMatch-systemTimestamp.py
[90.111s] -- Installing: /home/mia/data/Project_Backup/cylinder_project/install/orbbec_camera/share/orbbec_camera//examples/multi_camera_synced_verification_tool/multicamera_sync/Python/script/config_frameMatch_Gemini2VL.py
[90.112s] -- Installing: /home/mia/data/Project_Backup/cylinder_project/install/orbbec_camera/share/orbbec_camera//examples/multi_camera_synced_verification_tool/multicamera_sync/Python/script/config_frameMatch_g330.py
[90.112s] -- Installing: /home/mia/data/Project_Backup/cylinder_project/install/orbbec_camera/share/orbbec_camera//examples/Gemini_435Le_example_node
[90.112s] -- Installing: /home/mia/data/Project_Backup/cylinder_project/install/orbbec_camera/share/orbbec_camera//examples/Gemini_435Le_example_node/camera_example_node.cpp
[90.112s] -- Installing: /home/mia/data/Project_Backup/cylinder_project/install/orbbec_camera/share/orbbec_camera//examples/Gemini_435Le_example_node/README.MD
[90.112s] -- Installing: /home/mia/data/Project_Backup/cylinder_project/install/orbbec_camera/share/orbbec_camera//examples/benchmark
[90.113s] -- Installing: /home/mia/data/Project_Backup/cylinder_project/install/orbbec_camera/share/orbbec_camera//examples/benchmark/ob_benchmark_0.launch.py
[90.113s] -- Installing: /home/mia/data/Project_Backup/cylinder_project/install/orbbec_camera/share/orbbec_camera//examples/benchmark/ob_benchmark_1.launch.py
[90.113s] -- Installing: /home/mia/data/Project_Backup/cylinder_project/install/orbbec_camera/share/orbbec_camera//examples/benchmark/gemini_330_series_benchmark.launch.py
[90.113s] -- Installing: /home/mia/data/Project_Backup/cylinder_project/install/orbbec_camera/share/orbbec_camera//examples/multi_camera_time_sync
[90.114s] -- Installing: /home/mia/data/Project_Backup/cylinder_project/install/orbbec_camera/share/orbbec_camera//examples/multi_camera_time_sync/image_sync_example_node.cpp
[90.114s] -- Installing: /home/mia/data/Project_Backup/cylinder_project/install/orbbec_camera/share/orbbec_camera/SDK/licenses
[90.114s] -- Installing: /home/mia/data/Project_Backup/cylinder_project/install/orbbec_camera/share/orbbec_camera/SDK/licenses/libyuv
[90.115s] -- Installing: /home/mia/data/Project_Backup/cylinder_project/install/orbbec_camera/share/orbbec_camera/SDK/licenses/libyuv/LICENSE
[90.115s] -- Installing: /home/mia/data/Project_Backup/cylinder_project/install/orbbec_camera/share/orbbec_camera/SDK/licenses/libuvc
[90.115s] -- Installing: /home/mia/data/Project_Backup/cylinder_project/install/orbbec_camera/share/orbbec_camera/SDK/licenses/libuvc/LICENSE.txt
[90.115s] -- Installing: /home/mia/data/Project_Backup/cylinder_project/install/orbbec_camera/share/orbbec_camera/SDK/licenses/THIRD_PARTY_LICENSES.md
[90.115s] -- Installing: /home/mia/data/Project_Backup/cylinder_project/install/orbbec_camera/share/orbbec_camera/SDK/licenses/libusb
[90.115s] -- Installing: /home/mia/data/Project_Backup/cylinder_project/install/orbbec_camera/share/orbbec_camera/SDK/licenses/libusb/COPYING
[90.116s] -- Installing: /home/mia/data/Project_Backup/cylinder_project/install/orbbec_camera/share/orbbec_camera/SDK/licenses/tinyxml2
[90.116s] -- Installing: /home/mia/data/Project_Backup/cylinder_project/install/orbbec_camera/share/orbbec_camera/SDK/licenses/tinyxml2/LICENSE.txt
[90.116s] -- Installing: /home/mia/data/Project_Backup/cylinder_project/install/orbbec_camera/share/orbbec_camera/SDK/licenses/spdlog
[90.116s] -- Installing: /home/mia/data/Project_Backup/cylinder_project/install/orbbec_camera/share/orbbec_camera/SDK/licenses/spdlog/LICENSE
[90.117s] -- Installing: /home/mia/data/Project_Backup/cylinder_project/install/orbbec_camera/share/orbbec_camera/SDK/licenses/cmrc
[90.117s] -- Installing: /home/mia/data/Project_Backup/cylinder_project/install/orbbec_camera/share/orbbec_camera/SDK/licenses/cmrc/LICENSE.txt
[90.117s] -- Installing: /home/mia/data/Project_Backup/cylinder_project/install/orbbec_camera/share/orbbec_camera/SDK/licenses/libjpeg
[90.117s] -- Installing: /home/mia/data/Project_Backup/cylinder_project/install/orbbec_camera/share/orbbec_camera/SDK/licenses/libjpeg/LICENSE.md
[90.117s] -- Installing: /home/mia/data/Project_Backup/cylinder_project/install/orbbec_camera/share/orbbec_camera/SDK/licenses/mdns
[90.118s] -- Installing: /home/mia/data/Project_Backup/cylinder_project/install/orbbec_camera/share/orbbec_camera/SDK/licenses/mdns/LICENSE
[90.118s] -- Installing: /home/mia/data/Project_Backup/cylinder_project/install/orbbec_camera/share/orbbec_camera/SDK/licenses/dylib
[90.118s] -- Installing: /home/mia/data/Project_Backup/cylinder_project/install/orbbec_camera/share/orbbec_camera/SDK/licenses/dylib/LICENSE
[90.118s] -- Installing: /home/mia/data/Project_Backup/cylinder_project/install/orbbec_camera/share/orbbec_camera/SDK/licenses/jsoncpp
[90.118s] -- Installing: /home/mia/data/Project_Backup/cylinder_project/install/orbbec_camera/share/orbbec_camera/SDK/licenses/jsoncpp/LICENSE
[90.118s] -- Installing: /home/mia/data/Project_Backup/cylinder_project/install/orbbec_camera/share/orbbec_camera/SDK/licenses/rosbag
[90.119s] -- Installing: /home/mia/data/Project_Backup/cylinder_project/install/orbbec_camera/share/orbbec_camera/SDK/licenses/rosbag/LICENSE
[90.119s] -- Installing: /home/mia/data/Project_Backup/cylinder_project/install/orbbec_camera/share/orbbec_camera/SDK/licenses/live555
[90.119s] -- Installing: /home/mia/data/Project_Backup/cylinder_project/install/orbbec_camera/share/orbbec_camera/SDK/licenses/live555/COPYING
[90.119s] -- Installing: /home/mia/data/Project_Backup/cylinder_project/install/orbbec_camera/share/orbbec_camera/SDK/licenses/live555/COPYING.LESSER
[90.120s] -- Up-to-date: /home/mia/data/Project_Backup/cylinder_project/install/orbbec_camera/include
[90.120s] -- Installing: /home/mia/data/Project_Backup/cylinder_project/install/orbbec_camera/include/libobsensor
[90.120s] -- Installing: /home/mia/data/Project_Backup/cylinder_project/install/orbbec_camera/include/libobsensor/h
[90.120s] -- Installing: /home/mia/data/Project_Backup/cylinder_project/install/orbbec_camera/include/libobsensor/h/ApplicationConfig.h
[90.120s] -- Installing: /home/mia/data/Project_Backup/cylinder_project/install/orbbec_camera/include/libobsensor/h/Property.h
[90.120s] -- Installing: /home/mia/data/Project_Backup/cylinder_project/install/orbbec_camera/include/libobsensor/h/ObTypes.h
[90.120s] -- Installing: /home/mia/data/Project_Backup/cylinder_project/install/orbbec_camera/include/libobsensor/h/Export.h
[90.120s] -- Installing: /home/mia/data/Project_Backup/cylinder_project/install/orbbec_camera/include/libobsensor/h/Frame.h
[90.121s] -- Installing: /home/mia/data/Project_Backup/cylinder_project/install/orbbec_camera/include/libobsensor/h/RecordPlayback.h
[90.121s] -- Installing: /home/mia/data/Project_Backup/cylinder_project/install/orbbec_camera/include/libobsensor/h/TypeHelper.h
[90.121s] -- Installing: /home/mia/data/Project_Backup/cylinder_project/install/orbbec_camera/include/libobsensor/h/Filter.h
[90.121s] -- Installing: /home/mia/data/Project_Backup/cylinder_project/install/orbbec_camera/include/libobsensor/h/Error.h
[90.121s] -- Installing: /home/mia/data/Project_Backup/cylinder_project/install/orbbec_camera/include/libobsensor/h/Version.h
[90.121s] -- Installing: /home/mia/data/Project_Backup/cylinder_project/install/orbbec_camera/include/libobsensor/h/Device.h
[90.121s] -- Installing: /home/mia/data/Project_Backup/cylinder_project/install/orbbec_camera/include/libobsensor/h/Pipeline.h
[90.121s] -- Installing: /home/mia/data/Project_Backup/cylinder_project/install/orbbec_camera/include/libobsensor/h/Context.h
[90.121s] -- Installing: /home/mia/data/Project_Backup/cylinder_project/install/orbbec_camera/include/libobsensor/h/Utils.h
[90.121s] -- Installing: /home/mia/data/Project_Backup/cylinder_project/install/orbbec_camera/include/libobsensor/h/Sensor.h
[90.121s] -- Installing: /home/mia/data/Project_Backup/cylinder_project/install/orbbec_camera/include/libobsensor/h/StreamProfile.h
[90.121s] -- Installing: /home/mia/data/Project_Backup/cylinder_project/install/orbbec_camera/include/libobsensor/h/Advanced.h
[90.122s] -- Installing: /home/mia/data/Project_Backup/cylinder_project/install/orbbec_camera/include/libobsensor/h/MultipleDevices.h
[90.122s] -- Installing: /home/mia/data/Project_Backup/cylinder_project/install/orbbec_camera/include/libobsensor/ObSensor.hpp
[90.122s] -- Installing: /home/mia/data/Project_Backup/cylinder_project/install/orbbec_camera/include/libobsensor/ObSensor.h
[90.122s] -- Installing: /home/mia/data/Project_Backup/cylinder_project/install/orbbec_camera/include/libobsensor/hpp
[90.122s] -- Installing: /home/mia/data/Project_Backup/cylinder_project/install/orbbec_camera/include/libobsensor/hpp/Sensor.hpp
[90.122s] -- Installing: /home/mia/data/Project_Backup/cylinder_project/install/orbbec_camera/include/libobsensor/hpp/ApplicationConfig.hpp
[90.122s] -- Installing: /home/mia/data/Project_Backup/cylinder_project/install/orbbec_camera/include/libobsensor/hpp/Types.hpp
[90.122s] -- Installing: /home/mia/data/Project_Backup/cylinder_project/install/orbbec_camera/include/libobsensor/hpp/StreamProfile.hpp
[90.123s] -- Installing: /home/mia/data/Project_Backup/cylinder_project/install/orbbec_camera/include/libobsensor/hpp/TypeHelper.hpp
[90.123s] -- Installing: /home/mia/data/Project_Backup/cylinder_project/install/orbbec_camera/include/libobsensor/hpp/Device.hpp
[90.123s] -- Installing: /home/mia/data/Project_Backup/cylinder_project/install/orbbec_camera/include/libobsensor/hpp/Version.hpp
[90.123s] -- Installing: /home/mia/data/Project_Backup/cylinder_project/install/orbbec_camera/include/libobsensor/hpp/Error.hpp
[90.123s] -- Installing: /home/mia/data/Project_Backup/cylinder_project/install/orbbec_camera/include/libobsensor/hpp/Filter.hpp
[90.123s] -- Installing: /home/mia/data/Project_Backup/cylinder_project/install/orbbec_camera/include/libobsensor/hpp/Context.hpp
[90.123s] -- Installing: /home/mia/data/Project_Backup/cylinder_project/install/orbbec_camera/include/libobsensor/hpp/Frame.hpp
[90.123s] -- Installing: /home/mia/data/Project_Backup/cylinder_project/install/orbbec_camera/include/libobsensor/hpp/RecordPlayback.hpp
[90.123s] -- Installing: /home/mia/data/Project_Backup/cylinder_project/install/orbbec_camera/include/libobsensor/hpp/Utils.hpp
[90.123s] -- Installing: /home/mia/data/Project_Backup/cylinder_project/install/orbbec_camera/include/libobsensor/hpp/Pipeline.hpp
[90.124s] -- Up-to-date: /home/mia/data/Project_Backup/cylinder_project/install/orbbec_camera/lib/
[90.124s] -- Installing: /home/mia/data/Project_Backup/cylinder_project/install/orbbec_camera/lib//libOrbbecSDK.so.2.9.3
[90.142s] -- Installing: /home/mia/data/Project_Backup/cylinder_project/install/orbbec_camera/lib//extensions
[90.142s] -- Installing: /home/mia/data/Project_Backup/cylinder_project/install/orbbec_camera/lib//extensions/filters
[90.142s] -- Installing: /home/mia/data/Project_Backup/cylinder_project/install/orbbec_camera/lib//extensions/filters/libob_priv_filter.so
[90.143s] -- Installing: /home/mia/data/Project_Backup/cylinder_project/install/orbbec_camera/lib//extensions/filters/libFilterProcessor.so
[90.144s] -- Installing: /home/mia/data/Project_Backup/cylinder_project/install/orbbec_camera/lib//extensions/firmwareupdater
[90.144s] -- Installing: /home/mia/data/Project_Backup/cylinder_project/install/orbbec_camera/lib//extensions/firmwareupdater/libfirmwareupdater.so
[90.146s] -- Installing: /home/mia/data/Project_Backup/cylinder_project/install/orbbec_camera/lib//extensions/depthengine
[90.146s] -- Installing: /home/mia/data/Project_Backup/cylinder_project/install/orbbec_camera/lib//extensions/depthengine/libdepthengine.so.2.0
[90.147s] -- Installing: /home/mia/data/Project_Backup/cylinder_project/install/orbbec_camera/lib//extensions/depthengine/libdepthengine.so
[90.148s] -- Installing: /home/mia/data/Project_Backup/cylinder_project/install/orbbec_camera/lib//extensions/frameprocessor
[90.148s] -- Installing: /home/mia/data/Project_Backup/cylinder_project/install/orbbec_camera/lib//extensions/frameprocessor/libob_frame_processor.so
[90.148s] -- Installing: /home/mia/data/Project_Backup/cylinder_project/install/orbbec_camera/lib//libOrbbecSDK.so.2
[90.149s] -- Installing: /home/mia/data/Project_Backup/cylinder_project/install/orbbec_camera/lib//libOrbbecSDK.so
[90.149s] -- Installing: /home/mia/data/Project_Backup/cylinder_project/install/orbbec_camera/lib/extensions/libdepthengine.so
[90.149s] -- Installing: /home/mia/data/Project_Backup/cylinder_project/install/orbbec_camera/lib/extensions/libdepthengine.so.2.0
[90.149s] -- Installing: /home/mia/data/Project_Backup/cylinder_project/install/orbbec_camera/lib/extensions/libFilterProcessor.so
[90.149s] -- Installing: /home/mia/data/Project_Backup/cylinder_project/install/orbbec_camera/lib/extensions/libob_priv_filter.so
[90.150s] -- Installing: /home/mia/data/Project_Backup/cylinder_project/install/orbbec_camera/lib/extensions/libfirmwareupdater.so
[90.150s] -- Installing: /home/mia/data/Project_Backup/cylinder_project/install/orbbec_camera/lib/extensions/libob_frame_processor.so
[90.150s] -- Installing: /home/mia/data/Project_Backup/cylinder_project/install/orbbec_camera/share/orbbec_camera/udev/99-obsensor-libusb.rules
[90.151s] -- Installing: /home/mia/data/Project_Backup/cylinder_project/install/orbbec_camera/lib/orbbec_camera/list_devices_node
[90.151s] -- Set runtime path of "/home/mia/data/Project_Backup/cylinder_project/install/orbbec_camera/lib/orbbec_camera/list_devices_node" to ":/home/mia/data/Project_Backup/cylinder_project/src/OrbbecSDK_ROS2-2-main/orbbec_camera/SDK/lib/x64"
[90.151s] -- Installing: /home/mia/data/Project_Backup/cylinder_project/install/orbbec_camera/lib/orbbec_camera/list_depth_work_mode_node
[90.151s] -- Set runtime path of "/home/mia/data/Project_Backup/cylinder_project/install/orbbec_camera/lib/orbbec_camera/list_depth_work_mode_node" to ":/home/mia/data/Project_Backup/cylinder_project/src/OrbbecSDK_ROS2-2-main/orbbec_camera/SDK/lib/x64"
[90.151s] -- Installing: /home/mia/data/Project_Backup/cylinder_project/install/orbbec_camera/lib/orbbec_camera/list_camera_profile_mode_node
[90.152s] -- Set runtime path of "/home/mia/data/Project_Backup/cylinder_project/install/orbbec_camera/lib/orbbec_camera/list_camera_profile_mode_node" to ":/home/mia/data/Project_Backup/cylinder_project/src/OrbbecSDK_ROS2-2-main/orbbec_camera/SDK/lib/x64"
[90.152s] -- Installing: /home/mia/data/Project_Backup/cylinder_project/install/orbbec_camera/lib/orbbec_camera/firmware_update_tool
[90.152s] -- Set runtime path of "/home/mia/data/Project_Backup/cylinder_project/install/orbbec_camera/lib/orbbec_camera/firmware_update_tool" to ":/home/mia/data/Project_Backup/cylinder_project/src/OrbbecSDK_ROS2-2-main/orbbec_camera/SDK/lib/x64"
[90.152s] -- Installing: /home/mia/data/Project_Backup/cylinder_project/install/orbbec_camera/lib/orbbec_camera/topic_statistics_node
[90.153s] -- Set runtime path of "/home/mia/data/Project_Backup/cylinder_project/install/orbbec_camera/lib/orbbec_camera/topic_statistics_node" to ":/home/mia/data/Project_Backup/cylinder_project/src/OrbbecSDK_ROS2-2-main/orbbec_camera/SDK/lib/x64"
[90.153s] -- Installing: /home/mia/data/Project_Backup/cylinder_project/install/orbbec_camera/lib/orbbec_camera/service_benchmark_node
[90.153s] -- Set runtime path of "/home/mia/data/Project_Backup/cylinder_project/install/orbbec_camera/lib/orbbec_camera/service_benchmark_node" to ":/home/mia/data/Project_Backup/cylinder_project/src/OrbbecSDK_ROS2-2-main/orbbec_camera/SDK/lib/x64"
[90.153s] -- Installing: /home/mia/data/Project_Backup/cylinder_project/install/orbbec_camera/lib/orbbec_camera/ob_benchmark_node
[90.154s] -- Set runtime path of "/home/mia/data/Project_Backup/cylinder_project/install/orbbec_camera/lib/orbbec_camera/ob_benchmark_node" to ":/home/mia/data/Project_Backup/cylinder_project/src/OrbbecSDK_ROS2-2-main/orbbec_camera/SDK/lib/x64"
[90.154s] -- Installing: /home/mia/data/Project_Backup/cylinder_project/install/orbbec_camera/lib/orbbec_camera/435le_example_node
[90.154s] -- Set runtime path of "/home/mia/data/Project_Backup/cylinder_project/install/orbbec_camera/lib/orbbec_camera/435le_example_node" to ":/home/mia/data/Project_Backup/cylinder_project/src/OrbbecSDK_ROS2-2-main/orbbec_camera/SDK/lib/x64"
[90.154s] -- Installing: /home/mia/data/Project_Backup/cylinder_project/install/orbbec_camera/lib/orbbec_camera/ip_config_tool
[90.155s] -- Set runtime path of "/home/mia/data/Project_Backup/cylinder_project/install/orbbec_camera/lib/orbbec_camera/ip_config_tool" to ":/home/mia/data/Project_Backup/cylinder_project/src/OrbbecSDK_ROS2-2-main/orbbec_camera/SDK/lib/x64"
[90.155s] -- Installing: /home/mia/data/Project_Backup/cylinder_project/install/orbbec_camera/lib/orbbec_camera/set_device_ip
[90.155s] -- Set runtime path of "/home/mia/data/Project_Backup/cylinder_project/install/orbbec_camera/lib/orbbec_camera/set_device_ip" to ":/home/mia/data/Project_Backup/cylinder_project/src/OrbbecSDK_ROS2-2-main/orbbec_camera/SDK/lib/x64"
[90.155s] -- Installing: /home/mia/data/Project_Backup/cylinder_project/install/orbbec_camera/lib/orbbec_camera/image_sync_example_node
[90.156s] -- Set runtime path of "/home/mia/data/Project_Backup/cylinder_project/install/orbbec_camera/lib/orbbec_camera/image_sync_example_node" to ":/home/mia/data/Project_Backup/cylinder_project/src/OrbbecSDK_ROS2-2-main/orbbec_camera/SDK/lib/x64"
[90.156s] -- Installing: /home/mia/data/Project_Backup/cylinder_project/install/orbbec_camera/share/orbbec_camera/environment/library_path.sh
[90.157s] -- Installing: /home/mia/data/Project_Backup/cylinder_project/install/orbbec_camera/share/orbbec_camera/environment/library_path.dsv
[90.157s] -- Installing: /home/mia/data/Project_Backup/cylinder_project/install/orbbec_camera/share/ament_index/resource_index/package_run_dependencies/orbbec_camera
[90.157s] -- Installing: /home/mia/data/Project_Backup/cylinder_project/install/orbbec_camera/share/ament_index/resource_index/parent_prefix_path/orbbec_camera
[90.157s] -- Installing: /home/mia/data/Project_Backup/cylinder_project/install/orbbec_camera/share/orbbec_camera/environment/ament_prefix_path.sh
[90.157s] -- Installing: /home/mia/data/Project_Backup/cylinder_project/install/orbbec_camera/share/orbbec_camera/environment/ament_prefix_path.dsv
[90.157s] -- Installing: /home/mia/data/Project_Backup/cylinder_project/install/orbbec_camera/share/orbbec_camera/environment/path.sh
[90.157s] -- Installing: /home/mia/data/Project_Backup/cylinder_project/install/orbbec_camera/share/orbbec_camera/environment/path.dsv
[90.158s] -- Installing: /home/mia/data/Project_Backup/cylinder_project/install/orbbec_camera/share/orbbec_camera/local_setup.bash
[90.158s] -- Installing: /home/mia/data/Project_Backup/cylinder_project/install/orbbec_camera/share/orbbec_camera/local_setup.sh
[90.158s] -- Installing: /home/mia/data/Project_Backup/cylinder_project/install/orbbec_camera/share/orbbec_camera/local_setup.zsh
[90.158s] -- Installing: /home/mia/data/Project_Backup/cylinder_project/install/orbbec_camera/share/orbbec_camera/local_setup.dsv
[90.158s] -- Installing: /home/mia/data/Project_Backup/cylinder_project/install/orbbec_camera/share/orbbec_camera/package.dsv
[90.158s] -- Installing: /home/mia/data/Project_Backup/cylinder_project/install/orbbec_camera/share/ament_index/resource_index/packages/orbbec_camera
[90.158s] -- Installing: /home/mia/data/Project_Backup/cylinder_project/install/orbbec_camera/share/ament_index/resource_index/rclcpp_components/orbbec_camera
[90.158s] -- Installing: /home/mia/data/Project_Backup/cylinder_project/install/orbbec_camera/share/orbbec_camera/cmake/ament_cmake_export_include_directories-extras.cmake
[90.159s] -- Installing: /home/mia/data/Project_Backup/cylinder_project/install/orbbec_camera/share/orbbec_camera/cmake/ament_cmake_export_libraries-extras.cmake
[90.159s] -- Installing: /home/mia/data/Project_Backup/cylinder_project/install/orbbec_camera/share/orbbec_camera/cmake/ament_cmake_export_dependencies-extras.cmake
[90.159s] -- Installing: /home/mia/data/Project_Backup/cylinder_project/install/orbbec_camera/share/orbbec_camera/cmake/orbbec_cameraConfig.cmake
[90.159s] -- Installing: /home/mia/data/Project_Backup/cylinder_project/install/orbbec_camera/share/orbbec_camera/cmake/orbbec_cameraConfig-version.cmake
[90.159s] -- Installing: /home/mia/data/Project_Backup/cylinder_project/install/orbbec_camera/share/orbbec_camera/package.xml
[90.161s] Invoked command in '/home/mia/data/Project_Backup/cylinder_project/build/orbbec_camera' returned '0': AMENT_PREFIX_PATH=/home/mia/data/Project_Backup/cylinder_project/install/orbbec_camera_msgs:${AMENT_PREFIX_PATH} CMAKE_PREFIX_PATH=/home/mia/data/Project_Backup/cylinder_project/install/orbbec_camera_msgs:/opt/ros/humble LD_LIBRARY_PATH=/home/mia/data/Project_Backup/cylinder_project/install/orbbec_camera_msgs/lib:${LD_LIBRARY_PATH} PYTHONPATH=/home/mia/data/Project_Backup/cylinder_project/install/orbbec_camera_msgs/local/lib/python3.10/dist-packages:${PYTHONPATH} /usr/bin/cmake --install /home/mia/data/Project_Backup/cylinder_project/build/orbbec_camera
