[0.161s] DEBUG:colcon:Command line arguments: ['/usr/bin/colcon', 'build']
[0.162s] DEBUG:colcon:Parsed command line arguments: Namespace(log_base=None, log_level=None, verb_name='build', build_base='build', install_base='install', merge_install=False, symlink_install=False, test_result_base=None, continue_on_error=False, executor='parallel', parallel_workers=16, event_handlers=None, ignore_user_meta=False, metas=['./colcon.meta'], base_paths=['.'], packages_ignore=None, packages_ignore_regex=None, paths=None, packages_up_to=None, packages_up_to_regex=None, packages_above=None, packages_above_and_dependencies=None, packages_above_depth=None, packages_select_by_dep=None, packages_skip_by_dep=None, packages_skip_up_to=None, packages_select_build_failed=False, packages_skip_build_finished=False, packages_select_test_failures=False, packages_skip_test_passed=False, packages_select=None, packages_skip=None, packages_select_regex=None, packages_skip_regex=None, packages_start=None, packages_end=None, allow_overriding=[], cmake_args=None, cmake_target=None, cmake_target_skip_unavailable=False, cmake_clean_cache=False, cmake_clean_first=False, cmake_force_configure=False, ament_cmake_args=None, catkin_cmake_args=None, catkin_skip_building_tests=False, verb_parser=<colcon_defaults.argument_parser.defaults.DefaultArgumentsDecorator object at 0x71463ea3f820>, verb_extension=<colcon_core.verb.build.BuildVerb object at 0x71463ea3f2b0>, main=<bound method BuildVerb.main of <colcon_core.verb.build.BuildVerb object at 0x71463ea3f2b0>>)
[0.435s] Level 1:colcon.colcon_core.package_discovery:discover_packages(colcon_meta) check parameters
[0.435s] Level 1:colcon.colcon_core.package_discovery:discover_packages(recursive) check parameters
[0.436s] Level 1:colcon.colcon_core.package_discovery:discover_packages(ignore) check parameters
[0.436s] Level 1:colcon.colcon_core.package_discovery:discover_packages(path) check parameters
[0.436s] Level 1:colcon.colcon_core.package_discovery:discover_packages(colcon_meta) discover
[0.436s] Level 1:colcon.colcon_core.package_discovery:discover_packages(recursive) discover
[0.436s] INFO:colcon.colcon_core.package_discovery:Crawling recursively for packages in '/home/mia/data/Project_Backup/cylinder_project'
[0.436s] Level 1:colcon.colcon_core.package_identification:_identify(.) by extensions ['ignore', 'ignore_ament_install']
[0.436s] Level 1:colcon.colcon_core.package_identification:_identify(.) by extension 'ignore'
[0.436s] Level 1:colcon.colcon_core.package_identification:_identify(.) by extension 'ignore_ament_install'
[0.436s] Level 1:colcon.colcon_core.package_identification:_identify(.) by extensions ['colcon_pkg']
[0.436s] Level 1:colcon.colcon_core.package_identification:_identify(.) by extension 'colcon_pkg'
[0.436s] Level 1:colcon.colcon_core.package_identification:_identify(.) by extensions ['colcon_meta']
[0.436s] Level 1:colcon.colcon_core.package_identification:_identify(.) by extension 'colcon_meta'
[0.436s] Level 1:colcon.colcon_core.package_identification:_identify(.) by extensions ['ros']
[0.436s] Level 1:colcon.colcon_core.package_identification:_identify(.) by extension 'ros'
[0.449s] Level 1:colcon.colcon_core.package_identification:_identify(.) by extensions ['cmake', 'python']
[0.449s] Level 1:colcon.colcon_core.package_identification:_identify(.) by extension 'cmake'
[0.449s] Level 1:colcon.colcon_core.package_identification:_identify(.) by extension 'python'
[0.449s] Level 1:colcon.colcon_core.package_identification:_identify(.) by extensions ['python_setup_py']
[0.449s] Level 1:colcon.colcon_core.package_identification:_identify(.) by extension 'python_setup_py'
[0.449s] Level 1:colcon.colcon_core.package_identification:_identify(build) by extensions ['ignore', 'ignore_ament_install']
[0.449s] Level 1:colcon.colcon_core.package_identification:_identify(build) by extension 'ignore'
[0.449s] Level 1:colcon.colcon_core.package_identification:_identify(build) ignored
[0.449s] Level 1:colcon.colcon_core.package_identification:_identify(install) by extensions ['ignore', 'ignore_ament_install']
[0.449s] Level 1:colcon.colcon_core.package_identification:_identify(install) by extension 'ignore'
[0.449s] Level 1:colcon.colcon_core.package_identification:_identify(install) ignored
[0.449s] Level 1:colcon.colcon_core.package_identification:_identify(log) by extensions ['ignore', 'ignore_ament_install']
[0.449s] Level 1:colcon.colcon_core.package_identification:_identify(log) by extension 'ignore'
[0.449s] Level 1:colcon.colcon_core.package_identification:_identify(log) ignored
[0.449s] Level 1:colcon.colcon_core.package_identification:_identify(src) by extensions ['ignore', 'ignore_ament_install']
[0.449s] Level 1:colcon.colcon_core.package_identification:_identify(src) by extension 'ignore'
[0.450s] Level 1:colcon.colcon_core.package_identification:_identify(src) by extension 'ignore_ament_install'
[0.450s] Level 1:colcon.colcon_core.package_identification:_identify(src) by extensions ['colcon_pkg']
[0.450s] Level 1:colcon.colcon_core.package_identification:_identify(src) by extension 'colcon_pkg'
[0.450s] Level 1:colcon.colcon_core.package_identification:_identify(src) by extensions ['colcon_meta']
[0.450s] Level 1:colcon.colcon_core.package_identification:_identify(src) by extension 'colcon_meta'
[0.450s] Level 1:colcon.colcon_core.package_identification:_identify(src) by extensions ['ros']
[0.450s] Level 1:colcon.colcon_core.package_identification:_identify(src) by extension 'ros'
[0.450s] Level 1:colcon.colcon_core.package_identification:_identify(src) by extensions ['cmake', 'python']
[0.450s] Level 1:colcon.colcon_core.package_identification:_identify(src) by extension 'cmake'
[0.450s] Level 1:colcon.colcon_core.package_identification:_identify(src) by extension 'python'
[0.450s] Level 1:colcon.colcon_core.package_identification:_identify(src) by extensions ['python_setup_py']
[0.450s] Level 1:colcon.colcon_core.package_identification:_identify(src) by extension 'python_setup_py'
[0.450s] Level 1:colcon.colcon_core.package_identification:_identify(src/OrbbecSDK_ROS2-2-main) by extensions ['ignore', 'ignore_ament_install']
[0.450s] Level 1:colcon.colcon_core.package_identification:_identify(src/OrbbecSDK_ROS2-2-main) by extension 'ignore'
[0.450s] Level 1:colcon.colcon_core.package_identification:_identify(src/OrbbecSDK_ROS2-2-main) by extension 'ignore_ament_install'
[0.450s] Level 1:colcon.colcon_core.package_identification:_identify(src/OrbbecSDK_ROS2-2-main) by extensions ['colcon_pkg']
[0.450s] Level 1:colcon.colcon_core.package_identification:_identify(src/OrbbecSDK_ROS2-2-main) by extension 'colcon_pkg'
[0.450s] Level 1:colcon.colcon_core.package_identification:_identify(src/OrbbecSDK_ROS2-2-main) by extensions ['colcon_meta']
[0.450s] Level 1:colcon.colcon_core.package_identification:_identify(src/OrbbecSDK_ROS2-2-main) by extension 'colcon_meta'
[0.450s] Level 1:colcon.colcon_core.package_identification:_identify(src/OrbbecSDK_ROS2-2-main) by extensions ['ros']
[0.450s] Level 1:colcon.colcon_core.package_identification:_identify(src/OrbbecSDK_ROS2-2-main) by extension 'ros'
[0.451s] Level 1:colcon.colcon_core.package_identification:_identify(src/OrbbecSDK_ROS2-2-main) by extensions ['cmake', 'python']
[0.451s] Level 1:colcon.colcon_core.package_identification:_identify(src/OrbbecSDK_ROS2-2-main) by extension 'cmake'
[0.451s] Level 1:colcon.colcon_core.package_identification:_identify(src/OrbbecSDK_ROS2-2-main) by extension 'python'
[0.451s] Level 1:colcon.colcon_core.package_identification:_identify(src/OrbbecSDK_ROS2-2-main) by extensions ['python_setup_py']
[0.451s] Level 1:colcon.colcon_core.package_identification:_identify(src/OrbbecSDK_ROS2-2-main) by extension 'python_setup_py'
[0.451s] Level 1:colcon.colcon_core.package_identification:_identify(src/OrbbecSDK_ROS2-2-main/build) by extensions ['ignore', 'ignore_ament_install']
[0.452s] Level 1:colcon.colcon_core.package_identification:_identify(src/OrbbecSDK_ROS2-2-main/build) by extension 'ignore'
[0.452s] Level 1:colcon.colcon_core.package_identification:_identify(src/OrbbecSDK_ROS2-2-main/build) by extension 'ignore_ament_install'
[0.452s] Level 1:colcon.colcon_core.package_identification:_identify(src/OrbbecSDK_ROS2-2-main/build) by extensions ['colcon_pkg']
[0.452s] Level 1:colcon.colcon_core.package_identification:_identify(src/OrbbecSDK_ROS2-2-main/build) by extension 'colcon_pkg'
[0.452s] Level 1:colcon.colcon_core.package_identification:_identify(src/OrbbecSDK_ROS2-2-main/build) by extensions ['colcon_meta']
[0.452s] Level 1:colcon.colcon_core.package_identification:_identify(src/OrbbecSDK_ROS2-2-main/build) by extension 'colcon_meta'
[0.452s] Level 1:colcon.colcon_core.package_identification:_identify(src/OrbbecSDK_ROS2-2-main/build) by extensions ['ros']
[0.452s] Level 1:colcon.colcon_core.package_identification:_identify(src/OrbbecSDK_ROS2-2-main/build) by extension 'ros'
[0.452s] Level 1:colcon.colcon_core.package_identification:_identify(src/OrbbecSDK_ROS2-2-main/build) by extensions ['cmake', 'python']
[0.452s] Level 1:colcon.colcon_core.package_identification:_identify(src/OrbbecSDK_ROS2-2-main/build) by extension 'cmake'
[0.452s] Level 1:colcon.colcon_core.package_identification:_identify(src/OrbbecSDK_ROS2-2-main/build) by extension 'python'
[0.452s] Level 1:colcon.colcon_core.package_identification:_identify(src/OrbbecSDK_ROS2-2-main/build) by extensions ['python_setup_py']
[0.452s] Level 1:colcon.colcon_core.package_identification:_identify(src/OrbbecSDK_ROS2-2-main/build) by extension 'python_setup_py'
[0.452s] Level 1:colcon.colcon_core.package_identification:_identify(src/OrbbecSDK_ROS2-2-main/docs) by extensions ['ignore', 'ignore_ament_install']
[0.452s] Level 1:colcon.colcon_core.package_identification:_identify(src/OrbbecSDK_ROS2-2-main/docs) by extension 'ignore'
[0.453s] Level 1:colcon.colcon_core.package_identification:_identify(src/OrbbecSDK_ROS2-2-main/docs) by extension 'ignore_ament_install'
[0.453s] Level 1:colcon.colcon_core.package_identification:_identify(src/OrbbecSDK_ROS2-2-main/docs) by extensions ['colcon_pkg']
[0.453s] Level 1:colcon.colcon_core.package_identification:_identify(src/OrbbecSDK_ROS2-2-main/docs) by extension 'colcon_pkg'
[0.453s] Level 1:colcon.colcon_core.package_identification:_identify(src/OrbbecSDK_ROS2-2-main/docs) by extensions ['colcon_meta']
[0.453s] Level 1:colcon.colcon_core.package_identification:_identify(src/OrbbecSDK_ROS2-2-main/docs) by extension 'colcon_meta'
[0.453s] Level 1:colcon.colcon_core.package_identification:_identify(src/OrbbecSDK_ROS2-2-main/docs) by extensions ['ros']
[0.453s] Level 1:colcon.colcon_core.package_identification:_identify(src/OrbbecSDK_ROS2-2-main/docs) by extension 'ros'
[0.453s] Level 1:colcon.colcon_core.package_identification:_identify(src/OrbbecSDK_ROS2-2-main/docs) by extensions ['cmake', 'python']
[0.453s] Level 1:colcon.colcon_core.package_identification:_identify(src/OrbbecSDK_ROS2-2-main/docs) by extension 'cmake'
[0.453s] Level 1:colcon.colcon_core.package_identification:_identify(src/OrbbecSDK_ROS2-2-main/docs) by extension 'python'
[0.453s] Level 1:colcon.colcon_core.package_identification:_identify(src/OrbbecSDK_ROS2-2-main/docs) by extensions ['python_setup_py']
[0.453s] Level 1:colcon.colcon_core.package_identification:_identify(src/OrbbecSDK_ROS2-2-main/docs) by extension 'python_setup_py'
[0.453s] Level 1:colcon.colcon_core.package_identification:_identify(src/OrbbecSDK_ROS2-2-main/docs/images) by extensions ['ignore', 'ignore_ament_install']
[0.453s] Level 1:colcon.colcon_core.package_identification:_identify(src/OrbbecSDK_ROS2-2-main/docs/images) by extension 'ignore'
[0.453s] Level 1:colcon.colcon_core.package_identification:_identify(src/OrbbecSDK_ROS2-2-main/docs/images) by extension 'ignore_ament_install'
[0.453s] Level 1:colcon.colcon_core.package_identification:_identify(src/OrbbecSDK_ROS2-2-main/docs/images) by extensions ['colcon_pkg']
[0.453s] Level 1:colcon.colcon_core.package_identification:_identify(src/OrbbecSDK_ROS2-2-main/docs/images) by extension 'colcon_pkg'
[0.453s] Level 1:colcon.colcon_core.package_identification:_identify(src/OrbbecSDK_ROS2-2-main/docs/images) by extensions ['colcon_meta']
[0.453s] Level 1:colcon.colcon_core.package_identification:_identify(src/OrbbecSDK_ROS2-2-main/docs/images) by extension 'colcon_meta'
[0.453s] Level 1:colcon.colcon_core.package_identification:_identify(src/OrbbecSDK_ROS2-2-main/docs/images) by extensions ['ros']
[0.454s] Level 1:colcon.colcon_core.package_identification:_identify(src/OrbbecSDK_ROS2-2-main/docs/images) by extension 'ros'
[0.454s] Level 1:colcon.colcon_core.package_identification:_identify(src/OrbbecSDK_ROS2-2-main/docs/images) by extensions ['cmake', 'python']
[0.454s] Level 1:colcon.colcon_core.package_identification:_identify(src/OrbbecSDK_ROS2-2-main/docs/images) by extension 'cmake'
[0.454s] Level 1:colcon.colcon_core.package_identification:_identify(src/OrbbecSDK_ROS2-2-main/docs/images) by extension 'python'
[0.454s] Level 1:colcon.colcon_core.package_identification:_identify(src/OrbbecSDK_ROS2-2-main/docs/images) by extensions ['python_setup_py']
[0.454s] Level 1:colcon.colcon_core.package_identification:_identify(src/OrbbecSDK_ROS2-2-main/docs/images) by extension 'python_setup_py'
[0.454s] Level 1:colcon.colcon_core.package_identification:_identify(src/OrbbecSDK_ROS2-2-main/orbbec_camera) by extensions ['ignore', 'ignore_ament_install']
[0.454s] Level 1:colcon.colcon_core.package_identification:_identify(src/OrbbecSDK_ROS2-2-main/orbbec_camera) by extension 'ignore'
[0.454s] Level 1:colcon.colcon_core.package_identification:_identify(src/OrbbecSDK_ROS2-2-main/orbbec_camera) by extension 'ignore_ament_install'
[0.454s] Level 1:colcon.colcon_core.package_identification:_identify(src/OrbbecSDK_ROS2-2-main/orbbec_camera) by extensions ['colcon_pkg']
[0.454s] Level 1:colcon.colcon_core.package_identification:_identify(src/OrbbecSDK_ROS2-2-main/orbbec_camera) by extension 'colcon_pkg'
[0.454s] Level 1:colcon.colcon_core.package_identification:_identify(src/OrbbecSDK_ROS2-2-main/orbbec_camera) by extensions ['colcon_meta']
[0.454s] Level 1:colcon.colcon_core.package_identification:_identify(src/OrbbecSDK_ROS2-2-main/orbbec_camera) by extension 'colcon_meta'
[0.454s] Level 1:colcon.colcon_core.package_identification:_identify(src/OrbbecSDK_ROS2-2-main/orbbec_camera) by extensions ['ros']
[0.454s] Level 1:colcon.colcon_core.package_identification:_identify(src/OrbbecSDK_ROS2-2-main/orbbec_camera) by extension 'ros'
[0.459s] DEBUG:colcon.colcon_core.package_identification:Package 'src/OrbbecSDK_ROS2-2-main/orbbec_camera' with type 'ros.ament_cmake' and name 'orbbec_camera'
[0.459s] Level 1:colcon.colcon_core.package_identification:_identify(src/OrbbecSDK_ROS2-2-main/orbbec_camera_msgs) by extensions ['ignore', 'ignore_ament_install']
[0.459s] Level 1:colcon.colcon_core.package_identification:_identify(src/OrbbecSDK_ROS2-2-main/orbbec_camera_msgs) by extension 'ignore'
[0.459s] Level 1:colcon.colcon_core.package_identification:_identify(src/OrbbecSDK_ROS2-2-main/orbbec_camera_msgs) by extension 'ignore_ament_install'
[0.459s] Level 1:colcon.colcon_core.package_identification:_identify(src/OrbbecSDK_ROS2-2-main/orbbec_camera_msgs) by extensions ['colcon_pkg']
[0.459s] Level 1:colcon.colcon_core.package_identification:_identify(src/OrbbecSDK_ROS2-2-main/orbbec_camera_msgs) by extension 'colcon_pkg'
[0.460s] Level 1:colcon.colcon_core.package_identification:_identify(src/OrbbecSDK_ROS2-2-main/orbbec_camera_msgs) by extensions ['colcon_meta']
[0.460s] Level 1:colcon.colcon_core.package_identification:_identify(src/OrbbecSDK_ROS2-2-main/orbbec_camera_msgs) by extension 'colcon_meta'
[0.460s] Level 1:colcon.colcon_core.package_identification:_identify(src/OrbbecSDK_ROS2-2-main/orbbec_camera_msgs) by extensions ['ros']
[0.460s] Level 1:colcon.colcon_core.package_identification:_identify(src/OrbbecSDK_ROS2-2-main/orbbec_camera_msgs) by extension 'ros'
[0.460s] DEBUG:colcon.colcon_core.package_identification:Package 'src/OrbbecSDK_ROS2-2-main/orbbec_camera_msgs' with type 'ros.ament_cmake' and name 'orbbec_camera_msgs'
[0.460s] Level 1:colcon.colcon_core.package_identification:_identify(src/OrbbecSDK_ROS2-2-main/orbbec_description) by extensions ['ignore', 'ignore_ament_install']
[0.461s] Level 1:colcon.colcon_core.package_identification:_identify(src/OrbbecSDK_ROS2-2-main/orbbec_description) by extension 'ignore'
[0.461s] Level 1:colcon.colcon_core.package_identification:_identify(src/OrbbecSDK_ROS2-2-main/orbbec_description) by extension 'ignore_ament_install'
[0.461s] Level 1:colcon.colcon_core.package_identification:_identify(src/OrbbecSDK_ROS2-2-main/orbbec_description) by extensions ['colcon_pkg']
[0.461s] Level 1:colcon.colcon_core.package_identification:_identify(src/OrbbecSDK_ROS2-2-main/orbbec_description) by extension 'colcon_pkg'
[0.461s] Level 1:colcon.colcon_core.package_identification:_identify(src/OrbbecSDK_ROS2-2-main/orbbec_description) by extensions ['colcon_meta']
[0.461s] Level 1:colcon.colcon_core.package_identification:_identify(src/OrbbecSDK_ROS2-2-main/orbbec_description) by extension 'colcon_meta'
[0.461s] Level 1:colcon.colcon_core.package_identification:_identify(src/OrbbecSDK_ROS2-2-main/orbbec_description) by extensions ['ros']
[0.461s] Level 1:colcon.colcon_core.package_identification:_identify(src/OrbbecSDK_ROS2-2-main/orbbec_description) by extension 'ros'
[0.461s] DEBUG:colcon.colcon_core.package_identification:Package 'src/OrbbecSDK_ROS2-2-main/orbbec_description' with type 'ros.ament_cmake' and name 'orbbec_description'
[0.462s] Level 1:colcon.colcon_core.package_identification:_identify(src/yolo_cpp) by extensions ['ignore', 'ignore_ament_install']
[0.462s] Level 1:colcon.colcon_core.package_identification:_identify(src/yolo_cpp) by extension 'ignore'
[0.462s] Level 1:colcon.colcon_core.package_identification:_identify(src/yolo_cpp) by extension 'ignore_ament_install'
[0.462s] Level 1:colcon.colcon_core.package_identification:_identify(src/yolo_cpp) by extensions ['colcon_pkg']
[0.462s] Level 1:colcon.colcon_core.package_identification:_identify(src/yolo_cpp) by extension 'colcon_pkg'
[0.462s] Level 1:colcon.colcon_core.package_identification:_identify(src/yolo_cpp) by extensions ['colcon_meta']
[0.462s] Level 1:colcon.colcon_core.package_identification:_identify(src/yolo_cpp) by extension 'colcon_meta'
[0.462s] Level 1:colcon.colcon_core.package_identification:_identify(src/yolo_cpp) by extensions ['ros']
[0.462s] Level 1:colcon.colcon_core.package_identification:_identify(src/yolo_cpp) by extension 'ros'
[0.463s] DEBUG:colcon.colcon_core.package_identification:Package 'src/yolo_cpp' with type 'ros.ament_cmake' and name 'yolo_cpp'
[0.463s] Level 1:colcon.colcon_core.package_discovery:discover_packages(recursive) using defaults
[0.463s] Level 1:colcon.colcon_core.package_discovery:discover_packages(ignore) discover
[0.463s] Level 1:colcon.colcon_core.package_discovery:discover_packages(ignore) using defaults
[0.463s] Level 1:colcon.colcon_core.package_discovery:discover_packages(path) discover
[0.463s] Level 1:colcon.colcon_core.package_discovery:discover_packages(path) using defaults
[0.491s] Level 1:colcon.colcon_core.package_discovery:discover_packages(prefix_path) check parameters
[0.491s] Level 1:colcon.colcon_core.package_discovery:discover_packages(prefix_path) discover
[0.501s] DEBUG:colcon.colcon_installed_package_information.package_discovery:Found 365 installed packages in /opt/ros/humble
[0.502s] Level 1:colcon.colcon_core.package_discovery:discover_packages(prefix_path) using defaults
[0.577s] Level 5:colcon.colcon_core.verb:set package 'orbbec_camera_msgs' build argument 'cmake_args' from command line to 'None'
[0.577s] Level 5:colcon.colcon_core.verb:set package 'orbbec_camera_msgs' build argument 'cmake_target' from command line to 'None'
[0.577s] Level 5:colcon.colcon_core.verb:set package 'orbbec_camera_msgs' build argument 'cmake_target_skip_unavailable' from command line to 'False'
[0.577s] Level 5:colcon.colcon_core.verb:set package 'orbbec_camera_msgs' build argument 'cmake_clean_cache' from command line to 'False'
[0.577s] Level 5:colcon.colcon_core.verb:set package 'orbbec_camera_msgs' build argument 'cmake_clean_first' from command line to 'False'
[0.577s] Level 5:colcon.colcon_core.verb:set package 'orbbec_camera_msgs' build argument 'cmake_force_configure' from command line to 'False'
[0.577s] Level 5:colcon.colcon_core.verb:set package 'orbbec_camera_msgs' build argument 'ament_cmake_args' from command line to 'None'
[0.577s] Level 5:colcon.colcon_core.verb:set package 'orbbec_camera_msgs' build argument 'catkin_cmake_args' from command line to 'None'
[0.577s] Level 5:colcon.colcon_core.verb:set package 'orbbec_camera_msgs' build argument 'catkin_skip_building_tests' from command line to 'False'
[0.577s] DEBUG:colcon.colcon_core.verb:Building package 'orbbec_camera_msgs' with the following arguments: {'ament_cmake_args': None, 'build_base': '/home/mia/data/Project_Backup/cylinder_project/build/orbbec_camera_msgs', 'catkin_cmake_args': None, 'catkin_skip_building_tests': False, 'cmake_args': None, 'cmake_clean_cache': False, 'cmake_clean_first': False, 'cmake_force_configure': False, 'cmake_target': None, 'cmake_target_skip_unavailable': False, 'install_base': '/home/mia/data/Project_Backup/cylinder_project/install/orbbec_camera_msgs', 'merge_install': False, 'path': '/home/mia/data/Project_Backup/cylinder_project/src/OrbbecSDK_ROS2-2-main/orbbec_camera_msgs', 'symlink_install': False, 'test_result_base': None}
[0.578s] Level 5:colcon.colcon_core.verb:set package 'orbbec_description' build argument 'cmake_args' from command line to 'None'
[0.578s] Level 5:colcon.colcon_core.verb:set package 'orbbec_description' build argument 'cmake_target' from command line to 'None'
[0.578s] Level 5:colcon.colcon_core.verb:set package 'orbbec_description' build argument 'cmake_target_skip_unavailable' from command line to 'False'
[0.578s] Level 5:colcon.colcon_core.verb:set package 'orbbec_description' build argument 'cmake_clean_cache' from command line to 'False'
[0.578s] Level 5:colcon.colcon_core.verb:set package 'orbbec_description' build argument 'cmake_clean_first' from command line to 'False'
[0.578s] Level 5:colcon.colcon_core.verb:set package 'orbbec_description' build argument 'cmake_force_configure' from command line to 'False'
[0.578s] Level 5:colcon.colcon_core.verb:set package 'orbbec_description' build argument 'ament_cmake_args' from command line to 'None'
[0.578s] Level 5:colcon.colcon_core.verb:set package 'orbbec_description' build argument 'catkin_cmake_args' from command line to 'None'
[0.578s] Level 5:colcon.colcon_core.verb:set package 'orbbec_description' build argument 'catkin_skip_building_tests' from command line to 'False'
[0.578s] DEBUG:colcon.colcon_core.verb:Building package 'orbbec_description' with the following arguments: {'ament_cmake_args': None, 'build_base': '/home/mia/data/Project_Backup/cylinder_project/build/orbbec_description', 'catkin_cmake_args': None, 'catkin_skip_building_tests': False, 'cmake_args': None, 'cmake_clean_cache': False, 'cmake_clean_first': False, 'cmake_force_configure': False, 'cmake_target': None, 'cmake_target_skip_unavailable': False, 'install_base': '/home/mia/data/Project_Backup/cylinder_project/install/orbbec_description', 'merge_install': False, 'path': '/home/mia/data/Project_Backup/cylinder_project/src/OrbbecSDK_ROS2-2-main/orbbec_description', 'symlink_install': False, 'test_result_base': None}
[0.578s] Level 5:colcon.colcon_core.verb:set package 'yolo_cpp' build argument 'cmake_args' from command line to 'None'
[0.578s] Level 5:colcon.colcon_core.verb:set package 'yolo_cpp' build argument 'cmake_target' from command line to 'None'
[0.578s] Level 5:colcon.colcon_core.verb:set package 'yolo_cpp' build argument 'cmake_target_skip_unavailable' from command line to 'False'
[0.578s] Level 5:colcon.colcon_core.verb:set package 'yolo_cpp' build argument 'cmake_clean_cache' from command line to 'False'
[0.578s] Level 5:colcon.colcon_core.verb:set package 'yolo_cpp' build argument 'cmake_clean_first' from command line to 'False'
[0.578s] Level 5:colcon.colcon_core.verb:set package 'yolo_cpp' build argument 'cmake_force_configure' from command line to 'False'
[0.578s] Level 5:colcon.colcon_core.verb:set package 'yolo_cpp' build argument 'ament_cmake_args' from command line to 'None'
[0.578s] Level 5:colcon.colcon_core.verb:set package 'yolo_cpp' build argument 'catkin_cmake_args' from command line to 'None'
[0.578s] Level 5:colcon.colcon_core.verb:set package 'yolo_cpp' build argument 'catkin_skip_building_tests' from command line to 'False'
[0.579s] DEBUG:colcon.colcon_core.verb:Building package 'yolo_cpp' with the following arguments: {'ament_cmake_args': None, 'build_base': '/home/mia/data/Project_Backup/cylinder_project/build/yolo_cpp', 'catkin_cmake_args': None, 'catkin_skip_building_tests': False, 'cmake_args': None, 'cmake_clean_cache': False, 'cmake_clean_first': False, 'cmake_force_configure': False, 'cmake_target': None, 'cmake_target_skip_unavailable': False, 'install_base': '/home/mia/data/Project_Backup/cylinder_project/install/yolo_cpp', 'merge_install': False, 'path': '/home/mia/data/Project_Backup/cylinder_project/src/yolo_cpp', 'symlink_install': False, 'test_result_base': None}
[0.579s] Level 5:colcon.colcon_core.verb:set package 'orbbec_camera' build argument 'cmake_args' from command line to 'None'
[0.579s] Level 5:colcon.colcon_core.verb:set package 'orbbec_camera' build argument 'cmake_target' from command line to 'None'
[0.579s] Level 5:colcon.colcon_core.verb:set package 'orbbec_camera' build argument 'cmake_target_skip_unavailable' from command line to 'False'
[0.579s] Level 5:colcon.colcon_core.verb:set package 'orbbec_camera' build argument 'cmake_clean_cache' from command line to 'False'
[0.579s] Level 5:colcon.colcon_core.verb:set package 'orbbec_camera' build argument 'cmake_clean_first' from command line to 'False'
[0.579s] Level 5:colcon.colcon_core.verb:set package 'orbbec_camera' build argument 'cmake_force_configure' from command line to 'False'
[0.579s] Level 5:colcon.colcon_core.verb:set package 'orbbec_camera' build argument 'ament_cmake_args' from command line to 'None'
[0.579s] Level 5:colcon.colcon_core.verb:set package 'orbbec_camera' build argument 'catkin_cmake_args' from command line to 'None'
[0.579s] Level 5:colcon.colcon_core.verb:set package 'orbbec_camera' build argument 'catkin_skip_building_tests' from command line to 'False'
[0.579s] DEBUG:colcon.colcon_core.verb:Building package 'orbbec_camera' with the following arguments: {'ament_cmake_args': None, 'build_base': '/home/mia/data/Project_Backup/cylinder_project/build/orbbec_camera', 'catkin_cmake_args': None, 'catkin_skip_building_tests': False, 'cmake_args': None, 'cmake_clean_cache': False, 'cmake_clean_first': False, 'cmake_force_configure': False, 'cmake_target': None, 'cmake_target_skip_unavailable': False, 'install_base': '/home/mia/data/Project_Backup/cylinder_project/install/orbbec_camera', 'merge_install': False, 'path': '/home/mia/data/Project_Backup/cylinder_project/src/OrbbecSDK_ROS2-2-main/orbbec_camera', 'symlink_install': False, 'test_result_base': None}
[0.579s] INFO:colcon.colcon_core.executor:Executing jobs using 'parallel' executor
[0.580s] DEBUG:colcon.colcon_parallel_executor.executor.parallel:run_until_complete
[0.580s] INFO:colcon.colcon_ros.task.ament_cmake.build:Building ROS package in '/home/mia/data/Project_Backup/cylinder_project/src/OrbbecSDK_ROS2-2-main/orbbec_camera_msgs' with build type 'ament_cmake'
[0.580s] INFO:colcon.colcon_cmake.task.cmake.build:Building CMake package in '/home/mia/data/Project_Backup/cylinder_project/src/OrbbecSDK_ROS2-2-main/orbbec_camera_msgs'
[0.584s] INFO:colcon.colcon_core.plugin_system:Skipping extension 'colcon_core.shell.bat': Not used on non-Windows systems
[0.584s] INFO:colcon.colcon_core.shell:Skip shell extension 'powershell' for command environment: Not usable outside of PowerShell
[0.584s] DEBUG:colcon.colcon_core.shell:Skip shell extension 'dsv' for command environment
[0.586s] INFO:colcon.colcon_ros.task.ament_cmake.build:Building ROS package in '/home/mia/data/Project_Backup/cylinder_project/src/OrbbecSDK_ROS2-2-main/orbbec_description' with build type 'ament_cmake'
[0.586s] INFO:colcon.colcon_cmake.task.cmake.build:Building CMake package in '/home/mia/data/Project_Backup/cylinder_project/src/OrbbecSDK_ROS2-2-main/orbbec_description'
[0.587s] INFO:colcon.colcon_core.shell:Skip shell extension 'powershell' for command environment: Not usable outside of PowerShell
[0.587s] DEBUG:colcon.colcon_core.shell:Skip shell extension 'dsv' for command environment
[0.589s] INFO:colcon.colcon_ros.task.ament_cmake.build:Building ROS package in '/home/mia/data/Project_Backup/cylinder_project/src/yolo_cpp' with build type 'ament_cmake'
[0.589s] INFO:colcon.colcon_cmake.task.cmake.build:Building CMake package in '/home/mia/data/Project_Backup/cylinder_project/src/yolo_cpp'
[0.589s] INFO:colcon.colcon_core.shell:Skip shell extension 'powershell' for command environment: Not usable outside of PowerShell
[0.589s] DEBUG:colcon.colcon_core.shell:Skip shell extension 'dsv' for command environment
[0.593s] DEBUG:colcon.colcon_core.event_handler.log_command:Invoking command in '/home/mia/data/Project_Backup/cylinder_project/build/orbbec_camera_msgs': CMAKE_PREFIX_PATH=/opt/ros/humble /usr/bin/cmake /home/mia/data/Project_Backup/cylinder_project/src/OrbbecSDK_ROS2-2-main/orbbec_camera_msgs -DCMAKE_INSTALL_PREFIX=/home/mia/data/Project_Backup/cylinder_project/install/orbbec_camera_msgs
[0.596s] DEBUG:colcon.colcon_core.event_handler.log_command:Invoking command in '/home/mia/data/Project_Backup/cylinder_project/build/orbbec_description': CMAKE_PREFIX_PATH=/opt/ros/humble /usr/bin/cmake /home/mia/data/Project_Backup/cylinder_project/src/OrbbecSDK_ROS2-2-main/orbbec_description -DCMAKE_INSTALL_PREFIX=/home/mia/data/Project_Backup/cylinder_project/install/orbbec_description
[0.598s] DEBUG:colcon.colcon_core.event_handler.log_command:Invoking command in '/home/mia/data/Project_Backup/cylinder_project/build/yolo_cpp': CMAKE_PREFIX_PATH=/opt/ros/humble /usr/bin/cmake /home/mia/data/Project_Backup/cylinder_project/src/yolo_cpp -DCMAKE_INSTALL_PREFIX=/home/mia/data/Project_Backup/cylinder_project/install/yolo_cpp
[1.102s] DEBUG:colcon.colcon_core.event_handler.log_command:Invoked command in '/home/mia/data/Project_Backup/cylinder_project/build/orbbec_description' returned '0': CMAKE_PREFIX_PATH=/opt/ros/humble /usr/bin/cmake /home/mia/data/Project_Backup/cylinder_project/src/OrbbecSDK_ROS2-2-main/orbbec_description -DCMAKE_INSTALL_PREFIX=/home/mia/data/Project_Backup/cylinder_project/install/orbbec_description
[1.103s] DEBUG:colcon.colcon_core.event_handler.log_command:Invoking command in '/home/mia/data/Project_Backup/cylinder_project/build/orbbec_description': CMAKE_PREFIX_PATH=/opt/ros/humble /usr/bin/cmake --build /home/mia/data/Project_Backup/cylinder_project/build/orbbec_description -- -j16 -l16
[1.129s] DEBUG:colcon.colcon_core.event_handler.log_command:Invoked command in '/home/mia/data/Project_Backup/cylinder_project/build/orbbec_description' returned '0': CMAKE_PREFIX_PATH=/opt/ros/humble /usr/bin/cmake --build /home/mia/data/Project_Backup/cylinder_project/build/orbbec_description -- -j16 -l16
[1.136s] DEBUG:colcon.colcon_core.event_handler.log_command:Invoking command in '/home/mia/data/Project_Backup/cylinder_project/build/orbbec_description': CMAKE_PREFIX_PATH=/opt/ros/humble /usr/bin/cmake --install /home/mia/data/Project_Backup/cylinder_project/build/orbbec_description
[1.367s] Level 1:colcon.colcon_core.environment:create_environment_scripts_only(orbbec_description)
[1.367s] DEBUG:colcon.colcon_core.event_handler.log_command:Invoked command in '/home/mia/data/Project_Backup/cylinder_project/build/orbbec_description' returned '0': CMAKE_PREFIX_PATH=/opt/ros/humble /usr/bin/cmake --install /home/mia/data/Project_Backup/cylinder_project/build/orbbec_description
[1.372s] Level 1:colcon.colcon_core.environment:checking '/home/mia/data/Project_Backup/cylinder_project/install/orbbec_description' for CMake module files
[1.372s] Level 1:colcon.colcon_core.environment:checking '/home/mia/data/Project_Backup/cylinder_project/install/orbbec_description' for CMake config files
[1.373s] Level 1:colcon.colcon_core.shell:create_environment_hook('orbbec_description', 'cmake_prefix_path')
[1.373s] INFO:colcon.colcon_core.shell:Creating environment hook '/home/mia/data/Project_Backup/cylinder_project/install/orbbec_description/share/orbbec_description/hook/cmake_prefix_path.ps1'
[1.373s] INFO:colcon.colcon_core.shell:Creating environment descriptor '/home/mia/data/Project_Backup/cylinder_project/install/orbbec_description/share/orbbec_description/hook/cmake_prefix_path.dsv'
[1.374s] INFO:colcon.colcon_core.shell:Creating environment hook '/home/mia/data/Project_Backup/cylinder_project/install/orbbec_description/share/orbbec_description/hook/cmake_prefix_path.sh'
[1.375s] Level 1:colcon.colcon_core.environment:checking '/home/mia/data/Project_Backup/cylinder_project/install/orbbec_description/bin'
[1.375s] Level 1:colcon.colcon_core.environment:checking '/home/mia/data/Project_Backup/cylinder_project/install/orbbec_description/lib/pkgconfig/orbbec_description.pc'
[1.375s] Level 1:colcon.colcon_core.environment:checking '/home/mia/data/Project_Backup/cylinder_project/install/orbbec_description/lib/python3.10/site-packages'
[1.375s] Level 1:colcon.colcon_core.environment:checking '/home/mia/data/Project_Backup/cylinder_project/install/orbbec_description/bin'
[1.375s] INFO:colcon.colcon_core.shell:Creating package script '/home/mia/data/Project_Backup/cylinder_project/install/orbbec_description/share/orbbec_description/package.ps1'
[1.376s] INFO:colcon.colcon_core.shell:Creating package descriptor '/home/mia/data/Project_Backup/cylinder_project/install/orbbec_description/share/orbbec_description/package.dsv'
[1.376s] INFO:colcon.colcon_core.shell:Creating package script '/home/mia/data/Project_Backup/cylinder_project/install/orbbec_description/share/orbbec_description/package.sh'
[1.377s] INFO:colcon.colcon_core.shell:Creating package script '/home/mia/data/Project_Backup/cylinder_project/install/orbbec_description/share/orbbec_description/package.bash'
[1.377s] INFO:colcon.colcon_core.shell:Creating package script '/home/mia/data/Project_Backup/cylinder_project/install/orbbec_description/share/orbbec_description/package.zsh'
[1.378s] Level 1:colcon.colcon_core.environment:create_file_with_runtime_dependencies(/home/mia/data/Project_Backup/cylinder_project/install/orbbec_description/share/colcon-core/packages/orbbec_description)
[1.378s] Level 1:colcon.colcon_core.environment:create_environment_scripts_only(orbbec_description)
[1.379s] Level 1:colcon.colcon_core.environment:checking '/home/mia/data/Project_Backup/cylinder_project/install/orbbec_description' for CMake module files
[1.379s] Level 1:colcon.colcon_core.environment:checking '/home/mia/data/Project_Backup/cylinder_project/install/orbbec_description' for CMake config files
[1.379s] Level 1:colcon.colcon_core.shell:create_environment_hook('orbbec_description', 'cmake_prefix_path')
[1.380s] INFO:colcon.colcon_core.shell:Creating environment hook '/home/mia/data/Project_Backup/cylinder_project/install/orbbec_description/share/orbbec_description/hook/cmake_prefix_path.ps1'
[1.380s] INFO:colcon.colcon_core.shell:Creating environment descriptor '/home/mia/data/Project_Backup/cylinder_project/install/orbbec_description/share/orbbec_description/hook/cmake_prefix_path.dsv'
[1.380s] INFO:colcon.colcon_core.shell:Creating environment hook '/home/mia/data/Project_Backup/cylinder_project/install/orbbec_description/share/orbbec_description/hook/cmake_prefix_path.sh'
[1.381s] Level 1:colcon.colcon_core.environment:checking '/home/mia/data/Project_Backup/cylinder_project/install/orbbec_description/bin'
[1.381s] Level 1:colcon.colcon_core.environment:checking '/home/mia/data/Project_Backup/cylinder_project/install/orbbec_description/lib/pkgconfig/orbbec_description.pc'
[1.381s] Level 1:colcon.colcon_core.environment:checking '/home/mia/data/Project_Backup/cylinder_project/install/orbbec_description/lib/python3.10/site-packages'
[1.381s] Level 1:colcon.colcon_core.environment:checking '/home/mia/data/Project_Backup/cylinder_project/install/orbbec_description/bin'
[1.381s] INFO:colcon.colcon_core.shell:Creating package script '/home/mia/data/Project_Backup/cylinder_project/install/orbbec_description/share/orbbec_description/package.ps1'
[1.382s] INFO:colcon.colcon_core.shell:Creating package descriptor '/home/mia/data/Project_Backup/cylinder_project/install/orbbec_description/share/orbbec_description/package.dsv'
[1.382s] INFO:colcon.colcon_core.shell:Creating package script '/home/mia/data/Project_Backup/cylinder_project/install/orbbec_description/share/orbbec_description/package.sh'
[1.383s] INFO:colcon.colcon_core.shell:Creating package script '/home/mia/data/Project_Backup/cylinder_project/install/orbbec_description/share/orbbec_description/package.bash'
[1.383s] INFO:colcon.colcon_core.shell:Creating package script '/home/mia/data/Project_Backup/cylinder_project/install/orbbec_description/share/orbbec_description/package.zsh'
[1.383s] Level 1:colcon.colcon_core.environment:create_file_with_runtime_dependencies(/home/mia/data/Project_Backup/cylinder_project/install/orbbec_description/share/colcon-core/packages/orbbec_description)
[1.541s] DEBUG:colcon.colcon_core.event_handler.log_command:Invoked command in '/home/mia/data/Project_Backup/cylinder_project/build/yolo_cpp' returned '0': CMAKE_PREFIX_PATH=/opt/ros/humble /usr/bin/cmake /home/mia/data/Project_Backup/cylinder_project/src/yolo_cpp -DCMAKE_INSTALL_PREFIX=/home/mia/data/Project_Backup/cylinder_project/install/yolo_cpp
[1.542s] DEBUG:colcon.colcon_core.event_handler.log_command:Invoking command in '/home/mia/data/Project_Backup/cylinder_project/build/yolo_cpp': CMAKE_PREFIX_PATH=/opt/ros/humble /usr/bin/cmake --build /home/mia/data/Project_Backup/cylinder_project/build/yolo_cpp -- -j16 -l16
[2.398s] DEBUG:colcon.colcon_core.event_handler.log_command:Invoked command in '/home/mia/data/Project_Backup/cylinder_project/build/orbbec_camera_msgs' returned '0': CMAKE_PREFIX_PATH=/opt/ros/humble /usr/bin/cmake /home/mia/data/Project_Backup/cylinder_project/src/OrbbecSDK_ROS2-2-main/orbbec_camera_msgs -DCMAKE_INSTALL_PREFIX=/home/mia/data/Project_Backup/cylinder_project/install/orbbec_camera_msgs
[2.399s] DEBUG:colcon.colcon_core.event_handler.log_command:Invoking command in '/home/mia/data/Project_Backup/cylinder_project/build/orbbec_camera_msgs': CMAKE_PREFIX_PATH=/opt/ros/humble /usr/bin/cmake --build /home/mia/data/Project_Backup/cylinder_project/build/orbbec_camera_msgs -- -j16 -l16
[11.626s] DEBUG:colcon.colcon_core.event_handler.log_command:Invoked command in '/home/mia/data/Project_Backup/cylinder_project/build/yolo_cpp' returned '0': CMAKE_PREFIX_PATH=/opt/ros/humble /usr/bin/cmake --build /home/mia/data/Project_Backup/cylinder_project/build/yolo_cpp -- -j16 -l16
[11.627s] DEBUG:colcon.colcon_core.event_handler.log_command:Invoking command in '/home/mia/data/Project_Backup/cylinder_project/build/yolo_cpp': CMAKE_PREFIX_PATH=/opt/ros/humble /usr/bin/cmake --install /home/mia/data/Project_Backup/cylinder_project/build/yolo_cpp
[11.637s] Level 1:colcon.colcon_core.environment:create_environment_scripts_only(yolo_cpp)
[11.638s] Level 1:colcon.colcon_core.environment:checking '/home/mia/data/Project_Backup/cylinder_project/install/yolo_cpp' for CMake module files
[11.638s] DEBUG:colcon.colcon_core.event_handler.log_command:Invoked command in '/home/mia/data/Project_Backup/cylinder_project/build/yolo_cpp' returned '0': CMAKE_PREFIX_PATH=/opt/ros/humble /usr/bin/cmake --install /home/mia/data/Project_Backup/cylinder_project/build/yolo_cpp
[11.638s] Level 1:colcon.colcon_core.environment:checking '/home/mia/data/Project_Backup/cylinder_project/install/yolo_cpp' for CMake config files
[11.638s] Level 1:colcon.colcon_core.shell:create_environment_hook('yolo_cpp', 'cmake_prefix_path')
[11.639s] INFO:colcon.colcon_core.shell:Creating environment hook '/home/mia/data/Project_Backup/cylinder_project/install/yolo_cpp/share/yolo_cpp/hook/cmake_prefix_path.ps1'
[11.639s] INFO:colcon.colcon_core.shell:Creating environment descriptor '/home/mia/data/Project_Backup/cylinder_project/install/yolo_cpp/share/yolo_cpp/hook/cmake_prefix_path.dsv'
[11.639s] INFO:colcon.colcon_core.shell:Creating environment hook '/home/mia/data/Project_Backup/cylinder_project/install/yolo_cpp/share/yolo_cpp/hook/cmake_prefix_path.sh'
[11.640s] Level 1:colcon.colcon_core.environment:checking '/home/mia/data/Project_Backup/cylinder_project/install/yolo_cpp/lib'
[11.640s] Level 1:colcon.colcon_core.environment:checking '/home/mia/data/Project_Backup/cylinder_project/install/yolo_cpp/bin'
[11.640s] Level 1:colcon.colcon_core.environment:checking '/home/mia/data/Project_Backup/cylinder_project/install/yolo_cpp/lib/pkgconfig/yolo_cpp.pc'
[11.640s] Level 1:colcon.colcon_core.environment:checking '/home/mia/data/Project_Backup/cylinder_project/install/yolo_cpp/lib/python3.10/site-packages'
[11.640s] Level 1:colcon.colcon_core.environment:checking '/home/mia/data/Project_Backup/cylinder_project/install/yolo_cpp/bin'
[11.641s] INFO:colcon.colcon_core.shell:Creating package script '/home/mia/data/Project_Backup/cylinder_project/install/yolo_cpp/share/yolo_cpp/package.ps1'
[11.641s] INFO:colcon.colcon_core.shell:Creating package descriptor '/home/mia/data/Project_Backup/cylinder_project/install/yolo_cpp/share/yolo_cpp/package.dsv'
[11.641s] INFO:colcon.colcon_core.shell:Creating package script '/home/mia/data/Project_Backup/cylinder_project/install/yolo_cpp/share/yolo_cpp/package.sh'
[11.642s] INFO:colcon.colcon_core.shell:Creating package script '/home/mia/data/Project_Backup/cylinder_project/install/yolo_cpp/share/yolo_cpp/package.bash'
[11.642s] INFO:colcon.colcon_core.shell:Creating package script '/home/mia/data/Project_Backup/cylinder_project/install/yolo_cpp/share/yolo_cpp/package.zsh'
[11.642s] Level 1:colcon.colcon_core.environment:create_file_with_runtime_dependencies(/home/mia/data/Project_Backup/cylinder_project/install/yolo_cpp/share/colcon-core/packages/yolo_cpp)
[11.643s] Level 1:colcon.colcon_core.environment:create_environment_scripts_only(yolo_cpp)
[11.643s] Level 1:colcon.colcon_core.environment:checking '/home/mia/data/Project_Backup/cylinder_project/install/yolo_cpp' for CMake module files
[11.643s] Level 1:colcon.colcon_core.environment:checking '/home/mia/data/Project_Backup/cylinder_project/install/yolo_cpp' for CMake config files
[11.643s] Level 1:colcon.colcon_core.shell:create_environment_hook('yolo_cpp', 'cmake_prefix_path')
[11.643s] INFO:colcon.colcon_core.shell:Creating environment hook '/home/mia/data/Project_Backup/cylinder_project/install/yolo_cpp/share/yolo_cpp/hook/cmake_prefix_path.ps1'
[11.644s] INFO:colcon.colcon_core.shell:Creating environment descriptor '/home/mia/data/Project_Backup/cylinder_project/install/yolo_cpp/share/yolo_cpp/hook/cmake_prefix_path.dsv'
[11.644s] INFO:colcon.colcon_core.shell:Creating environment hook '/home/mia/data/Project_Backup/cylinder_project/install/yolo_cpp/share/yolo_cpp/hook/cmake_prefix_path.sh'
[11.644s] Level 1:colcon.colcon_core.environment:checking '/home/mia/data/Project_Backup/cylinder_project/install/yolo_cpp/lib'
[11.644s] Level 1:colcon.colcon_core.environment:checking '/home/mia/data/Project_Backup/cylinder_project/install/yolo_cpp/bin'
[11.644s] Level 1:colcon.colcon_core.environment:checking '/home/mia/data/Project_Backup/cylinder_project/install/yolo_cpp/lib/pkgconfig/yolo_cpp.pc'
[11.645s] Level 1:colcon.colcon_core.environment:checking '/home/mia/data/Project_Backup/cylinder_project/install/yolo_cpp/lib/python3.10/site-packages'
[11.645s] Level 1:colcon.colcon_core.environment:checking '/home/mia/data/Project_Backup/cylinder_project/install/yolo_cpp/bin'
[11.645s] INFO:colcon.colcon_core.shell:Creating package script '/home/mia/data/Project_Backup/cylinder_project/install/yolo_cpp/share/yolo_cpp/package.ps1'
[11.646s] INFO:colcon.colcon_core.shell:Creating package descriptor '/home/mia/data/Project_Backup/cylinder_project/install/yolo_cpp/share/yolo_cpp/package.dsv'
[11.646s] INFO:colcon.colcon_core.shell:Creating package script '/home/mia/data/Project_Backup/cylinder_project/install/yolo_cpp/share/yolo_cpp/package.sh'
[11.646s] INFO:colcon.colcon_core.shell:Creating package script '/home/mia/data/Project_Backup/cylinder_project/install/yolo_cpp/share/yolo_cpp/package.bash'
[11.647s] INFO:colcon.colcon_core.shell:Creating package script '/home/mia/data/Project_Backup/cylinder_project/install/yolo_cpp/share/yolo_cpp/package.zsh'
[11.647s] Level 1:colcon.colcon_core.environment:create_file_with_runtime_dependencies(/home/mia/data/Project_Backup/cylinder_project/install/yolo_cpp/share/colcon-core/packages/yolo_cpp)
[13.508s] DEBUG:colcon.colcon_core.event_handler.log_command:Invoked command in '/home/mia/data/Project_Backup/cylinder_project/build/orbbec_camera_msgs' returned '0': CMAKE_PREFIX_PATH=/opt/ros/humble /usr/bin/cmake --build /home/mia/data/Project_Backup/cylinder_project/build/orbbec_camera_msgs -- -j16 -l16
[13.509s] DEBUG:colcon.colcon_core.event_handler.log_command:Invoking command in '/home/mia/data/Project_Backup/cylinder_project/build/orbbec_camera_msgs': CMAKE_PREFIX_PATH=/opt/ros/humble /usr/bin/cmake --install /home/mia/data/Project_Backup/cylinder_project/build/orbbec_camera_msgs
[13.647s] Level 1:colcon.colcon_core.environment:create_environment_scripts_only(orbbec_camera_msgs)
[13.647s] Level 1:colcon.colcon_core.environment:checking '/home/mia/data/Project_Backup/cylinder_project/install/orbbec_camera_msgs' for CMake module files
[13.648s] DEBUG:colcon.colcon_core.event_handler.log_command:Invoked command in '/home/mia/data/Project_Backup/cylinder_project/build/orbbec_camera_msgs' returned '0': CMAKE_PREFIX_PATH=/opt/ros/humble /usr/bin/cmake --install /home/mia/data/Project_Backup/cylinder_project/build/orbbec_camera_msgs
[13.648s] Level 1:colcon.colcon_core.environment:checking '/home/mia/data/Project_Backup/cylinder_project/install/orbbec_camera_msgs' for CMake config files
[13.648s] Level 1:colcon.colcon_core.shell:create_environment_hook('orbbec_camera_msgs', 'cmake_prefix_path')
[13.648s] INFO:colcon.colcon_core.shell:Creating environment hook '/home/mia/data/Project_Backup/cylinder_project/install/orbbec_camera_msgs/share/orbbec_camera_msgs/hook/cmake_prefix_path.ps1'
[13.649s] INFO:colcon.colcon_core.shell:Creating environment descriptor '/home/mia/data/Project_Backup/cylinder_project/install/orbbec_camera_msgs/share/orbbec_camera_msgs/hook/cmake_prefix_path.dsv'
[13.649s] INFO:colcon.colcon_core.shell:Creating environment hook '/home/mia/data/Project_Backup/cylinder_project/install/orbbec_camera_msgs/share/orbbec_camera_msgs/hook/cmake_prefix_path.sh'
[13.649s] Level 1:colcon.colcon_core.environment:checking '/home/mia/data/Project_Backup/cylinder_project/install/orbbec_camera_msgs/lib'
[13.649s] Level 1:colcon.colcon_core.shell:create_environment_hook('orbbec_camera_msgs', 'ld_library_path_lib')
[13.650s] INFO:colcon.colcon_core.shell:Creating environment hook '/home/mia/data/Project_Backup/cylinder_project/install/orbbec_camera_msgs/share/orbbec_camera_msgs/hook/ld_library_path_lib.ps1'
[13.650s] INFO:colcon.colcon_core.shell:Creating environment descriptor '/home/mia/data/Project_Backup/cylinder_project/install/orbbec_camera_msgs/share/orbbec_camera_msgs/hook/ld_library_path_lib.dsv'
[13.650s] INFO:colcon.colcon_core.shell:Creating environment hook '/home/mia/data/Project_Backup/cylinder_project/install/orbbec_camera_msgs/share/orbbec_camera_msgs/hook/ld_library_path_lib.sh'
[13.650s] Level 1:colcon.colcon_core.environment:checking '/home/mia/data/Project_Backup/cylinder_project/install/orbbec_camera_msgs/bin'
[13.650s] Level 1:colcon.colcon_core.environment:checking '/home/mia/data/Project_Backup/cylinder_project/install/orbbec_camera_msgs/lib/pkgconfig/orbbec_camera_msgs.pc'
[13.651s] Level 1:colcon.colcon_core.environment:checking '/home/mia/data/Project_Backup/cylinder_project/install/orbbec_camera_msgs/lib/python3.10/site-packages'
[13.651s] Level 1:colcon.colcon_core.environment:checking '/home/mia/data/Project_Backup/cylinder_project/install/orbbec_camera_msgs/bin'
[13.651s] INFO:colcon.colcon_core.shell:Creating package script '/home/mia/data/Project_Backup/cylinder_project/install/orbbec_camera_msgs/share/orbbec_camera_msgs/package.ps1'
[13.652s] INFO:colcon.colcon_core.shell:Creating package descriptor '/home/mia/data/Project_Backup/cylinder_project/install/orbbec_camera_msgs/share/orbbec_camera_msgs/package.dsv'
[13.652s] INFO:colcon.colcon_core.shell:Creating package script '/home/mia/data/Project_Backup/cylinder_project/install/orbbec_camera_msgs/share/orbbec_camera_msgs/package.sh'
[13.652s] INFO:colcon.colcon_core.shell:Creating package script '/home/mia/data/Project_Backup/cylinder_project/install/orbbec_camera_msgs/share/orbbec_camera_msgs/package.bash'
[13.652s] INFO:colcon.colcon_core.shell:Creating package script '/home/mia/data/Project_Backup/cylinder_project/install/orbbec_camera_msgs/share/orbbec_camera_msgs/package.zsh'
[13.653s] Level 1:colcon.colcon_core.environment:create_file_with_runtime_dependencies(/home/mia/data/Project_Backup/cylinder_project/install/orbbec_camera_msgs/share/colcon-core/packages/orbbec_camera_msgs)
[13.653s] Level 1:colcon.colcon_core.environment:create_environment_scripts_only(orbbec_camera_msgs)
[13.653s] Level 1:colcon.colcon_core.environment:checking '/home/mia/data/Project_Backup/cylinder_project/install/orbbec_camera_msgs' for CMake module files
[13.654s] Level 1:colcon.colcon_core.environment:checking '/home/mia/data/Project_Backup/cylinder_project/install/orbbec_camera_msgs' for CMake config files
[13.654s] Level 1:colcon.colcon_core.shell:create_environment_hook('orbbec_camera_msgs', 'cmake_prefix_path')
[13.654s] INFO:colcon.colcon_core.shell:Creating environment hook '/home/mia/data/Project_Backup/cylinder_project/install/orbbec_camera_msgs/share/orbbec_camera_msgs/hook/cmake_prefix_path.ps1'
[13.654s] INFO:colcon.colcon_core.shell:Creating environment descriptor '/home/mia/data/Project_Backup/cylinder_project/install/orbbec_camera_msgs/share/orbbec_camera_msgs/hook/cmake_prefix_path.dsv'
[13.655s] INFO:colcon.colcon_core.shell:Creating environment hook '/home/mia/data/Project_Backup/cylinder_project/install/orbbec_camera_msgs/share/orbbec_camera_msgs/hook/cmake_prefix_path.sh'
[13.655s] Level 1:colcon.colcon_core.environment:checking '/home/mia/data/Project_Backup/cylinder_project/install/orbbec_camera_msgs/lib'
[13.655s] Level 1:colcon.colcon_core.shell:create_environment_hook('orbbec_camera_msgs', 'ld_library_path_lib')
[13.655s] INFO:colcon.colcon_core.shell:Creating environment hook '/home/mia/data/Project_Backup/cylinder_project/install/orbbec_camera_msgs/share/orbbec_camera_msgs/hook/ld_library_path_lib.ps1'
[13.656s] INFO:colcon.colcon_core.shell:Creating environment descriptor '/home/mia/data/Project_Backup/cylinder_project/install/orbbec_camera_msgs/share/orbbec_camera_msgs/hook/ld_library_path_lib.dsv'
[13.656s] INFO:colcon.colcon_core.shell:Creating environment hook '/home/mia/data/Project_Backup/cylinder_project/install/orbbec_camera_msgs/share/orbbec_camera_msgs/hook/ld_library_path_lib.sh'
[13.656s] Level 1:colcon.colcon_core.environment:checking '/home/mia/data/Project_Backup/cylinder_project/install/orbbec_camera_msgs/bin'
[13.656s] Level 1:colcon.colcon_core.environment:checking '/home/mia/data/Project_Backup/cylinder_project/install/orbbec_camera_msgs/lib/pkgconfig/orbbec_camera_msgs.pc'
[13.656s] Level 1:colcon.colcon_core.environment:checking '/home/mia/data/Project_Backup/cylinder_project/install/orbbec_camera_msgs/lib/python3.10/site-packages'
[13.657s] Level 1:colcon.colcon_core.environment:checking '/home/mia/data/Project_Backup/cylinder_project/install/orbbec_camera_msgs/bin'
[13.657s] INFO:colcon.colcon_core.shell:Creating package script '/home/mia/data/Project_Backup/cylinder_project/install/orbbec_camera_msgs/share/orbbec_camera_msgs/package.ps1'
[13.657s] INFO:colcon.colcon_core.shell:Creating package descriptor '/home/mia/data/Project_Backup/cylinder_project/install/orbbec_camera_msgs/share/orbbec_camera_msgs/package.dsv'
[13.658s] INFO:colcon.colcon_core.shell:Creating package script '/home/mia/data/Project_Backup/cylinder_project/install/orbbec_camera_msgs/share/orbbec_camera_msgs/package.sh'
[13.658s] INFO:colcon.colcon_core.shell:Creating package script '/home/mia/data/Project_Backup/cylinder_project/install/orbbec_camera_msgs/share/orbbec_camera_msgs/package.bash'
[13.658s] INFO:colcon.colcon_core.shell:Creating package script '/home/mia/data/Project_Backup/cylinder_project/install/orbbec_camera_msgs/share/orbbec_camera_msgs/package.zsh'
[13.659s] Level 1:colcon.colcon_core.environment:create_file_with_runtime_dependencies(/home/mia/data/Project_Backup/cylinder_project/install/orbbec_camera_msgs/share/colcon-core/packages/orbbec_camera_msgs)
[13.659s] INFO:colcon.colcon_ros.task.ament_cmake.build:Building ROS package in '/home/mia/data/Project_Backup/cylinder_project/src/OrbbecSDK_ROS2-2-main/orbbec_camera' with build type 'ament_cmake'
[13.659s] INFO:colcon.colcon_cmake.task.cmake.build:Building CMake package in '/home/mia/data/Project_Backup/cylinder_project/src/OrbbecSDK_ROS2-2-main/orbbec_camera'
[13.659s] INFO:colcon.colcon_core.shell:Skip shell extension 'powershell' for command environment: Not usable outside of PowerShell
[13.659s] DEBUG:colcon.colcon_core.shell:Skip shell extension 'dsv' for command environment
[13.666s] DEBUG:colcon.colcon_core.event_handler.log_command:Invoking command in '/home/mia/data/Project_Backup/cylinder_project/build/orbbec_camera': AMENT_PREFIX_PATH=/home/mia/data/Project_Backup/cylinder_project/install/orbbec_camera_msgs:${AMENT_PREFIX_PATH} CMAKE_PREFIX_PATH=/home/mia/data/Project_Backup/cylinder_project/install/orbbec_camera_msgs:/opt/ros/humble LD_LIBRARY_PATH=/home/mia/data/Project_Backup/cylinder_project/install/orbbec_camera_msgs/lib:${LD_LIBRARY_PATH} PYTHONPATH=/home/mia/data/Project_Backup/cylinder_project/install/orbbec_camera_msgs/local/lib/python3.10/dist-packages:${PYTHONPATH} /usr/bin/cmake /home/mia/data/Project_Backup/cylinder_project/src/OrbbecSDK_ROS2-2-main/orbbec_camera -DCMAKE_INSTALL_PREFIX=/home/mia/data/Project_Backup/cylinder_project/install/orbbec_camera
[15.213s] DEBUG:colcon.colcon_core.event_handler.log_command:Invoked command in '/home/mia/data/Project_Backup/cylinder_project/build/orbbec_camera' returned '0': AMENT_PREFIX_PATH=/home/mia/data/Project_Backup/cylinder_project/install/orbbec_camera_msgs:${AMENT_PREFIX_PATH} CMAKE_PREFIX_PATH=/home/mia/data/Project_Backup/cylinder_project/install/orbbec_camera_msgs:/opt/ros/humble LD_LIBRARY_PATH=/home/mia/data/Project_Backup/cylinder_project/install/orbbec_camera_msgs/lib:${LD_LIBRARY_PATH} PYTHONPATH=/home/mia/data/Project_Backup/cylinder_project/install/orbbec_camera_msgs/local/lib/python3.10/dist-packages:${PYTHONPATH} /usr/bin/cmake /home/mia/data/Project_Backup/cylinder_project/src/OrbbecSDK_ROS2-2-main/orbbec_camera -DCMAKE_INSTALL_PREFIX=/home/mia/data/Project_Backup/cylinder_project/install/orbbec_camera
[15.215s] DEBUG:colcon.colcon_core.event_handler.log_command:Invoking command in '/home/mia/data/Project_Backup/cylinder_project/build/orbbec_camera': AMENT_PREFIX_PATH=/home/mia/data/Project_Backup/cylinder_project/install/orbbec_camera_msgs:${AMENT_PREFIX_PATH} CMAKE_PREFIX_PATH=/home/mia/data/Project_Backup/cylinder_project/install/orbbec_camera_msgs:/opt/ros/humble LD_LIBRARY_PATH=/home/mia/data/Project_Backup/cylinder_project/install/orbbec_camera_msgs/lib:${LD_LIBRARY_PATH} PYTHONPATH=/home/mia/data/Project_Backup/cylinder_project/install/orbbec_camera_msgs/local/lib/python3.10/dist-packages:${PYTHONPATH} /usr/bin/cmake --build /home/mia/data/Project_Backup/cylinder_project/build/orbbec_camera -- -j16 -l16
[103.686s] DEBUG:colcon.colcon_core.event_handler.log_command:Invoked command in '/home/mia/data/Project_Backup/cylinder_project/build/orbbec_camera' returned '0': AMENT_PREFIX_PATH=/home/mia/data/Project_Backup/cylinder_project/install/orbbec_camera_msgs:${AMENT_PREFIX_PATH} CMAKE_PREFIX_PATH=/home/mia/data/Project_Backup/cylinder_project/install/orbbec_camera_msgs:/opt/ros/humble LD_LIBRARY_PATH=/home/mia/data/Project_Backup/cylinder_project/install/orbbec_camera_msgs/lib:${LD_LIBRARY_PATH} PYTHONPATH=/home/mia/data/Project_Backup/cylinder_project/install/orbbec_camera_msgs/local/lib/python3.10/dist-packages:${PYTHONPATH} /usr/bin/cmake --build /home/mia/data/Project_Backup/cylinder_project/build/orbbec_camera -- -j16 -l16
[103.687s] DEBUG:colcon.colcon_core.event_handler.log_command:Invoking command in '/home/mia/data/Project_Backup/cylinder_project/build/orbbec_camera': AMENT_PREFIX_PATH=/home/mia/data/Project_Backup/cylinder_project/install/orbbec_camera_msgs:${AMENT_PREFIX_PATH} CMAKE_PREFIX_PATH=/home/mia/data/Project_Backup/cylinder_project/install/orbbec_camera_msgs:/opt/ros/humble LD_LIBRARY_PATH=/home/mia/data/Project_Backup/cylinder_project/install/orbbec_camera_msgs/lib:${LD_LIBRARY_PATH} PYTHONPATH=/home/mia/data/Project_Backup/cylinder_project/install/orbbec_camera_msgs/local/lib/python3.10/dist-packages:${PYTHONPATH} /usr/bin/cmake --install /home/mia/data/Project_Backup/cylinder_project/build/orbbec_camera
[103.820s] Level 1:colcon.colcon_core.environment:create_environment_scripts_only(orbbec_camera)
[103.821s] DEBUG:colcon.colcon_core.event_handler.log_command:Invoked command in '/home/mia/data/Project_Backup/cylinder_project/build/orbbec_camera' returned '0': AMENT_PREFIX_PATH=/home/mia/data/Project_Backup/cylinder_project/install/orbbec_camera_msgs:${AMENT_PREFIX_PATH} CMAKE_PREFIX_PATH=/home/mia/data/Project_Backup/cylinder_project/install/orbbec_camera_msgs:/opt/ros/humble LD_LIBRARY_PATH=/home/mia/data/Project_Backup/cylinder_project/install/orbbec_camera_msgs/lib:${LD_LIBRARY_PATH} PYTHONPATH=/home/mia/data/Project_Backup/cylinder_project/install/orbbec_camera_msgs/local/lib/python3.10/dist-packages:${PYTHONPATH} /usr/bin/cmake --install /home/mia/data/Project_Backup/cylinder_project/build/orbbec_camera
[103.821s] Level 1:colcon.colcon_core.environment:checking '/home/mia/data/Project_Backup/cylinder_project/install/orbbec_camera' for CMake module files
[103.821s] Level 1:colcon.colcon_core.environment:checking '/home/mia/data/Project_Backup/cylinder_project/install/orbbec_camera' for CMake config files
[103.822s] Level 1:colcon.colcon_core.shell:create_environment_hook('orbbec_camera', 'cmake_prefix_path')
[103.822s] INFO:colcon.colcon_core.shell:Creating environment hook '/home/mia/data/Project_Backup/cylinder_project/install/orbbec_camera/share/orbbec_camera/hook/cmake_prefix_path.ps1'
[103.822s] INFO:colcon.colcon_core.shell:Creating environment descriptor '/home/mia/data/Project_Backup/cylinder_project/install/orbbec_camera/share/orbbec_camera/hook/cmake_prefix_path.dsv'
[103.822s] INFO:colcon.colcon_core.shell:Creating environment hook '/home/mia/data/Project_Backup/cylinder_project/install/orbbec_camera/share/orbbec_camera/hook/cmake_prefix_path.sh'
[103.823s] Level 1:colcon.colcon_core.environment:checking '/home/mia/data/Project_Backup/cylinder_project/install/orbbec_camera/lib'
[103.823s] Level 1:colcon.colcon_core.shell:create_environment_hook('orbbec_camera', 'ld_library_path_lib')
[103.823s] INFO:colcon.colcon_core.shell:Creating environment hook '/home/mia/data/Project_Backup/cylinder_project/install/orbbec_camera/share/orbbec_camera/hook/ld_library_path_lib.ps1'
[103.823s] INFO:colcon.colcon_core.shell:Creating environment descriptor '/home/mia/data/Project_Backup/cylinder_project/install/orbbec_camera/share/orbbec_camera/hook/ld_library_path_lib.dsv'
[103.824s] INFO:colcon.colcon_core.shell:Creating environment hook '/home/mia/data/Project_Backup/cylinder_project/install/orbbec_camera/share/orbbec_camera/hook/ld_library_path_lib.sh'
[103.824s] Level 1:colcon.colcon_core.environment:checking '/home/mia/data/Project_Backup/cylinder_project/install/orbbec_camera/bin'
[103.824s] Level 1:colcon.colcon_core.environment:checking '/home/mia/data/Project_Backup/cylinder_project/install/orbbec_camera/lib/pkgconfig/orbbec_camera.pc'
[103.824s] Level 1:colcon.colcon_core.environment:checking '/home/mia/data/Project_Backup/cylinder_project/install/orbbec_camera/lib/python3.10/site-packages'
[103.824s] Level 1:colcon.colcon_core.environment:checking '/home/mia/data/Project_Backup/cylinder_project/install/orbbec_camera/bin'
[103.825s] INFO:colcon.colcon_core.shell:Creating package script '/home/mia/data/Project_Backup/cylinder_project/install/orbbec_camera/share/orbbec_camera/package.ps1'
[103.825s] INFO:colcon.colcon_core.shell:Creating package descriptor '/home/mia/data/Project_Backup/cylinder_project/install/orbbec_camera/share/orbbec_camera/package.dsv'
[103.825s] INFO:colcon.colcon_core.shell:Creating package script '/home/mia/data/Project_Backup/cylinder_project/install/orbbec_camera/share/orbbec_camera/package.sh'
[103.826s] INFO:colcon.colcon_core.shell:Creating package script '/home/mia/data/Project_Backup/cylinder_project/install/orbbec_camera/share/orbbec_camera/package.bash'
[103.826s] INFO:colcon.colcon_core.shell:Creating package script '/home/mia/data/Project_Backup/cylinder_project/install/orbbec_camera/share/orbbec_camera/package.zsh'
[103.826s] Level 1:colcon.colcon_core.environment:create_file_with_runtime_dependencies(/home/mia/data/Project_Backup/cylinder_project/install/orbbec_camera/share/colcon-core/packages/orbbec_camera)
[103.827s] Level 1:colcon.colcon_core.environment:create_environment_scripts_only(orbbec_camera)
[103.827s] Level 1:colcon.colcon_core.environment:checking '/home/mia/data/Project_Backup/cylinder_project/install/orbbec_camera' for CMake module files
[103.827s] Level 1:colcon.colcon_core.environment:checking '/home/mia/data/Project_Backup/cylinder_project/install/orbbec_camera' for CMake config files
[103.828s] Level 1:colcon.colcon_core.shell:create_environment_hook('orbbec_camera', 'cmake_prefix_path')
[103.828s] INFO:colcon.colcon_core.shell:Creating environment hook '/home/mia/data/Project_Backup/cylinder_project/install/orbbec_camera/share/orbbec_camera/hook/cmake_prefix_path.ps1'
[103.828s] INFO:colcon.colcon_core.shell:Creating environment descriptor '/home/mia/data/Project_Backup/cylinder_project/install/orbbec_camera/share/orbbec_camera/hook/cmake_prefix_path.dsv'
[103.828s] INFO:colcon.colcon_core.shell:Creating environment hook '/home/mia/data/Project_Backup/cylinder_project/install/orbbec_camera/share/orbbec_camera/hook/cmake_prefix_path.sh'
[103.829s] Level 1:colcon.colcon_core.environment:checking '/home/mia/data/Project_Backup/cylinder_project/install/orbbec_camera/lib'
[103.829s] Level 1:colcon.colcon_core.shell:create_environment_hook('orbbec_camera', 'ld_library_path_lib')
[103.829s] INFO:colcon.colcon_core.shell:Creating environment hook '/home/mia/data/Project_Backup/cylinder_project/install/orbbec_camera/share/orbbec_camera/hook/ld_library_path_lib.ps1'
[103.829s] INFO:colcon.colcon_core.shell:Creating environment descriptor '/home/mia/data/Project_Backup/cylinder_project/install/orbbec_camera/share/orbbec_camera/hook/ld_library_path_lib.dsv'
[103.830s] INFO:colcon.colcon_core.shell:Creating environment hook '/home/mia/data/Project_Backup/cylinder_project/install/orbbec_camera/share/orbbec_camera/hook/ld_library_path_lib.sh'
[103.830s] Level 1:colcon.colcon_core.environment:checking '/home/mia/data/Project_Backup/cylinder_project/install/orbbec_camera/bin'
[103.830s] Level 1:colcon.colcon_core.environment:checking '/home/mia/data/Project_Backup/cylinder_project/install/orbbec_camera/lib/pkgconfig/orbbec_camera.pc'
[103.830s] Level 1:colcon.colcon_core.environment:checking '/home/mia/data/Project_Backup/cylinder_project/install/orbbec_camera/lib/python3.10/site-packages'
[103.830s] Level 1:colcon.colcon_core.environment:checking '/home/mia/data/Project_Backup/cylinder_project/install/orbbec_camera/bin'
[103.831s] INFO:colcon.colcon_core.shell:Creating package script '/home/mia/data/Project_Backup/cylinder_project/install/orbbec_camera/share/orbbec_camera/package.ps1'
[103.831s] INFO:colcon.colcon_core.shell:Creating package descriptor '/home/mia/data/Project_Backup/cylinder_project/install/orbbec_camera/share/orbbec_camera/package.dsv'
[103.831s] INFO:colcon.colcon_core.shell:Creating package script '/home/mia/data/Project_Backup/cylinder_project/install/orbbec_camera/share/orbbec_camera/package.sh'
[103.832s] INFO:colcon.colcon_core.shell:Creating package script '/home/mia/data/Project_Backup/cylinder_project/install/orbbec_camera/share/orbbec_camera/package.bash'
[103.832s] INFO:colcon.colcon_core.shell:Creating package script '/home/mia/data/Project_Backup/cylinder_project/install/orbbec_camera/share/orbbec_camera/package.zsh'
[103.832s] Level 1:colcon.colcon_core.environment:create_file_with_runtime_dependencies(/home/mia/data/Project_Backup/cylinder_project/install/orbbec_camera/share/colcon-core/packages/orbbec_camera)
[103.833s] DEBUG:colcon.colcon_parallel_executor.executor.parallel:closing loop
[103.833s] DEBUG:colcon.colcon_parallel_executor.executor.parallel:loop closed
[103.833s] DEBUG:colcon.colcon_parallel_executor.executor.parallel:run_until_complete finished with '0'
[103.833s] DEBUG:colcon.colcon_core.event_reactor:joining thread
[103.837s] INFO:colcon.colcon_core.plugin_system:Skipping extension 'colcon_notification.desktop_notification.terminal_notifier': Not used on non-Darwin systems
[103.837s] INFO:colcon.colcon_core.plugin_system:Skipping extension 'colcon_notification.desktop_notification.win32': Not used on non-Windows systems
[103.837s] INFO:colcon.colcon_notification.desktop_notification:Sending desktop notification using 'notify2'
[103.838s] DEBUG:colcon.colcon_notification.desktop_notification.notify2:Failed to initialize notify2: org.freedesktop.DBus.Error.ServiceUnknown: The name org.freedesktop.Notifications was not provided by any .service files
[103.838s] DEBUG:colcon.colcon_core.event_reactor:joined thread
[103.838s] INFO:colcon.colcon_core.shell:Creating prefix script '/home/mia/data/Project_Backup/cylinder_project/install/local_setup.ps1'
[103.839s] INFO:colcon.colcon_core.shell:Creating prefix util module '/home/mia/data/Project_Backup/cylinder_project/install/_local_setup_util_ps1.py'
[103.840s] INFO:colcon.colcon_core.shell:Creating prefix chain script '/home/mia/data/Project_Backup/cylinder_project/install/setup.ps1'
[103.841s] INFO:colcon.colcon_core.shell:Creating prefix script '/home/mia/data/Project_Backup/cylinder_project/install/local_setup.sh'
[103.841s] INFO:colcon.colcon_core.shell:Creating prefix util module '/home/mia/data/Project_Backup/cylinder_project/install/_local_setup_util_sh.py'
[103.841s] INFO:colcon.colcon_core.shell:Creating prefix chain script '/home/mia/data/Project_Backup/cylinder_project/install/setup.sh'
[103.842s] INFO:colcon.colcon_core.shell:Creating prefix script '/home/mia/data/Project_Backup/cylinder_project/install/local_setup.bash'
[103.843s] INFO:colcon.colcon_core.shell:Creating prefix chain script '/home/mia/data/Project_Backup/cylinder_project/install/setup.bash'
[103.843s] INFO:colcon.colcon_core.shell:Creating prefix script '/home/mia/data/Project_Backup/cylinder_project/install/local_setup.zsh'
[103.844s] INFO:colcon.colcon_core.shell:Creating prefix chain script '/home/mia/data/Project_Backup/cylinder_project/install/setup.zsh'
