[0.009s] Invoking command in '/home/mia/data/Project_Backup/cylinder_project/build/orbbec_description': CMAKE_PREFIX_PATH=/opt/ros/humble /usr/bin/cmake /home/mia/data/Project_Backup/cylinder_project/src/OrbbecSDK_ROS2-2-main/orbbec_description -DCMAKE_INSTALL_PREFIX=/home/mia/data/Project_Backup/cylinder_project/install/orbbec_description
[0.059s] -- The C compiler identification is GNU 11.4.0
[0.104s] -- The CXX compiler identification is GNU 11.4.0
[0.113s] -- Detecting C compiler ABI info
[0.165s] -- Detecting C compiler ABI info - done
[0.171s] -- Check for working C compiler: /usr/bin/cc - skipped
[0.171s] -- Detecting C compile features
[0.172s] -- Detecting C compile features - done
[0.175s] -- Detecting CXX compiler ABI info
[0.235s] -- Detecting CXX compiler ABI info - done
[0.247s] -- Check for working CXX compiler: /usr/bin/c++ - skipped
[0.248s] -- Detecting CXX compile features
[0.248s] -- Detecting CXX compile features - done
[0.251s] -- Found ament_cmake: 1.3.12 (/opt/ros/humble/share/ament_cmake/cmake)
[0.371s] -- Found Python3: /usr/bin/python3 (found version "3.10.12") found components: Interpreter 
[0.508s] -- Configuring done
[0.510s] -- Generating done
[0.512s] -- Build files have been written to: /home/mia/data/Project_Backup/cylinder_project/build/orbbec_description
[0.515s] Invoked command in '/home/mia/data/Project_Backup/cylinder_project/build/orbbec_description' returned '0': CMAKE_PREFIX_PATH=/opt/ros/humble /usr/bin/cmake /home/mia/data/Project_Backup/cylinder_project/src/OrbbecSDK_ROS2-2-main/orbbec_description -DCMAKE_INSTALL_PREFIX=/home/mia/data/Project_Backup/cylinder_project/install/orbbec_description
[0.516s] Invoking command in '/home/mia/data/Project_Backup/cylinder_project/build/orbbec_description': CMAKE_PREFIX_PATH=/opt/ros/humble /usr/bin/cmake --build /home/mia/data/Project_Backup/cylinder_project/build/orbbec_description -- -j16 -l16
[0.542s] Invoked command in '/home/mia/data/Project_Backup/cylinder_project/build/orbbec_description' returned '0': CMAKE_PREFIX_PATH=/opt/ros/humble /usr/bin/cmake --build /home/mia/data/Project_Backup/cylinder_project/build/orbbec_description -- -j16 -l16
[0.549s] Invoking command in '/home/mia/data/Project_Backup/cylinder_project/build/orbbec_description': CMAKE_PREFIX_PATH=/opt/ros/humble /usr/bin/cmake --install /home/mia/data/Project_Backup/cylinder_project/build/orbbec_description
[0.554s] -- Install configuration: ""
[0.554s] -- Installing: /home/mia/data/Project_Backup/cylinder_project/install/orbbec_description/share/orbbec_description/launch
[0.555s] -- Installing: /home/mia/data/Project_Backup/cylinder_project/install/orbbec_description/share/orbbec_description/launch/view_model.launch.py
[0.555s] -- Installing: /home/mia/data/Project_Backup/cylinder_project/install/orbbec_description/share/orbbec_description/launch/launch_utils.py
[0.555s] -- Installing: /home/mia/data/Project_Backup/cylinder_project/install/orbbec_description/share/orbbec_description/meshes
[0.555s] -- Installing: /home/mia/data/Project_Backup/cylinder_project/install/orbbec_description/share/orbbec_description/meshes/AstraPlus.stl
[0.596s] -- Installing: /home/mia/data/Project_Backup/cylinder_project/install/orbbec_description/share/orbbec_description/meshes/gemini305
[0.597s] -- Installing: /home/mia/data/Project_Backup/cylinder_project/install/orbbec_description/share/orbbec_description/meshes/gemini305/camera_bottom_screw.STL
[0.598s] -- Installing: /home/mia/data/Project_Backup/cylinder_project/install/orbbec_description/share/orbbec_description/meshes/gemini305/camera_rear_screw_L.STL
[0.599s] -- Installing: /home/mia/data/Project_Backup/cylinder_project/install/orbbec_description/share/orbbec_description/meshes/gemini305/RGB_L.STL
[0.600s] -- Installing: /home/mia/data/Project_Backup/cylinder_project/install/orbbec_description/share/orbbec_description/meshes/gemini305/camera_rear_screw_R.STL
[0.601s] -- Installing: /home/mia/data/Project_Backup/cylinder_project/install/orbbec_description/share/orbbec_description/meshes/gemini305/base_link.STL
[0.602s] -- Installing: /home/mia/data/Project_Backup/cylinder_project/install/orbbec_description/share/orbbec_description/meshes/gemini305/USB.STL
[0.603s] -- Installing: /home/mia/data/Project_Backup/cylinder_project/install/orbbec_description/share/orbbec_description/meshes/gemini305/RGB_R.STL
[0.604s] -- Installing: /home/mia/data/Project_Backup/cylinder_project/install/orbbec_description/share/orbbec_description/meshes/gemini2
[0.604s] -- Installing: /home/mia/data/Project_Backup/cylinder_project/install/orbbec_description/share/orbbec_description/meshes/gemini2/camera_infra2_optical_frame.STL
[0.605s] -- Installing: /home/mia/data/Project_Backup/cylinder_project/install/orbbec_description/share/orbbec_description/meshes/gemini2/camera_color_frame.STL
[0.606s] -- Installing: /home/mia/data/Project_Backup/cylinder_project/install/orbbec_description/share/orbbec_description/meshes/gemini2/camera_infra1_optical_frame.STL
[0.608s] -- Installing: /home/mia/data/Project_Backup/cylinder_project/install/orbbec_description/share/orbbec_description/meshes/gemini2/camera_color_optical_frame.STL
[0.609s] -- Installing: /home/mia/data/Project_Backup/cylinder_project/install/orbbec_description/share/orbbec_description/meshes/gemini2/camera_depth_frame.STL
[0.610s] -- Installing: /home/mia/data/Project_Backup/cylinder_project/install/orbbec_description/share/orbbec_description/meshes/gemini2/camera_infra2_frame.STL
[0.611s] -- Installing: /home/mia/data/Project_Backup/cylinder_project/install/orbbec_description/share/orbbec_description/meshes/gemini2/camera_infra1_frame.STL
[0.612s] -- Installing: /home/mia/data/Project_Backup/cylinder_project/install/orbbec_description/share/orbbec_description/meshes/gemini2/base_link.STL
[0.616s] -- Installing: /home/mia/data/Project_Backup/cylinder_project/install/orbbec_description/share/orbbec_description/meshes/gemini2/camera_botter_screw_frame.STL
[0.618s] -- Installing: /home/mia/data/Project_Backup/cylinder_project/install/orbbec_description/share/orbbec_description/meshes/gemini2l
[0.618s] -- Installing: /home/mia/data/Project_Backup/cylinder_project/install/orbbec_description/share/orbbec_description/meshes/gemini2l/camera_IR1_frame.STL
[0.619s] -- Installing: /home/mia/data/Project_Backup/cylinder_project/install/orbbec_description/share/orbbec_description/meshes/gemini2l/camera_imu_frame.STL
[0.619s] -- Installing: /home/mia/data/Project_Backup/cylinder_project/install/orbbec_description/share/orbbec_description/meshes/gemini2l/camera_color_frame.STL
[0.620s] -- Installing: /home/mia/data/Project_Backup/cylinder_project/install/orbbec_description/share/orbbec_description/meshes/gemini2l/camera_IR2_frame.STL
[0.620s] -- Installing: /home/mia/data/Project_Backup/cylinder_project/install/orbbec_description/share/orbbec_description/meshes/gemini2l/camera_bottom_screw_frame.STL
[0.624s] -- Installing: /home/mia/data/Project_Backup/cylinder_project/install/orbbec_description/share/orbbec_description/meshes/gemini2l/camera_depth_frame.STL
[0.625s] -- Installing: /home/mia/data/Project_Backup/cylinder_project/install/orbbec_description/share/orbbec_description/meshes/gemini2l/base_link.STL
[0.626s] -- Installing: /home/mia/data/Project_Backup/cylinder_project/install/orbbec_description/share/orbbec_description/meshes/gemini2l/camera_rgb_optical_frame.STL
[0.626s] -- Installing: /home/mia/data/Project_Backup/cylinder_project/install/orbbec_description/share/orbbec_description/meshes/gemini2l/camera_IR1_optical_frame.STL
[0.628s] -- Installing: /home/mia/data/Project_Backup/cylinder_project/install/orbbec_description/share/orbbec_description/meshes/gemini2l/camera_IR2_optical_frame.STL
[0.628s] -- Installing: /home/mia/data/Project_Backup/cylinder_project/install/orbbec_description/share/orbbec_description/meshes/dabai_dcw2
[0.628s] -- Installing: /home/mia/data/Project_Backup/cylinder_project/install/orbbec_description/share/orbbec_description/meshes/dabai_dcw2/camera_color_frame.STL
[0.629s] -- Installing: /home/mia/data/Project_Backup/cylinder_project/install/orbbec_description/share/orbbec_description/meshes/dabai_dcw2/camera_right_ir_frame.STL
[0.630s] -- Installing: /home/mia/data/Project_Backup/cylinder_project/install/orbbec_description/share/orbbec_description/meshes/dabai_dcw2/camera_bottom_screw_frame.STL
[0.633s] -- Installing: /home/mia/data/Project_Backup/cylinder_project/install/orbbec_description/share/orbbec_description/meshes/dabai_dcw2/camera_depth_frame.STL
[0.633s] -- Installing: /home/mia/data/Project_Backup/cylinder_project/install/orbbec_description/share/orbbec_description/meshes/dabai_dcw2/base_link.STL
[0.635s] -- Installing: /home/mia/data/Project_Backup/cylinder_project/install/orbbec_description/share/orbbec_description/meshes/dabai_dcw2/camera_left_ir_frame.STL
[0.636s] -- Installing: /home/mia/data/Project_Backup/cylinder_project/install/orbbec_description/share/orbbec_description/meshes/dabai_dcw2/camera_usb_frame.STL
[0.637s] -- Installing: /home/mia/data/Project_Backup/cylinder_project/install/orbbec_description/share/orbbec_description/meshes/gemini345
[0.637s] -- Installing: /home/mia/data/Project_Backup/cylinder_project/install/orbbec_description/share/orbbec_description/meshes/gemini345/camera_color_frame.STL
[0.638s] -- Installing: /home/mia/data/Project_Backup/cylinder_project/install/orbbec_description/share/orbbec_description/meshes/gemini345/camera_right_ir_frame.STL
[0.638s] -- Installing: /home/mia/data/Project_Backup/cylinder_project/install/orbbec_description/share/orbbec_description/meshes/gemini345/camera_right_ir_optical_frame.STL
[0.639s] -- Installing: /home/mia/data/Project_Backup/cylinder_project/install/orbbec_description/share/orbbec_description/meshes/gemini345/camera_link.STL
[0.641s] -- Installing: /home/mia/data/Project_Backup/cylinder_project/install/orbbec_description/share/orbbec_description/meshes/gemini345/camera_bottom_screw_frame.STL
[0.643s] -- Installing: /home/mia/data/Project_Backup/cylinder_project/install/orbbec_description/share/orbbec_description/meshes/gemini345/camera_color_optical_frame.STL
[0.643s] -- Installing: /home/mia/data/Project_Backup/cylinder_project/install/orbbec_description/share/orbbec_description/meshes/gemini345/camera_depth_frame.STL
[0.644s] -- Installing: /home/mia/data/Project_Backup/cylinder_project/install/orbbec_description/share/orbbec_description/meshes/gemini345/camera_IMU_frame.STL
[0.644s] -- Installing: /home/mia/data/Project_Backup/cylinder_project/install/orbbec_description/share/orbbec_description/meshes/gemini345/camera_left_ir_frame.STL
[0.645s] -- Installing: /home/mia/data/Project_Backup/cylinder_project/install/orbbec_description/share/orbbec_description/meshes/gemini345/camera_left_ir_optical_frame.STL
[0.645s] -- Installing: /home/mia/data/Project_Backup/cylinder_project/install/orbbec_description/share/orbbec_description/meshes/gemini309_g
[0.646s] -- Installing: /home/mia/data/Project_Backup/cylinder_project/install/orbbec_description/share/orbbec_description/meshes/gemini309_g/camera_bottom_screw.STL
[0.650s] -- Installing: /home/mia/data/Project_Backup/cylinder_project/install/orbbec_description/share/orbbec_description/meshes/gemini309_g/camera_rear_screw_L.STL
[0.652s] -- Installing: /home/mia/data/Project_Backup/cylinder_project/install/orbbec_description/share/orbbec_description/meshes/gemini309_g/RGB_L.STL
[0.653s] -- Installing: /home/mia/data/Project_Backup/cylinder_project/install/orbbec_description/share/orbbec_description/meshes/gemini309_g/FAKRA.STL
[0.655s] -- Installing: /home/mia/data/Project_Backup/cylinder_project/install/orbbec_description/share/orbbec_description/meshes/gemini309_g/camera_rear_screw_R.STL
[0.657s] -- Installing: /home/mia/data/Project_Backup/cylinder_project/install/orbbec_description/share/orbbec_description/meshes/gemini309_g/USB.STL
[0.658s] -- Installing: /home/mia/data/Project_Backup/cylinder_project/install/orbbec_description/share/orbbec_description/meshes/gemini309_g/RGB_R.STL
[0.659s] -- Installing: /home/mia/data/Project_Backup/cylinder_project/install/orbbec_description/share/orbbec_description/meshes/gemini335L_336L
[0.659s] -- Installing: /home/mia/data/Project_Backup/cylinder_project/install/orbbec_description/share/orbbec_description/meshes/gemini335L_336L/camera_infra2_optical_frame.STL
[0.660s] -- Installing: /home/mia/data/Project_Backup/cylinder_project/install/orbbec_description/share/orbbec_description/meshes/gemini335L_336L/camera_color_frame.STL
[0.661s] -- Installing: /home/mia/data/Project_Backup/cylinder_project/install/orbbec_description/share/orbbec_description/meshes/gemini335L_336L/camera_infra1_optical_frame.STL
[0.662s] -- Installing: /home/mia/data/Project_Backup/cylinder_project/install/orbbec_description/share/orbbec_description/meshes/gemini335L_336L/camera_color_screw_frame.STL
[0.665s] -- Installing: /home/mia/data/Project_Backup/cylinder_project/install/orbbec_description/share/orbbec_description/meshes/gemini335L_336L/camera_color_optical_frame.STL
[0.666s] -- Installing: /home/mia/data/Project_Backup/cylinder_project/install/orbbec_description/share/orbbec_description/meshes/gemini335L_336L/camera_depth_frame.STL
[0.667s] -- Installing: /home/mia/data/Project_Backup/cylinder_project/install/orbbec_description/share/orbbec_description/meshes/gemini335L_336L/camera_infra2_frame.STL
[0.668s] -- Installing: /home/mia/data/Project_Backup/cylinder_project/install/orbbec_description/share/orbbec_description/meshes/gemini335L_336L/camera_IMU_frame.STL
[0.668s] -- Installing: /home/mia/data/Project_Backup/cylinder_project/install/orbbec_description/share/orbbec_description/meshes/gemini335L_336L/camera_infra1_frame.STL
[0.669s] -- Installing: /home/mia/data/Project_Backup/cylinder_project/install/orbbec_description/share/orbbec_description/meshes/gemini335L_336L/base_link.STL
[0.677s] -- Installing: /home/mia/data/Project_Backup/cylinder_project/install/orbbec_description/share/orbbec_description/meshes/femto_bolt
[0.677s] -- Installing: /home/mia/data/Project_Backup/cylinder_project/install/orbbec_description/share/orbbec_description/meshes/femto_bolt/femto_bolt.stl
[0.679s] -- Installing: /home/mia/data/Project_Backup/cylinder_project/install/orbbec_description/share/orbbec_description/meshes/astra2
[0.679s] -- Installing: /home/mia/data/Project_Backup/cylinder_project/install/orbbec_description/share/orbbec_description/meshes/astra2/camera_colorl_frame.STL
[0.681s] -- Installing: /home/mia/data/Project_Backup/cylinder_project/install/orbbec_description/share/orbbec_description/meshes/astra2/camera_depth_optical_frame.STL
[0.681s] -- Installing: /home/mia/data/Project_Backup/cylinder_project/install/orbbec_description/share/orbbec_description/meshes/astra2/camera_infra1_optical_frame.STL
[0.682s] -- Installing: /home/mia/data/Project_Backup/cylinder_project/install/orbbec_description/share/orbbec_description/meshes/astra2/camera_bottom_screw_frame.STL
[0.683s] -- Installing: /home/mia/data/Project_Backup/cylinder_project/install/orbbec_description/share/orbbec_description/meshes/astra2/camera_color_optical_frame.STL
[0.684s] -- Installing: /home/mia/data/Project_Backup/cylinder_project/install/orbbec_description/share/orbbec_description/meshes/astra2/camera_depth_frame.STL
[0.685s] -- Installing: /home/mia/data/Project_Backup/cylinder_project/install/orbbec_description/share/orbbec_description/meshes/astra2/camera_infra1_frame.STL
[0.686s] -- Installing: /home/mia/data/Project_Backup/cylinder_project/install/orbbec_description/share/orbbec_description/meshes/astra2/base_link.STL
[0.690s] -- Installing: /home/mia/data/Project_Backup/cylinder_project/install/orbbec_description/share/orbbec_description/meshes/gemini335Le
[0.690s] -- Installing: /home/mia/data/Project_Backup/cylinder_project/install/orbbec_description/share/orbbec_description/meshes/gemini335Le/canera_left_IR_ROS_frame.STL
[0.691s] -- Installing: /home/mia/data/Project_Backup/cylinder_project/install/orbbec_description/share/orbbec_description/meshes/gemini335Le/camera_botton_screw_frame.STL
[0.697s] -- Installing: /home/mia/data/Project_Backup/cylinder_project/install/orbbec_description/share/orbbec_description/meshes/gemini335Le/canera_IMU_ROS_frame.STL
[0.699s] -- Installing: /home/mia/data/Project_Backup/cylinder_project/install/orbbec_description/share/orbbec_description/meshes/gemini335Le/canera_right_IR_ROS_frame.STL
[0.700s] -- Installing: /home/mia/data/Project_Backup/cylinder_project/install/orbbec_description/share/orbbec_description/meshes/gemini335Le/base_Link.STL
[0.705s] -- Installing: /home/mia/data/Project_Backup/cylinder_project/install/orbbec_description/share/orbbec_description/meshes/gemini335Le/canera_RGB_ROS_frame.STL
[0.706s] -- Installing: /home/mia/data/Project_Backup/cylinder_project/install/orbbec_description/share/orbbec_description/meshes/gemini345Lg
[0.706s] -- Installing: /home/mia/data/Project_Backup/cylinder_project/install/orbbec_description/share/orbbec_description/meshes/gemini345Lg/camera_color_frame.STL
[0.706s] -- Installing: /home/mia/data/Project_Backup/cylinder_project/install/orbbec_description/share/orbbec_description/meshes/gemini345Lg/camera_right_ir_frame.STL
[0.707s] -- Installing: /home/mia/data/Project_Backup/cylinder_project/install/orbbec_description/share/orbbec_description/meshes/gemini345Lg/camera_right_ir_optical_frame.STL
[0.707s] -- Installing: /home/mia/data/Project_Backup/cylinder_project/install/orbbec_description/share/orbbec_description/meshes/gemini345Lg/camera_link.STL
[0.710s] -- Installing: /home/mia/data/Project_Backup/cylinder_project/install/orbbec_description/share/orbbec_description/meshes/gemini345Lg/camera_bottom_screw_frame.STL
[0.713s] -- Installing: /home/mia/data/Project_Backup/cylinder_project/install/orbbec_description/share/orbbec_description/meshes/gemini345Lg/camera_color_optical_frame.STL
[0.713s] -- Installing: /home/mia/data/Project_Backup/cylinder_project/install/orbbec_description/share/orbbec_description/meshes/gemini345Lg/camera_depth_frame.STL
[0.714s] -- Installing: /home/mia/data/Project_Backup/cylinder_project/install/orbbec_description/share/orbbec_description/meshes/gemini345Lg/camera_IMU_frame.STL
[0.714s] -- Installing: /home/mia/data/Project_Backup/cylinder_project/install/orbbec_description/share/orbbec_description/meshes/gemini345Lg/camera_left_ir_frame.STL
[0.715s] -- Installing: /home/mia/data/Project_Backup/cylinder_project/install/orbbec_description/share/orbbec_description/meshes/gemini345Lg/camera_left_ir_optical_frame.STL
[0.715s] -- Installing: /home/mia/data/Project_Backup/cylinder_project/install/orbbec_description/share/orbbec_description/meshes/gemini335_336
[0.715s] -- Installing: /home/mia/data/Project_Backup/cylinder_project/install/orbbec_description/share/orbbec_description/meshes/gemini335_336/camera_color_frame.STL
[0.716s] -- Installing: /home/mia/data/Project_Backup/cylinder_project/install/orbbec_description/share/orbbec_description/meshes/gemini335_336/camera_right_ir_frame.STL
[0.717s] -- Installing: /home/mia/data/Project_Backup/cylinder_project/install/orbbec_description/share/orbbec_description/meshes/gemini335_336/camera_depth_optical_frame.STL
[0.718s] -- Installing: /home/mia/data/Project_Backup/cylinder_project/install/orbbec_description/share/orbbec_description/meshes/gemini335_336/camera_right_ir_optical_frame.STL
[0.719s] -- Installing: /home/mia/data/Project_Backup/cylinder_project/install/orbbec_description/share/orbbec_description/meshes/gemini335_336/camera_link.STL
[0.723s] -- Installing: /home/mia/data/Project_Backup/cylinder_project/install/orbbec_description/share/orbbec_description/meshes/gemini335_336/camera_bottom_screw_frame.STL
[0.725s] -- Installing: /home/mia/data/Project_Backup/cylinder_project/install/orbbec_description/share/orbbec_description/meshes/gemini335_336/camera_color_optical_frame.STL
[0.726s] -- Installing: /home/mia/data/Project_Backup/cylinder_project/install/orbbec_description/share/orbbec_description/meshes/gemini335_336/camera_depth_frame.STL
[0.727s] -- Installing: /home/mia/data/Project_Backup/cylinder_project/install/orbbec_description/share/orbbec_description/meshes/gemini335_336/camera_left_ir_frame.STL
[0.728s] -- Installing: /home/mia/data/Project_Backup/cylinder_project/install/orbbec_description/share/orbbec_description/meshes/gemini335_336/camera_left_ir_optical_frame.STL
[0.729s] -- Installing: /home/mia/data/Project_Backup/cylinder_project/install/orbbec_description/share/orbbec_description/meshes/gemini305_g
[0.729s] -- Installing: /home/mia/data/Project_Backup/cylinder_project/install/orbbec_description/share/orbbec_description/meshes/gemini305_g/camera_bottom_screw.STL
[0.732s] -- Installing: /home/mia/data/Project_Backup/cylinder_project/install/orbbec_description/share/orbbec_description/meshes/gemini305_g/camera_rear_screw_L.STL
[0.733s] -- Installing: /home/mia/data/Project_Backup/cylinder_project/install/orbbec_description/share/orbbec_description/meshes/gemini305_g/RGB_L.STL
[0.734s] -- Installing: /home/mia/data/Project_Backup/cylinder_project/install/orbbec_description/share/orbbec_description/meshes/gemini305_g/FAKRA.STL
[0.735s] -- Installing: /home/mia/data/Project_Backup/cylinder_project/install/orbbec_description/share/orbbec_description/meshes/gemini305_g/camera_rear_screw_R.STL
[0.737s] -- Installing: /home/mia/data/Project_Backup/cylinder_project/install/orbbec_description/share/orbbec_description/meshes/gemini305_g/base_link.STL
[0.742s] -- Installing: /home/mia/data/Project_Backup/cylinder_project/install/orbbec_description/share/orbbec_description/meshes/gemini305_g/USB.STL
[0.744s] -- Installing: /home/mia/data/Project_Backup/cylinder_project/install/orbbec_description/share/orbbec_description/meshes/gemini305_g/RGB_R.STL
[0.745s] -- Installing: /home/mia/data/Project_Backup/cylinder_project/install/orbbec_description/share/orbbec_description/meshes/dabai_max_pro
[0.745s] -- Installing: /home/mia/data/Project_Backup/cylinder_project/install/orbbec_description/share/orbbec_description/meshes/dabai_max_pro/camera_color_frame.STL
[0.745s] -- Installing: /home/mia/data/Project_Backup/cylinder_project/install/orbbec_description/share/orbbec_description/meshes/dabai_max_pro/camera_right_ir_frame.STL
[0.746s] -- Installing: /home/mia/data/Project_Backup/cylinder_project/install/orbbec_description/share/orbbec_description/meshes/dabai_max_pro/camera_depth_optical_frame.STL
[0.746s] -- Installing: /home/mia/data/Project_Backup/cylinder_project/install/orbbec_description/share/orbbec_description/meshes/dabai_max_pro/camera_right_ir_optical_frame.STL
[0.747s] -- Installing: /home/mia/data/Project_Backup/cylinder_project/install/orbbec_description/share/orbbec_description/meshes/dabai_max_pro/camera_bottom_screw_frame.STL
[0.749s] -- Installing: /home/mia/data/Project_Backup/cylinder_project/install/orbbec_description/share/orbbec_description/meshes/dabai_max_pro/camera_color_optical_frame.STL
[0.749s] -- Installing: /home/mia/data/Project_Backup/cylinder_project/install/orbbec_description/share/orbbec_description/meshes/dabai_max_pro/camera_depth_frame.STL
[0.750s] -- Installing: /home/mia/data/Project_Backup/cylinder_project/install/orbbec_description/share/orbbec_description/meshes/dabai_max_pro/base_link.STL
[0.752s] -- Installing: /home/mia/data/Project_Backup/cylinder_project/install/orbbec_description/share/orbbec_description/meshes/dabai_max_pro/camera_left_ir_frame.STL
[0.753s] -- Installing: /home/mia/data/Project_Backup/cylinder_project/install/orbbec_description/share/orbbec_description/meshes/dabai_max_pro/camera_left_ir_optical_frame.STL
[0.753s] -- Installing: /home/mia/data/Project_Backup/cylinder_project/install/orbbec_description/share/orbbec_description/meshes/gemini335Lg
[0.753s] -- Installing: /home/mia/data/Project_Backup/cylinder_project/install/orbbec_description/share/orbbec_description/meshes/gemini335Lg/camera_infra2_optical_frame.STL
[0.754s] -- Installing: /home/mia/data/Project_Backup/cylinder_project/install/orbbec_description/share/orbbec_description/meshes/gemini335Lg/camera_color_frame.STL
[0.755s] -- Installing: /home/mia/data/Project_Backup/cylinder_project/install/orbbec_description/share/orbbec_description/meshes/gemini335Lg/camera_infra1_optical_frame.STL
[0.756s] -- Installing: /home/mia/data/Project_Backup/cylinder_project/install/orbbec_description/share/orbbec_description/meshes/gemini335Lg/camera_bottom_screw_frame.STL
[0.759s] -- Installing: /home/mia/data/Project_Backup/cylinder_project/install/orbbec_description/share/orbbec_description/meshes/gemini335Lg/camera_color_optical_frame.STL
[0.760s] -- Installing: /home/mia/data/Project_Backup/cylinder_project/install/orbbec_description/share/orbbec_description/meshes/gemini335Lg/camera_depth_frame.STL
[0.761s] -- Installing: /home/mia/data/Project_Backup/cylinder_project/install/orbbec_description/share/orbbec_description/meshes/gemini335Lg/camera_infra2_frame.STL
[0.762s] -- Installing: /home/mia/data/Project_Backup/cylinder_project/install/orbbec_description/share/orbbec_description/meshes/gemini335Lg/camera_IMU_frame.STL
[0.762s] -- Installing: /home/mia/data/Project_Backup/cylinder_project/install/orbbec_description/share/orbbec_description/meshes/gemini335Lg/camera_infra1_frame.STL
[0.763s] -- Installing: /home/mia/data/Project_Backup/cylinder_project/install/orbbec_description/share/orbbec_description/meshes/gemini335Lg/base_link.STL
[0.770s] -- Installing: /home/mia/data/Project_Backup/cylinder_project/install/orbbec_description/share/orbbec_description/urdf
[0.770s] -- Installing: /home/mia/data/Project_Backup/cylinder_project/install/orbbec_description/share/orbbec_description/urdf/dabai_dcw2.urdf.xacro
[0.770s] -- Installing: /home/mia/data/Project_Backup/cylinder_project/install/orbbec_description/share/orbbec_description/urdf/test_dabai_max_pro.urdf.xacro
[0.770s] -- Installing: /home/mia/data/Project_Backup/cylinder_project/install/orbbec_description/share/orbbec_description/urdf/gemini_335_L_336_L.urdf.xacro
[0.770s] -- Installing: /home/mia/data/Project_Backup/cylinder_project/install/orbbec_description/share/orbbec_description/urdf/gemini_309_g.urdf.xacro
[0.770s] -- Installing: /home/mia/data/Project_Backup/cylinder_project/install/orbbec_description/share/orbbec_description/urdf/gemini_335_Lg.urdf.xacro
[0.771s] -- Installing: /home/mia/data/Project_Backup/cylinder_project/install/orbbec_description/share/orbbec_description/urdf/test_gemini_2.urdf.xacro
[0.771s] -- Installing: /home/mia/data/Project_Backup/cylinder_project/install/orbbec_description/share/orbbec_description/urdf/gemini_305_g.urdf.xacro
[0.771s] -- Installing: /home/mia/data/Project_Backup/cylinder_project/install/orbbec_description/share/orbbec_description/urdf/test_gemini_336.urdf.xacro
[0.771s] -- Installing: /home/mia/data/Project_Backup/cylinder_project/install/orbbec_description/share/orbbec_description/urdf/test_astra_2.urdf.xacro
[0.772s] -- Installing: /home/mia/data/Project_Backup/cylinder_project/install/orbbec_description/share/orbbec_description/urdf/test_gemini_335.urdf.xacro
[0.772s] -- Installing: /home/mia/data/Project_Backup/cylinder_project/install/orbbec_description/share/orbbec_description/urdf/test_gemini_2_L.urdf.xacro
[0.772s] -- Installing: /home/mia/data/Project_Backup/cylinder_project/install/orbbec_description/share/orbbec_description/urdf/gemini_2.urdf.xacro
[0.772s] -- Installing: /home/mia/data/Project_Backup/cylinder_project/install/orbbec_description/share/orbbec_description/urdf/test_dabai_dcw2.urdf.xacro
[0.772s] -- Installing: /home/mia/data/Project_Backup/cylinder_project/install/orbbec_description/share/orbbec_description/urdf/astra_2.urdf.xacro
[0.773s] -- Installing: /home/mia/data/Project_Backup/cylinder_project/install/orbbec_description/share/orbbec_description/urdf/test_gemini_335_L.urdf.xacro
[0.773s] -- Installing: /home/mia/data/Project_Backup/cylinder_project/install/orbbec_description/share/orbbec_description/urdf/test_femto_bolt.urdf.xacro
[0.773s] -- Installing: /home/mia/data/Project_Backup/cylinder_project/install/orbbec_description/share/orbbec_description/urdf/gemini_2_L.urdf.xacro
[0.773s] -- Installing: /home/mia/data/Project_Backup/cylinder_project/install/orbbec_description/share/orbbec_description/urdf/gemini_345.urdf.xacro
[0.773s] -- Installing: /home/mia/data/Project_Backup/cylinder_project/install/orbbec_description/share/orbbec_description/urdf/gemini_305.urdf.xacro
[0.774s] -- Installing: /home/mia/data/Project_Backup/cylinder_project/install/orbbec_description/share/orbbec_description/urdf/dabai_max_pro.urdf.xacro
[0.774s] -- Installing: /home/mia/data/Project_Backup/cylinder_project/install/orbbec_description/share/orbbec_description/urdf/gemini_345_Lg.urdf.xacro
[0.774s] -- Installing: /home/mia/data/Project_Backup/cylinder_project/install/orbbec_description/share/orbbec_description/urdf/femto_bolt.urdf.xacro
[0.774s] -- Installing: /home/mia/data/Project_Backup/cylinder_project/install/orbbec_description/share/orbbec_description/urdf/test_gemini_336_L.urdf.xacro
[0.774s] -- Installing: /home/mia/data/Project_Backup/cylinder_project/install/orbbec_description/share/orbbec_description/urdf/test_gemini_345_Lg.urdf.xacro
[0.775s] -- Installing: /home/mia/data/Project_Backup/cylinder_project/install/orbbec_description/share/orbbec_description/urdf/test_gemini_305.urdf.xacro
[0.775s] -- Installing: /home/mia/data/Project_Backup/cylinder_project/install/orbbec_description/share/orbbec_description/urdf/test_gemini_305_g.urdf.xacro
[0.775s] -- Installing: /home/mia/data/Project_Backup/cylinder_project/install/orbbec_description/share/orbbec_description/urdf/gemini_335_336.urdf.xacro
[0.775s] -- Installing: /home/mia/data/Project_Backup/cylinder_project/install/orbbec_description/share/orbbec_description/urdf/test_gemini_309_g.urdf.xacro
[0.775s] -- Installing: /home/mia/data/Project_Backup/cylinder_project/install/orbbec_description/share/orbbec_description/urdf/test_gemini_335_Le.urdf.xacro
[0.776s] -- Installing: /home/mia/data/Project_Backup/cylinder_project/install/orbbec_description/share/orbbec_description/urdf/test_gemini_335_Lg.urdf.xacro
[0.776s] -- Installing: /home/mia/data/Project_Backup/cylinder_project/install/orbbec_description/share/orbbec_description/urdf/test_gemini_345.urdf.xacro
[0.776s] -- Installing: /home/mia/data/Project_Backup/cylinder_project/install/orbbec_description/share/orbbec_description/urdf/gemini_335_Le.urdf.xacro
[0.776s] -- Installing: /home/mia/data/Project_Backup/cylinder_project/install/orbbec_description/share/orbbec_description/rviz
[0.776s] -- Installing: /home/mia/data/Project_Backup/cylinder_project/install/orbbec_description/share/orbbec_description/rviz/urdf.rviz
[0.777s] -- Installing: /home/mia/data/Project_Backup/cylinder_project/install/orbbec_description/share/ament_index/resource_index/package_run_dependencies/orbbec_description
[0.777s] -- Installing: /home/mia/data/Project_Backup/cylinder_project/install/orbbec_description/share/ament_index/resource_index/parent_prefix_path/orbbec_description
[0.777s] -- Installing: /home/mia/data/Project_Backup/cylinder_project/install/orbbec_description/share/orbbec_description/environment/ament_prefix_path.sh
[0.777s] -- Installing: /home/mia/data/Project_Backup/cylinder_project/install/orbbec_description/share/orbbec_description/environment/ament_prefix_path.dsv
[0.777s] -- Installing: /home/mia/data/Project_Backup/cylinder_project/install/orbbec_description/share/orbbec_description/environment/path.sh
[0.777s] -- Installing: /home/mia/data/Project_Backup/cylinder_project/install/orbbec_description/share/orbbec_description/environment/path.dsv
[0.778s] -- Installing: /home/mia/data/Project_Backup/cylinder_project/install/orbbec_description/share/orbbec_description/local_setup.bash
[0.778s] -- Installing: /home/mia/data/Project_Backup/cylinder_project/install/orbbec_description/share/orbbec_description/local_setup.sh
[0.778s] -- Installing: /home/mia/data/Project_Backup/cylinder_project/install/orbbec_description/share/orbbec_description/local_setup.zsh
[0.778s] -- Installing: /home/mia/data/Project_Backup/cylinder_project/install/orbbec_description/share/orbbec_description/local_setup.dsv
[0.778s] -- Installing: /home/mia/data/Project_Backup/cylinder_project/install/orbbec_description/share/orbbec_description/package.dsv
[0.778s] -- Installing: /home/mia/data/Project_Backup/cylinder_project/install/orbbec_description/share/ament_index/resource_index/packages/orbbec_description
[0.778s] -- Installing: /home/mia/data/Project_Backup/cylinder_project/install/orbbec_description/share/orbbec_description/cmake/orbbec_descriptionConfig.cmake
[0.778s] -- Installing: /home/mia/data/Project_Backup/cylinder_project/install/orbbec_description/share/orbbec_description/cmake/orbbec_descriptionConfig-version.cmake
[0.778s] -- Installing: /home/mia/data/Project_Backup/cylinder_project/install/orbbec_description/share/orbbec_description/package.xml
[0.780s] Invoked command in '/home/mia/data/Project_Backup/cylinder_project/build/orbbec_description' returned '0': CMAKE_PREFIX_PATH=/opt/ros/humble /usr/bin/cmake --install /home/mia/data/Project_Backup/cylinder_project/build/orbbec_description
