-- The C compiler identification is GNU 11.4.0
-- The CXX compiler identification is GNU 11.4.0
-- Detecting C compiler ABI info
-- Detecting C compiler ABI info - done
-- Check for working C compiler: /usr/bin/cc - skipped
-- Detecting C compile features
-- Detecting C compile features - done
-- Detecting CXX compiler ABI info
-- Detecting CXX compiler ABI info - done
-- Check for working CXX compiler: /usr/bin/c++ - skipped
-- Detecting CXX compile features
-- Detecting CXX compile features - done
-- Found ament_cmake: 1.3.12 (/opt/ros/humble/share/ament_cmake/cmake)
-- Found Python3: /usr/bin/python3 (found version "3.10.12") found components: Interpreter 
-- Found rclcpp: 16.0.19 (/opt/ros/humble/share/rclcpp/cmake)
-- Found rosidl_generator_c: 3.1.8 (/opt/ros/humble/share/rosidl_generator_c/cmake)
-- Found rosidl_adapter: 3.1.8 (/opt/ros/humble/share/rosidl_adapter/cmake)
-- Found rosidl_generator_cpp: 3.1.8 (/opt/ros/humble/share/rosidl_generator_cpp/cmake)
-- Using all available rosidl_typesupport_c: rosidl_typesupport_fastrtps_c;rosidl_typesupport_introspection_c
-- Using all available rosidl_typesupport_cpp: rosidl_typesupport_fastrtps_cpp;rosidl_typesupport_introspection_cpp
-- Found rmw_implementation_cmake: 6.1.2 (/opt/ros/humble/share/rmw_implementation_cmake/cmake)
-- Found rmw_cyclonedds_cpp: 1.3.4 (/opt/ros/humble/share/rmw_cyclonedds_cpp/cmake)
-- Using RMW implementation 'rmw_cyclonedds_cpp' as default
-- Looking for pthread.h
-- Looking for pthread.h - found
-- Performing Test CMAKE_HAVE_LIBC_PTHREAD
-- Performing Test CMAKE_HAVE_LIBC_PTHREAD - Success
-- Found Threads: TRUE  
-- Found sensor_msgs: 4.9.1 (/opt/ros/humble/share/sensor_msgs/cmake)
-- Found cv_bridge: 3.2.1 (/opt/ros/humble/share/cv_bridge/cmake)
-- Found OpenCV: /usr (found version "4.5.4") 
-- Found ament_lint_auto: 0.12.14 (/opt/ros/humble/share/ament_lint_auto/cmake)
-- Added test 'cppcheck' to perform static code analysis on C / C++ code
-- Configured cppcheck include dirs: 
-- Configured cppcheck exclude dirs and/or files: 
-- Added test 'lint_cmake' to check CMake code style
-- Added test 'uncrustify' to check C / C++ code style
-- Configured uncrustify additional arguments: 
-- Added test 'xmllint' to check XML markup files
-- Configuring done
-- Generating done
-- Build files have been written to: /home/mia/data/Project_Backup/cylinder_project/build/yolo_cpp
[ 50%] [32mBuilding CXX object CMakeFiles/image_capture_node.dir/src/image_capture_node.cpp.o[0m
[100%] [32m[1mLinking CXX executable image_capture_node[0m
[100%] Built target image_capture_node
-- Install configuration: ""
-- Installing: /home/mia/data/Project_Backup/cylinder_project/install/yolo_cpp/lib/yolo_cpp/image_capture_node
-- Set runtime path of "/home/mia/data/Project_Backup/cylinder_project/install/yolo_cpp/lib/yolo_cpp/image_capture_node" to ""
-- Installing: /home/mia/data/Project_Backup/cylinder_project/install/yolo_cpp/share/ament_index/resource_index/package_run_dependencies/yolo_cpp
-- Installing: /home/mia/data/Project_Backup/cylinder_project/install/yolo_cpp/share/ament_index/resource_index/parent_prefix_path/yolo_cpp
-- Installing: /home/mia/data/Project_Backup/cylinder_project/install/yolo_cpp/share/yolo_cpp/environment/ament_prefix_path.sh
-- Installing: /home/mia/data/Project_Backup/cylinder_project/install/yolo_cpp/share/yolo_cpp/environment/ament_prefix_path.dsv
-- Installing: /home/mia/data/Project_Backup/cylinder_project/install/yolo_cpp/share/yolo_cpp/environment/path.sh
-- Installing: /home/mia/data/Project_Backup/cylinder_project/install/yolo_cpp/share/yolo_cpp/environment/path.dsv
-- Installing: /home/mia/data/Project_Backup/cylinder_project/install/yolo_cpp/share/yolo_cpp/local_setup.bash
-- Installing: /home/mia/data/Project_Backup/cylinder_project/install/yolo_cpp/share/yolo_cpp/local_setup.sh
-- Installing: /home/mia/data/Project_Backup/cylinder_project/install/yolo_cpp/share/yolo_cpp/local_setup.zsh
-- Installing: /home/mia/data/Project_Backup/cylinder_project/install/yolo_cpp/share/yolo_cpp/local_setup.dsv
-- Installing: /home/mia/data/Project_Backup/cylinder_project/install/yolo_cpp/share/yolo_cpp/package.dsv
-- Installing: /home/mia/data/Project_Backup/cylinder_project/install/yolo_cpp/share/ament_index/resource_index/packages/yolo_cpp
-- Installing: /home/mia/data/Project_Backup/cylinder_project/install/yolo_cpp/share/yolo_cpp/cmake/yolo_cppConfig.cmake
-- Installing: /home/mia/data/Project_Backup/cylinder_project/install/yolo_cpp/share/yolo_cpp/cmake/yolo_cppConfig-version.cmake
-- Installing: /home/mia/data/Project_Backup/cylinder_project/install/yolo_cpp/share/yolo_cpp/package.xml
