[0.009s] Invoking command in '/home/mia/data/Project_Backup/cylinder_project/build/yolo_cpp': CMAKE_PREFIX_PATH=/opt/ros/humble /usr/bin/cmake /home/mia/data/Project_Backup/cylinder_project/src/yolo_cpp -DCMAKE_INSTALL_PREFIX=/home/mia/data/Project_Backup/cylinder_project/install/yolo_cpp
[0.057s] -- The C compiler identification is GNU 11.4.0
[0.102s] -- The CXX compiler identification is GNU 11.4.0
[0.110s] -- Detecting C compiler ABI info
[0.163s] -- Detecting C compiler ABI info - done
[0.169s] -- Check for working C compiler: /usr/bin/cc - skipped
[0.169s] -- Detecting C compile features
[0.170s] -- Detecting C compile features - done
[0.172s] -- Detecting CXX compiler ABI info
[0.233s] -- Detecting CXX compiler ABI info - done
[0.245s] -- Check for working CXX compiler: /usr/bin/c++ - skipped
[0.245s] -- Detecting CXX compile features
[0.246s] -- Detecting CXX compile features - done
[0.248s] -- Found ament_cmake: 1.3.12 (/opt/ros/humble/share/ament_cmake/cmake)
[0.370s] -- Found Python3: /usr/bin/python3 (found version "3.10.12") found components: Interpreter 
[0.456s] -- Found rclcpp: 16.0.19 (/opt/ros/humble/share/rclcpp/cmake)
[0.502s] -- Found rosidl_generator_c: 3.1.8 (/opt/ros/humble/share/rosidl_generator_c/cmake)
[0.506s] -- Found rosidl_adapter: 3.1.8 (/opt/ros/humble/share/rosidl_adapter/cmake)
[0.515s] -- Found rosidl_generator_cpp: 3.1.8 (/opt/ros/humble/share/rosidl_generator_cpp/cmake)
[0.527s] -- Using all available rosidl_typesupport_c: rosidl_typesupport_fastrtps_c;rosidl_typesupport_introspection_c
[0.540s] -- Using all available rosidl_typesupport_cpp: rosidl_typesupport_fastrtps_cpp;rosidl_typesupport_introspection_cpp
[0.596s] -- Found rmw_implementation_cmake: 6.1.2 (/opt/ros/humble/share/rmw_implementation_cmake/cmake)
[0.600s] -- Found rmw_cyclonedds_cpp: 1.3.4 (/opt/ros/humble/share/rmw_cyclonedds_cpp/cmake)
[0.630s] -- Using RMW implementation 'rmw_cyclonedds_cpp' as default
[0.641s] -- Looking for pthread.h
[0.705s] -- Looking for pthread.h - found
[0.705s] -- Performing Test CMAKE_HAVE_LIBC_PTHREAD
[0.759s] -- Performing Test CMAKE_HAVE_LIBC_PTHREAD - Success
[0.759s] -- Found Threads: TRUE  
[0.818s] -- Found sensor_msgs: 4.9.1 (/opt/ros/humble/share/sensor_msgs/cmake)
[0.846s] -- Found cv_bridge: 3.2.1 (/opt/ros/humble/share/cv_bridge/cmake)
[0.859s] -- Found OpenCV: /usr (found version "4.5.4") 
[0.861s] -- Found ament_lint_auto: 0.12.14 (/opt/ros/humble/share/ament_lint_auto/cmake)
[0.928s] -- Added test 'cppcheck' to perform static code analysis on C / C++ code
[0.928s] -- Configured cppcheck include dirs: 
[0.928s] -- Configured cppcheck exclude dirs and/or files: 
[0.929s] -- Added test 'lint_cmake' to check CMake code style
[0.930s] -- Added test 'uncrustify' to check C / C++ code style
[0.930s] -- Configured uncrustify additional arguments: 
[0.930s] -- Added test 'xmllint' to check XML markup files
[0.931s] -- Configuring done
[0.942s] -- Generating done
[0.945s] -- Build files have been written to: /home/mia/data/Project_Backup/cylinder_project/build/yolo_cpp
[0.952s] Invoked command in '/home/mia/data/Project_Backup/cylinder_project/build/yolo_cpp' returned '0': CMAKE_PREFIX_PATH=/opt/ros/humble /usr/bin/cmake /home/mia/data/Project_Backup/cylinder_project/src/yolo_cpp -DCMAKE_INSTALL_PREFIX=/home/mia/data/Project_Backup/cylinder_project/install/yolo_cpp
[0.953s] Invoking command in '/home/mia/data/Project_Backup/cylinder_project/build/yolo_cpp': CMAKE_PREFIX_PATH=/opt/ros/humble /usr/bin/cmake --build /home/mia/data/Project_Backup/cylinder_project/build/yolo_cpp -- -j16 -l16
[0.987s] [ 50%] [32mBuilding CXX object CMakeFiles/image_capture_node.dir/src/image_capture_node.cpp.o[0m
[10.429s] [100%] [32m[1mLinking CXX executable image_capture_node[0m
[11.028s] [100%] Built target image_capture_node
[11.037s] Invoked command in '/home/mia/data/Project_Backup/cylinder_project/build/yolo_cpp' returned '0': CMAKE_PREFIX_PATH=/opt/ros/humble /usr/bin/cmake --build /home/mia/data/Project_Backup/cylinder_project/build/yolo_cpp -- -j16 -l16
[11.038s] Invoking command in '/home/mia/data/Project_Backup/cylinder_project/build/yolo_cpp': CMAKE_PREFIX_PATH=/opt/ros/humble /usr/bin/cmake --install /home/mia/data/Project_Backup/cylinder_project/build/yolo_cpp
[11.043s] -- Install configuration: ""
[11.043s] -- Installing: /home/mia/data/Project_Backup/cylinder_project/install/yolo_cpp/lib/yolo_cpp/image_capture_node
[11.046s] -- Set runtime path of "/home/mia/data/Project_Backup/cylinder_project/install/yolo_cpp/lib/yolo_cpp/image_capture_node" to ""
[11.046s] -- Installing: /home/mia/data/Project_Backup/cylinder_project/install/yolo_cpp/share/ament_index/resource_index/package_run_dependencies/yolo_cpp
[11.046s] -- Installing: /home/mia/data/Project_Backup/cylinder_project/install/yolo_cpp/share/ament_index/resource_index/parent_prefix_path/yolo_cpp
[11.046s] -- Installing: /home/mia/data/Project_Backup/cylinder_project/install/yolo_cpp/share/yolo_cpp/environment/ament_prefix_path.sh
[11.046s] -- Installing: /home/mia/data/Project_Backup/cylinder_project/install/yolo_cpp/share/yolo_cpp/environment/ament_prefix_path.dsv
[11.046s] -- Installing: /home/mia/data/Project_Backup/cylinder_project/install/yolo_cpp/share/yolo_cpp/environment/path.sh
[11.046s] -- Installing: /home/mia/data/Project_Backup/cylinder_project/install/yolo_cpp/share/yolo_cpp/environment/path.dsv
[11.046s] -- Installing: /home/mia/data/Project_Backup/cylinder_project/install/yolo_cpp/share/yolo_cpp/local_setup.bash
[11.046s] -- Installing: /home/mia/data/Project_Backup/cylinder_project/install/yolo_cpp/share/yolo_cpp/local_setup.sh
[11.046s] -- Installing: /home/mia/data/Project_Backup/cylinder_project/install/yolo_cpp/share/yolo_cpp/local_setup.zsh
[11.046s] -- Installing: /home/mia/data/Project_Backup/cylinder_project/install/yolo_cpp/share/yolo_cpp/local_setup.dsv
[11.047s] -- Installing: /home/mia/data/Project_Backup/cylinder_project/install/yolo_cpp/share/yolo_cpp/package.dsv
[11.047s] -- Installing: /home/mia/data/Project_Backup/cylinder_project/install/yolo_cpp/share/ament_index/resource_index/packages/yolo_cpp
[11.047s] -- Installing: /home/mia/data/Project_Backup/cylinder_project/install/yolo_cpp/share/yolo_cpp/cmake/yolo_cppConfig.cmake
[11.047s] -- Installing: /home/mia/data/Project_Backup/cylinder_project/install/yolo_cpp/share/yolo_cpp/cmake/yolo_cppConfig-version.cmake
[11.047s] -- Installing: /home/mia/data/Project_Backup/cylinder_project/install/yolo_cpp/share/yolo_cpp/package.xml
[11.049s] Invoked command in '/home/mia/data/Project_Backup/cylinder_project/build/yolo_cpp' returned '0': CMAKE_PREFIX_PATH=/opt/ros/humble /usr/bin/cmake --install /home/mia/data/Project_Backup/cylinder_project/build/yolo_cpp
